LD=3
Using: cuda
Epoch 1/500: train_loss: 0.6417 val_loss 0.6163
Saved at epoch 1.
Epoch 2/500: train_loss: 0.6178 val_loss 0.6022
Saved at epoch 2.
Epoch 3/500: train_loss: 0.6042 val_loss 0.5905
Saved at epoch 3.
Epoch 4/500: train_loss: 0.5895 val_loss 0.5834
Saved at epoch 4.
Epoch 5/500: train_loss: 0.5811 val_loss 0.5779
Saved at epoch 5.
Epoch 6/500: train_loss: 0.5772 val_loss 0.5735
Saved at epoch 6.
Epoch 7/500: train_loss: 0.5690 val_loss 0.5702
Saved at epoch 7.
Epoch 8/500: train_loss: 0.5631 val_loss 0.5648
Saved at epoch 8.
Epoch 9/500: train_loss: 0.5555 val_loss 0.5609
Saved at epoch 9.
Epoch 10/500: train_loss: 0.5521 val_loss 0.5576
Saved at epoch 10.
Epoch 11/500: train_loss: 0.5451 val_loss 0.5532
Saved at epoch 11.
Epoch 12/500: train_loss: 0.5390 val_loss 0.5492
Saved at epoch 12.
Epoch 13/500: train_loss: 0.5384 val_loss 0.5471
Saved at epoch 13.
Epoch 14/500: train_loss: 0.5306 val_loss 0.5492
Epoch 15/500: train_loss: 0.5252 val_loss 0.5391
Saved at epoch 15.
Epoch 16/500: train_loss: 0.5265 val_loss 0.5391
Saved at epoch 16.
Epoch 17/500: train_loss: 0.5217 val_loss 0.5382
Saved at epoch 17.
Epoch 18/500: train_loss: 0.5208 val_loss 0.5361
Saved at epoch 18.
Epoch 19/500: train_loss: 0.5155 val_loss 0.5331
Saved at epoch 19.
Epoch 20/500: train_loss: 0.5143 val_loss 0.5334
Epoch 21/500: train_loss: 0.5122 val_loss 0.5307
Saved at epoch 21.
Epoch 22/500: train_loss: 0.5085 val_loss 0.5270
Saved at epoch 22.
Epoch 23/500: train_loss: 0.5086 val_loss 0.5267
Saved at epoch 23.
Epoch 24/500: train_loss: 0.5092 val_loss 0.5261
Saved at epoch 24.
Epoch 25/500: train_loss: 0.5039 val_loss 0.5232
Saved at epoch 25.
Epoch 26/500: train_loss: 0.5027 val_loss 0.5220
Saved at epoch 26.
Epoch 27/500: train_loss: 0.5016 val_loss 0.5193
Saved at epoch 27.
Epoch 28/500: train_loss: 0.4989 val_loss 0.5180
Saved at epoch 28.
Epoch 29/500: train_loss: 0.5022 val_loss 0.5179
Saved at epoch 29.
Epoch 30/500: train_loss: 0.4978 val_loss 0.5167
Saved at epoch 30.
Epoch 31/500: train_loss: 0.4955 val_loss 0.5142
Saved at epoch 31.
Epoch 32/500: train_loss: 0.4950 val_loss 0.5139
Saved at epoch 32.
Epoch 33/500: train_loss: 0.4976 val_loss 0.5146
Epoch 34/500: train_loss: 0.4928 val_loss 0.5122
Saved at epoch 34.
Epoch 35/500: train_loss: 0.4923 val_loss 0.5114
Saved at epoch 35.
Epoch 36/500: train_loss: 0.4909 val_loss 0.5084
Saved at epoch 36.
Epoch 37/500: train_loss: 0.4863 val_loss 0.5075
Saved at epoch 37.
Epoch 38/500: train_loss: 0.4861 val_loss 0.5089
Epoch 39/500: train_loss: 0.4856 val_loss 0.5063
Saved at epoch 39.
Epoch 40/500: train_loss: 0.4864 val_loss 0.5085
Epoch 41/500: train_loss: 0.4820 val_loss 0.5027
Saved at epoch 41.
Epoch 42/500: train_loss: 0.4839 val_loss 0.5027
Epoch 43/500: train_loss: 0.4838 val_loss 0.5031
Epoch 44/500: train_loss: 0.4796 val_loss 0.4994
Saved at epoch 44.
Epoch 45/500: train_loss: 0.4808 val_loss 0.5007
Epoch 46/500: train_loss: 0.4799 val_loss 0.4980
Saved at epoch 46.
Epoch 47/500: train_loss: 0.4799 val_loss 0.4988
Epoch 48/500: train_loss: 0.4802 val_loss 0.4995
Epoch 49/500: train_loss: 0.4766 val_loss 0.4975
Saved at epoch 49.
Epoch 50/500: train_loss: 0.4744 val_loss 0.4958
Saved at epoch 50.
Epoch 51/500: train_loss: 0.4742 val_loss 0.4987
Epoch 52/500: train_loss: 0.4730 val_loss 0.4940
Saved at epoch 52.
Epoch 53/500: train_loss: 0.4722 val_loss 0.4916
Saved at epoch 53.
Epoch 54/500: train_loss: 0.4762 val_loss 0.4925
Epoch 55/500: train_loss: 0.4756 val_loss 0.4912
Saved at epoch 55.
Epoch 56/500: train_loss: 0.4710 val_loss 0.4919
Epoch 57/500: train_loss: 0.4699 val_loss 0.4906
Saved at epoch 57.
Epoch 58/500: train_loss: 0.4716 val_loss 0.4897
Saved at epoch 58.
Epoch 59/500: train_loss: 0.4668 val_loss 0.4886
Saved at epoch 59.
Epoch 60/500: train_loss: 0.4685 val_loss 0.4876
Saved at epoch 60.
Epoch 61/500: train_loss: 0.4689 val_loss 0.4888
Epoch 62/500: train_loss: 0.4662 val_loss 0.4869
Saved at epoch 62.
Epoch 63/500: train_loss: 0.4655 val_loss 0.4858
Saved at epoch 63.
Epoch 64/500: train_loss: 0.4666 val_loss 0.4859
Epoch 65/500: train_loss: 0.4620 val_loss 0.4848
Saved at epoch 65.
Epoch 66/500: train_loss: 0.4647 val_loss 0.4835
Saved at epoch 66.
Epoch 67/500: train_loss: 0.4639 val_loss 0.4837
Epoch 68/500: train_loss: 0.4620 val_loss 0.4825
Saved at epoch 68.
Epoch 69/500: train_loss: 0.4625 val_loss 0.4828
Epoch 70/500: train_loss: 0.4611 val_loss 0.4830
Epoch 71/500: train_loss: 0.4607 val_loss 0.4822
Saved at epoch 71.
Epoch 72/500: train_loss: 0.4619 val_loss 0.4830
Epoch 73/500: train_loss: 0.4613 val_loss 0.4823
Epoch 74/500: train_loss: 0.4618 val_loss 0.4806
Saved at epoch 74.
Epoch 75/500: train_loss: 0.4585 val_loss 0.4828
Epoch 76/500: train_loss: 0.4599 val_loss 0.4803
Saved at epoch 76.
Epoch 77/500: train_loss: 0.4575 val_loss 0.4790
Saved at epoch 77.
Epoch 78/500: train_loss: 0.4641 val_loss 0.4798
Epoch 79/500: train_loss: 0.4564 val_loss 0.4775
Saved at epoch 79.
Epoch 80/500: train_loss: 0.4583 val_loss 0.4793
Epoch 81/500: train_loss: 0.4578 val_loss 0.4797
Epoch 82/500: train_loss: 0.4571 val_loss 0.4766
Saved at epoch 82.
Epoch 83/500: train_loss: 0.4552 val_loss 0.4768
Epoch 84/500: train_loss: 0.4554 val_loss 0.4778
Epoch 85/500: train_loss: 0.4563 val_loss 0.4761
Saved at epoch 85.
Epoch 86/500: train_loss: 0.4557 val_loss 0.4770
Epoch 87/500: train_loss: 0.4534 val_loss 0.4765
Epoch 88/500: train_loss: 0.4549 val_loss 0.4796
Epoch 89/500: train_loss: 0.4541 val_loss 0.4753
Saved at epoch 89.
Epoch 90/500: train_loss: 0.4568 val_loss 0.4742
Saved at epoch 90.
Epoch 91/500: train_loss: 0.4518 val_loss 0.4772
Epoch 92/500: train_loss: 0.4522 val_loss 0.4776
Epoch 93/500: train_loss: 0.4485 val_loss 0.4736
Saved at epoch 93.
Epoch 94/500: train_loss: 0.4580 val_loss 0.4736
Epoch 95/500: train_loss: 0.4523 val_loss 0.4750
Epoch 96/500: train_loss: 0.4510 val_loss 0.4736
Epoch 97/500: train_loss: 0.4537 val_loss 0.4747
Epoch 98/500: train_loss: 0.4476 val_loss 0.4725
Saved at epoch 98.
Epoch 99/500: train_loss: 0.4507 val_loss 0.4731
Epoch 100/500: train_loss: 0.4469 val_loss 0.4729
Epoch 101/500: train_loss: 0.4513 val_loss 0.4719
Saved at epoch 101.
Epoch 102/500: train_loss: 0.4492 val_loss 0.4749
Epoch 103/500: train_loss: 0.4489 val_loss 0.4708
Saved at epoch 103.
Epoch 104/500: train_loss: 0.4483 val_loss 0.4711
Epoch 105/500: train_loss: 0.4470 val_loss 0.4710
Epoch 106/500: train_loss: 0.4494 val_loss 0.4710
Epoch 107/500: train_loss: 0.4467 val_loss 0.4706
Saved at epoch 107.
Epoch 108/500: train_loss: 0.4457 val_loss 0.4713
Epoch 109/500: train_loss: 0.4478 val_loss 0.4710
Epoch 110/500: train_loss: 0.4490 val_loss 0.4698
Saved at epoch 110.
Epoch 111/500: train_loss: 0.4498 val_loss 0.4735
Epoch 112/500: train_loss: 0.4536 val_loss 0.4712
Epoch 113/500: train_loss: 0.4467 val_loss 0.4734
Epoch 114/500: train_loss: 0.4480 val_loss 0.4686
Saved at epoch 114.
Epoch 115/500: train_loss: 0.4445 val_loss 0.4732
Epoch 116/500: train_loss: 0.4472 val_loss 0.4696
Epoch 117/500: train_loss: 0.4480 val_loss 0.4688
Epoch 118/500: train_loss: 0.4466 val_loss 0.4698
Epoch 119/500: train_loss: 0.4451 val_loss 0.4660
Saved at epoch 119.
Epoch 120/500: train_loss: 0.4457 val_loss 0.4690
Epoch 121/500: train_loss: 0.4449 val_loss 0.4679
Epoch 122/500: train_loss: 0.4430 val_loss 0.4697
Epoch 123/500: train_loss: 0.4457 val_loss 0.4678
Epoch 124/500: train_loss: 0.4413 val_loss 0.4699
Epoch 125/500: train_loss: 0.4433 val_loss 0.4680
Epoch 126/500: train_loss: 0.4414 val_loss 0.4675
Epoch 127/500: train_loss: 0.4467 val_loss 0.4685
Epoch 128/500: train_loss: 0.4400 val_loss 0.4666
Epoch 129/500: train_loss: 0.4436 val_loss 0.4684
Epoch 130/500: train_loss: 0.4397 val_loss 0.4681
Epoch 131/500: train_loss: 0.4410 val_loss 0.4674
Epoch 132/500: train_loss: 0.4424 val_loss 0.4665
Epoch 133/500: train_loss: 0.4380 val_loss 0.4648
Saved at epoch 133.
Epoch 134/500: train_loss: 0.4395 val_loss 0.4665
Epoch 135/500: train_loss: 0.4403 val_loss 0.4659
Epoch 136/500: train_loss: 0.4419 val_loss 0.4677
Epoch 137/500: train_loss: 0.4417 val_loss 0.4665
Epoch 138/500: train_loss: 0.4468 val_loss 0.4650
Epoch 139/500: train_loss: 0.4437 val_loss 0.4655
Epoch 140/500: train_loss: 0.4394 val_loss 0.4677
Epoch 141/500: train_loss: 0.4370 val_loss 0.4659
Epoch 142/500: train_loss: 0.4404 val_loss 0.4675
Epoch 143/500: train_loss: 0.4377 val_loss 0.4650
Epoch 144/500: train_loss: 0.4397 val_loss 0.4655
Epoch 145/500: train_loss: 0.4407 val_loss 0.4666
Epoch 146/500: train_loss: 0.4419 val_loss 0.4660
Epoch 147/500: train_loss: 0.4407 val_loss 0.4661
Epoch 148/500: train_loss: 0.4444 val_loss 0.4655
Epoch 149/500: train_loss: 0.4341 val_loss 0.4652
Epoch 150/500: train_loss: 0.4379 val_loss 0.4650
Epoch 151/500: train_loss: 0.4354 val_loss 0.4654
Epoch 152/500: train_loss: 0.4358 val_loss 0.4646
Saved at epoch 152.
Epoch 153/500: train_loss: 0.4403 val_loss 0.4661
Epoch 154/500: train_loss: 0.4401 val_loss 0.4684
Epoch 155/500: train_loss: 0.4383 val_loss 0.4629
Saved at epoch 155.
Epoch 156/500: train_loss: 0.4389 val_loss 0.4674
Epoch 157/500: train_loss: 0.4350 val_loss 0.4661
Epoch 158/500: train_loss: 0.4384 val_loss 0.4652
Epoch 159/500: train_loss: 0.4396 val_loss 0.4631
Epoch 160/500: train_loss: 0.4353 val_loss 0.4654
Epoch 161/500: train_loss: 0.4354 val_loss 0.4644
Epoch 162/500: train_loss: 0.4390 val_loss 0.4653
Epoch 163/500: train_loss: 0.4379 val_loss 0.4638
Epoch 164/500: train_loss: 0.4386 val_loss 0.4635
Epoch 165/500: train_loss: 0.4340 val_loss 0.4641
Epoch 166/500: train_loss: 0.4379 val_loss 0.4630
Epoch 167/500: train_loss: 0.4349 val_loss 0.4661
Epoch 168/500: train_loss: 0.4358 val_loss 0.4651
Epoch 169/500: train_loss: 0.4374 val_loss 0.4650
Epoch 170/500: train_loss: 0.4359 val_loss 0.4658
Epoch 171/500: train_loss: 0.4339 val_loss 0.4651
Epoch 172/500: train_loss: 0.4358 val_loss 0.4629
Saved at epoch 172.
Epoch 173/500: train_loss: 0.4377 val_loss 0.4645
Epoch 174/500: train_loss: 0.4376 val_loss 0.4663
Epoch 175/500: train_loss: 0.4335 val_loss 0.4643
Epoch 176/500: train_loss: 0.4346 val_loss 0.4634
Epoch 177/500: train_loss: 0.4337 val_loss 0.4631
Epoch 178/500: train_loss: 0.4350 val_loss 0.4643
Epoch 179/500: train_loss: 0.4308 val_loss 0.4643
Epoch 180/500: train_loss: 0.4350 val_loss 0.4641
Epoch 181/500: train_loss: 0.4350 val_loss 0.4637
Epoch 182/500: train_loss: 0.4337 val_loss 0.4652
Epoch 183/500: train_loss: 0.4345 val_loss 0.4635
Epoch 184/500: train_loss: 0.4311 val_loss 0.4644
Epoch 185/500: train_loss: 0.4350 val_loss 0.4653
Epoch 186/500: train_loss: 0.4325 val_loss 0.4638
Epoch 187/500: train_loss: 0.4350 val_loss 0.4660
Epoch 188/500: train_loss: 0.4336 val_loss 0.4632
Epoch 189/500: train_loss: 0.4356 val_loss 0.4659
Epoch 190/500: train_loss: 0.4325 val_loss 0.4638
Epoch 191/500: train_loss: 0.4311 val_loss 0.4649
Epoch 192/500: train_loss: 0.4342 val_loss 0.4633
Epoch 193/500: train_loss: 0.4343 val_loss 0.4631
Epoch 194/500: train_loss: 0.4378 val_loss 0.4625
Saved at epoch 194.
Epoch 195/500: train_loss: 0.4333 val_loss 0.4633
Epoch 196/500: train_loss: 0.4320 val_loss 0.4652
Epoch 197/500: train_loss: 0.4300 val_loss 0.4634
Epoch 198/500: train_loss: 0.4357 val_loss 0.4645
Epoch 199/500: train_loss: 0.4301 val_loss 0.4636
Epoch 200/500: train_loss: 0.4318 val_loss 0.4648
Epoch 201/500: train_loss: 0.4334 val_loss 0.4633
Epoch 202/500: train_loss: 0.4328 val_loss 0.4624
Saved at epoch 202.
Epoch 203/500: train_loss: 0.4334 val_loss 0.4649
Epoch 204/500: train_loss: 0.4319 val_loss 0.4659
Epoch 205/500: train_loss: 0.4304 val_loss 0.4616
Saved at epoch 205.
Epoch 206/500: train_loss: 0.4276 val_loss 0.4621
Epoch 207/500: train_loss: 0.4322 val_loss 0.4655
Epoch 208/500: train_loss: 0.4295 val_loss 0.4619
Epoch 209/500: train_loss: 0.4304 val_loss 0.4662
Epoch 210/500: train_loss: 0.4313 val_loss 0.4644
Epoch 211/500: train_loss: 0.4289 val_loss 0.4636
Epoch 212/500: train_loss: 0.4292 val_loss 0.4634
Epoch 213/500: train_loss: 0.4279 val_loss 0.4654
Epoch 214/500: train_loss: 0.4317 val_loss 0.4629
Epoch 215/500: train_loss: 0.4301 val_loss 0.4643
Epoch 216/500: train_loss: 0.4278 val_loss 0.4630
Epoch 217/500: train_loss: 0.4286 val_loss 0.4638
Epoch 218/500: train_loss: 0.4320 val_loss 0.4648
Epoch 219/500: train_loss: 0.4273 val_loss 0.4650
Epoch 220/500: train_loss: 0.4292 val_loss 0.4638
Epoch 221/500: train_loss: 0.4264 val_loss 0.4633
Epoch 222/500: train_loss: 0.4252 val_loss 0.4606
Saved at epoch 222.
Epoch 223/500: train_loss: 0.4279 val_loss 0.4635
Epoch 224/500: train_loss: 0.4285 val_loss 0.4633
Epoch 225/500: train_loss: 0.4300 val_loss 0.4655
Epoch 226/500: train_loss: 0.4283 val_loss 0.4631
Epoch 227/500: train_loss: 0.4296 val_loss 0.4625
Epoch 228/500: train_loss: 0.4270 val_loss 0.4642
Epoch 229/500: train_loss: 0.4269 val_loss 0.4612
Epoch 230/500: train_loss: 0.4287 val_loss 0.4636
Epoch 231/500: train_loss: 0.4290 val_loss 0.4629
Epoch 232/500: train_loss: 0.4296 val_loss 0.4644
Epoch 233/500: train_loss: 0.4278 val_loss 0.4622
Epoch 234/500: train_loss: 0.4294 val_loss 0.4628
Epoch 235/500: train_loss: 0.4317 val_loss 0.4609
Epoch 236/500: train_loss: 0.4265 val_loss 0.4647
Epoch 237/500: train_loss: 0.4275 val_loss 0.4626
Epoch 238/500: train_loss: 0.4279 val_loss 0.4628
Epoch 239/500: train_loss: 0.4298 val_loss 0.4631
Epoch 240/500: train_loss: 0.4254 val_loss 0.4640
Epoch 241/500: train_loss: 0.4272 val_loss 0.4644
Epoch 242/500: train_loss: 0.4264 val_loss 0.4621
Epoch 243/500: train_loss: 0.4287 val_loss 0.4638
Epoch 244/500: train_loss: 0.4263 val_loss 0.4630
Epoch 245/500: train_loss: 0.4277 val_loss 0.4628
Epoch 246/500: train_loss: 0.4283 val_loss 0.4640
Epoch 247/500: train_loss: 0.4243 val_loss 0.4632
Epoch 248/500: train_loss: 0.4274 val_loss 0.4619
Epoch 249/500: train_loss: 0.4269 val_loss 0.4636
Epoch 250/500: train_loss: 0.4249 val_loss 0.4631
Epoch 251/500: train_loss: 0.4264 val_loss 0.4625
Epoch 252/500: train_loss: 0.4299 val_loss 0.4659
Epoch 253/500: train_loss: 0.4312 val_loss 0.4647
Epoch 254/500: train_loss: 0.4251 val_loss 0.4651
Epoch 255/500: train_loss: 0.4280 val_loss 0.4622
Epoch 256/500: train_loss: 0.4276 val_loss 0.4641
Epoch 257/500: train_loss: 0.4240 val_loss 0.4629
Epoch 258/500: train_loss: 0.4256 val_loss 0.4646
Epoch 259/500: train_loss: 0.4301 val_loss 0.4640
Epoch 260/500: train_loss: 0.4248 val_loss 0.4626
Epoch 261/500: train_loss: 0.4281 val_loss 0.4670
Epoch 262/500: train_loss: 0.4256 val_loss 0.4621
Epoch 263/500: train_loss: 0.4290 val_loss 0.4649
Epoch 264/500: train_loss: 0.4236 val_loss 0.4648
Epoch 265/500: train_loss: 0.4228 val_loss 0.4652
Epoch 266/500: train_loss: 0.4246 val_loss 0.4625
Epoch 267/500: train_loss: 0.4287 val_loss 0.4633
Epoch 268/500: train_loss: 0.4263 val_loss 0.4637
Epoch 269/500: train_loss: 0.4252 val_loss 0.4656
Epoch 270/500: train_loss: 0.4228 val_loss 0.4647
Epoch 271/500: train_loss: 0.4243 val_loss 0.4626
Epoch 272/500: train_loss: 0.4285 val_loss 0.4651
Early stopping at epoch 272.
Test Accuracy: 78.05%
