LD=5
Using: cuda
Epoch 1/500: train_loss: 0.6949 val_loss 0.6934
Saved at epoch 1.
Epoch 2/500: train_loss: 0.6931 val_loss 0.6931
Saved at epoch 2.
Epoch 3/500: train_loss: 0.6931 val_loss 0.6931
Saved at epoch 3.
Epoch 4/500: train_loss: 0.6930 val_loss 0.6927
Saved at epoch 4.
Epoch 5/500: train_loss: 0.6915 val_loss 0.6888
Saved at epoch 5.
Epoch 6/500: train_loss: 0.6567 val_loss 0.6271
Saved at epoch 6.
Epoch 7/500: train_loss: 0.6027 val_loss 0.5989
Saved at epoch 7.
Epoch 8/500: train_loss: 0.5904 val_loss 0.5915
Saved at epoch 8.
Epoch 9/500: train_loss: 0.5854 val_loss 0.5879
Saved at epoch 9.
Epoch 10/500: train_loss: 0.5825 val_loss 0.5835
Saved at epoch 10.
Epoch 11/500: train_loss: 0.5675 val_loss 0.5640
Saved at epoch 11.
Epoch 12/500: train_loss: 0.5484 val_loss 0.5451
Saved at epoch 12.
Epoch 13/500: train_loss: 0.5307 val_loss 0.5311
Saved at epoch 13.
Epoch 14/500: train_loss: 0.5192 val_loss 0.5215
Saved at epoch 14.
Epoch 15/500: train_loss: 0.5080 val_loss 0.5115
Saved at epoch 15.
Epoch 16/500: train_loss: 0.4966 val_loss 0.5038
Saved at epoch 16.
Epoch 17/500: train_loss: 0.4897 val_loss 0.4958
Saved at epoch 17.
Epoch 18/500: train_loss: 0.4812 val_loss 0.4903
Saved at epoch 18.
Epoch 19/500: train_loss: 0.4793 val_loss 0.4850
Saved at epoch 19.
Epoch 20/500: train_loss: 0.4689 val_loss 0.4790
Saved at epoch 20.
Epoch 21/500: train_loss: 0.4681 val_loss 0.4736
Saved at epoch 21.
Epoch 22/500: train_loss: 0.4644 val_loss 0.4700
Saved at epoch 22.
Epoch 23/500: train_loss: 0.4620 val_loss 0.4664
Saved at epoch 23.
Epoch 24/500: train_loss: 0.4551 val_loss 0.4614
Saved at epoch 24.
Epoch 25/500: train_loss: 0.4526 val_loss 0.4575
Saved at epoch 25.
Epoch 26/500: train_loss: 0.4491 val_loss 0.4541
Saved at epoch 26.
Epoch 27/500: train_loss: 0.4452 val_loss 0.4513
Saved at epoch 27.
Epoch 28/500: train_loss: 0.4462 val_loss 0.4481
Saved at epoch 28.
Epoch 29/500: train_loss: 0.4415 val_loss 0.4457
Saved at epoch 29.
Epoch 30/500: train_loss: 0.4357 val_loss 0.4424
Saved at epoch 30.
Epoch 31/500: train_loss: 0.4347 val_loss 0.4401
Saved at epoch 31.
Epoch 32/500: train_loss: 0.4346 val_loss 0.4368
Saved at epoch 32.
Epoch 33/500: train_loss: 0.4333 val_loss 0.4335
Saved at epoch 33.
Epoch 34/500: train_loss: 0.4331 val_loss 0.4321
Saved at epoch 34.
Epoch 35/500: train_loss: 0.4285 val_loss 0.4302
Saved at epoch 35.
Epoch 36/500: train_loss: 0.4271 val_loss 0.4273
Saved at epoch 36.
Epoch 37/500: train_loss: 0.4241 val_loss 0.4263
Saved at epoch 37.
Epoch 38/500: train_loss: 0.4208 val_loss 0.4252
Saved at epoch 38.
Epoch 39/500: train_loss: 0.4249 val_loss 0.4220
Saved at epoch 39.
Epoch 40/500: train_loss: 0.4213 val_loss 0.4215
Saved at epoch 40.
Epoch 41/500: train_loss: 0.4174 val_loss 0.4186
Saved at epoch 41.
Epoch 42/500: train_loss: 0.4169 val_loss 0.4179
Saved at epoch 42.
Epoch 43/500: train_loss: 0.4169 val_loss 0.4158
Saved at epoch 43.
Epoch 44/500: train_loss: 0.4158 val_loss 0.4139
Saved at epoch 44.
Epoch 45/500: train_loss: 0.4143 val_loss 0.4120
Saved at epoch 45.
Epoch 46/500: train_loss: 0.4175 val_loss 0.4125
Epoch 47/500: train_loss: 0.4089 val_loss 0.4093
Saved at epoch 47.
Epoch 48/500: train_loss: 0.4092 val_loss 0.4084
Saved at epoch 48.
Epoch 49/500: train_loss: 0.4146 val_loss 0.4091
Epoch 50/500: train_loss: 0.4093 val_loss 0.4057
Saved at epoch 50.
Epoch 51/500: train_loss: 0.4084 val_loss 0.4049
Saved at epoch 51.
Epoch 52/500: train_loss: 0.4092 val_loss 0.4041
Saved at epoch 52.
Epoch 53/500: train_loss: 0.4061 val_loss 0.4022
Saved at epoch 53.
Epoch 54/500: train_loss: 0.4076 val_loss 0.4015
Saved at epoch 54.
Epoch 55/500: train_loss: 0.4059 val_loss 0.4006
Saved at epoch 55.
Epoch 56/500: train_loss: 0.4067 val_loss 0.3998
Saved at epoch 56.
Epoch 57/500: train_loss: 0.4021 val_loss 0.3989
Saved at epoch 57.
Epoch 58/500: train_loss: 0.3996 val_loss 0.3986
Saved at epoch 58.
Epoch 59/500: train_loss: 0.3986 val_loss 0.3974
Saved at epoch 59.
Epoch 60/500: train_loss: 0.3975 val_loss 0.3960
Saved at epoch 60.
Epoch 61/500: train_loss: 0.3982 val_loss 0.3954
Saved at epoch 61.
Epoch 62/500: train_loss: 0.3981 val_loss 0.3945
Saved at epoch 62.
Epoch 63/500: train_loss: 0.3990 val_loss 0.3947
Epoch 64/500: train_loss: 0.3964 val_loss 0.3930
Saved at epoch 64.
Epoch 65/500: train_loss: 0.3966 val_loss 0.3924
Saved at epoch 65.
Epoch 66/500: train_loss: 0.3975 val_loss 0.3914
Saved at epoch 66.
Epoch 67/500: train_loss: 0.3940 val_loss 0.3907
Saved at epoch 67.
Epoch 68/500: train_loss: 0.3975 val_loss 0.3907
Epoch 69/500: train_loss: 0.3968 val_loss 0.3909
Epoch 70/500: train_loss: 0.3930 val_loss 0.3891
Saved at epoch 70.
Epoch 71/500: train_loss: 0.3923 val_loss 0.3882
Saved at epoch 71.
Epoch 72/500: train_loss: 0.3911 val_loss 0.3874
Saved at epoch 72.
Epoch 73/500: train_loss: 0.3910 val_loss 0.3869
Saved at epoch 73.
Epoch 74/500: train_loss: 0.3906 val_loss 0.3859
Saved at epoch 74.
Epoch 75/500: train_loss: 0.3956 val_loss 0.3856
Saved at epoch 75.
Epoch 76/500: train_loss: 0.3900 val_loss 0.3849
Saved at epoch 76.
Epoch 77/500: train_loss: 0.3891 val_loss 0.3841
Saved at epoch 77.
Epoch 78/500: train_loss: 0.3875 val_loss 0.3835
Saved at epoch 78.
Epoch 79/500: train_loss: 0.3865 val_loss 0.3832
Saved at epoch 79.
Epoch 80/500: train_loss: 0.3871 val_loss 0.3822
Saved at epoch 80.
Epoch 81/500: train_loss: 0.3831 val_loss 0.3818
Saved at epoch 81.
Epoch 82/500: train_loss: 0.3890 val_loss 0.3813
Saved at epoch 82.
Epoch 83/500: train_loss: 0.3832 val_loss 0.3807
Saved at epoch 83.
Epoch 84/500: train_loss: 0.3818 val_loss 0.3812
Epoch 85/500: train_loss: 0.3820 val_loss 0.3798
Saved at epoch 85.
Epoch 86/500: train_loss: 0.3829 val_loss 0.3790
Saved at epoch 86.
Epoch 87/500: train_loss: 0.3820 val_loss 0.3784
Saved at epoch 87.
Epoch 88/500: train_loss: 0.3856 val_loss 0.3789
Epoch 89/500: train_loss: 0.3829 val_loss 0.3772
Saved at epoch 89.
Epoch 90/500: train_loss: 0.3824 val_loss 0.3788
Epoch 91/500: train_loss: 0.3820 val_loss 0.3768
Saved at epoch 91.
Epoch 92/500: train_loss: 0.3812 val_loss 0.3775
Epoch 93/500: train_loss: 0.3807 val_loss 0.3756
Saved at epoch 93.
Epoch 94/500: train_loss: 0.3785 val_loss 0.3773
Epoch 95/500: train_loss: 0.3760 val_loss 0.3756
Epoch 96/500: train_loss: 0.3761 val_loss 0.3745
Saved at epoch 96.
Epoch 97/500: train_loss: 0.3801 val_loss 0.3746
Epoch 98/500: train_loss: 0.3768 val_loss 0.3753
Epoch 99/500: train_loss: 0.3769 val_loss 0.3741
Saved at epoch 99.
Epoch 100/500: train_loss: 0.3767 val_loss 0.3738
Saved at epoch 100.
Epoch 101/500: train_loss: 0.3765 val_loss 0.3744
Epoch 102/500: train_loss: 0.3731 val_loss 0.3731
Saved at epoch 102.
Epoch 103/500: train_loss: 0.3755 val_loss 0.3735
Epoch 104/500: train_loss: 0.3773 val_loss 0.3725
Saved at epoch 104.
Epoch 105/500: train_loss: 0.3736 val_loss 0.3725
Saved at epoch 105.
Epoch 106/500: train_loss: 0.3735 val_loss 0.3723
Saved at epoch 106.
Epoch 107/500: train_loss: 0.3713 val_loss 0.3720
Saved at epoch 107.
Epoch 108/500: train_loss: 0.3737 val_loss 0.3716
Saved at epoch 108.
Epoch 109/500: train_loss: 0.3761 val_loss 0.3719
Epoch 110/500: train_loss: 0.3728 val_loss 0.3706
Saved at epoch 110.
Epoch 111/500: train_loss: 0.3748 val_loss 0.3724
Epoch 112/500: train_loss: 0.3727 val_loss 0.3710
Epoch 113/500: train_loss: 0.3723 val_loss 0.3703
Saved at epoch 113.
Epoch 114/500: train_loss: 0.3704 val_loss 0.3711
Epoch 115/500: train_loss: 0.3673 val_loss 0.3707
Epoch 116/500: train_loss: 0.3727 val_loss 0.3705
Epoch 117/500: train_loss: 0.3705 val_loss 0.3695
Saved at epoch 117.
Epoch 118/500: train_loss: 0.3684 val_loss 0.3700
Epoch 119/500: train_loss: 0.3671 val_loss 0.3695
Epoch 120/500: train_loss: 0.3684 val_loss 0.3693
Saved at epoch 120.
Epoch 121/500: train_loss: 0.3753 val_loss 0.3682
Saved at epoch 121.
Epoch 122/500: train_loss: 0.3709 val_loss 0.3694
Epoch 123/500: train_loss: 0.3710 val_loss 0.3682
Saved at epoch 123.
Epoch 124/500: train_loss: 0.3697 val_loss 0.3698
Epoch 125/500: train_loss: 0.3711 val_loss 0.3684
Epoch 126/500: train_loss: 0.3670 val_loss 0.3688
Epoch 127/500: train_loss: 0.3713 val_loss 0.3696
Epoch 128/500: train_loss: 0.3663 val_loss 0.3694
Epoch 129/500: train_loss: 0.3670 val_loss 0.3680
Saved at epoch 129.
Epoch 130/500: train_loss: 0.3675 val_loss 0.3691
Epoch 131/500: train_loss: 0.3658 val_loss 0.3674
Saved at epoch 131.
Epoch 132/500: train_loss: 0.3662 val_loss 0.3686
Epoch 133/500: train_loss: 0.3636 val_loss 0.3688
Epoch 134/500: train_loss: 0.3658 val_loss 0.3678
Epoch 135/500: train_loss: 0.3633 val_loss 0.3675
Epoch 136/500: train_loss: 0.3647 val_loss 0.3666
Saved at epoch 136.
Epoch 137/500: train_loss: 0.3637 val_loss 0.3677
Epoch 138/500: train_loss: 0.3652 val_loss 0.3667
Epoch 139/500: train_loss: 0.3634 val_loss 0.3677
Epoch 140/500: train_loss: 0.3640 val_loss 0.3672
Epoch 141/500: train_loss: 0.3628 val_loss 0.3675
Epoch 142/500: train_loss: 0.3643 val_loss 0.3672
Epoch 143/500: train_loss: 0.3627 val_loss 0.3669
Epoch 144/500: train_loss: 0.3628 val_loss 0.3663
Saved at epoch 144.
Epoch 145/500: train_loss: 0.3636 val_loss 0.3666
Epoch 146/500: train_loss: 0.3655 val_loss 0.3664
Epoch 147/500: train_loss: 0.3648 val_loss 0.3717
Epoch 148/500: train_loss: 0.3605 val_loss 0.3662
Saved at epoch 148.
Epoch 149/500: train_loss: 0.3621 val_loss 0.3679
Epoch 150/500: train_loss: 0.3659 val_loss 0.3661
Saved at epoch 150.
Epoch 151/500: train_loss: 0.3668 val_loss 0.3661
Saved at epoch 151.
Epoch 152/500: train_loss: 0.3604 val_loss 0.3675
Epoch 153/500: train_loss: 0.3603 val_loss 0.3662
Epoch 154/500: train_loss: 0.3606 val_loss 0.3669
Epoch 155/500: train_loss: 0.3682 val_loss 0.3658
Saved at epoch 155.
Epoch 156/500: train_loss: 0.3611 val_loss 0.3682
Epoch 157/500: train_loss: 0.3585 val_loss 0.3654
Saved at epoch 157.
Epoch 158/500: train_loss: 0.3603 val_loss 0.3666
Epoch 159/500: train_loss: 0.3597 val_loss 0.3657
Epoch 160/500: train_loss: 0.3602 val_loss 0.3660
Epoch 161/500: train_loss: 0.3576 val_loss 0.3657
Epoch 162/500: train_loss: 0.3597 val_loss 0.3656
Epoch 163/500: train_loss: 0.3573 val_loss 0.3680
Epoch 164/500: train_loss: 0.3631 val_loss 0.3653
Saved at epoch 164.
Epoch 165/500: train_loss: 0.3556 val_loss 0.3668
Epoch 166/500: train_loss: 0.3611 val_loss 0.3653
Saved at epoch 166.
Epoch 167/500: train_loss: 0.3574 val_loss 0.3658
Epoch 168/500: train_loss: 0.3583 val_loss 0.3664
Epoch 169/500: train_loss: 0.3587 val_loss 0.3660
Epoch 170/500: train_loss: 0.3610 val_loss 0.3653
Epoch 171/500: train_loss: 0.3565 val_loss 0.3662
Epoch 172/500: train_loss: 0.3578 val_loss 0.3658
Epoch 173/500: train_loss: 0.3547 val_loss 0.3657
Epoch 174/500: train_loss: 0.3589 val_loss 0.3649
Saved at epoch 174.
Epoch 175/500: train_loss: 0.3594 val_loss 0.3652
Epoch 176/500: train_loss: 0.3588 val_loss 0.3648
Saved at epoch 176.
Epoch 177/500: train_loss: 0.3593 val_loss 0.3655
Epoch 178/500: train_loss: 0.3593 val_loss 0.3647
Saved at epoch 178.
Epoch 179/500: train_loss: 0.3562 val_loss 0.3670
Epoch 180/500: train_loss: 0.3556 val_loss 0.3650
Epoch 181/500: train_loss: 0.3591 val_loss 0.3656
Epoch 182/500: train_loss: 0.3548 val_loss 0.3666
Epoch 183/500: train_loss: 0.3561 val_loss 0.3658
Epoch 184/500: train_loss: 0.3556 val_loss 0.3660
Epoch 185/500: train_loss: 0.3578 val_loss 0.3657
Epoch 186/500: train_loss: 0.3556 val_loss 0.3647
Epoch 187/500: train_loss: 0.3568 val_loss 0.3658
Epoch 188/500: train_loss: 0.3603 val_loss 0.3650
Epoch 189/500: train_loss: 0.3554 val_loss 0.3653
Epoch 190/500: train_loss: 0.3555 val_loss 0.3658
Epoch 191/500: train_loss: 0.3592 val_loss 0.3650
Epoch 192/500: train_loss: 0.3602 val_loss 0.3644
Saved at epoch 192.
Epoch 193/500: train_loss: 0.3542 val_loss 0.3651
Epoch 194/500: train_loss: 0.3510 val_loss 0.3657
Epoch 195/500: train_loss: 0.3527 val_loss 0.3650
Epoch 196/500: train_loss: 0.3560 val_loss 0.3649
Epoch 197/500: train_loss: 0.3578 val_loss 0.3650
Epoch 198/500: train_loss: 0.3553 val_loss 0.3645
Epoch 199/500: train_loss: 0.3530 val_loss 0.3652
Epoch 200/500: train_loss: 0.3559 val_loss 0.3675
Epoch 201/500: train_loss: 0.3571 val_loss 0.3652
Epoch 202/500: train_loss: 0.3532 val_loss 0.3650
Epoch 203/500: train_loss: 0.3555 val_loss 0.3645
Epoch 204/500: train_loss: 0.3569 val_loss 0.3654
Epoch 205/500: train_loss: 0.3528 val_loss 0.3643
Saved at epoch 205.
Epoch 206/500: train_loss: 0.3527 val_loss 0.3651
Epoch 207/500: train_loss: 0.3525 val_loss 0.3652
Epoch 208/500: train_loss: 0.3546 val_loss 0.3644
Epoch 209/500: train_loss: 0.3514 val_loss 0.3647
Epoch 210/500: train_loss: 0.3553 val_loss 0.3653
Epoch 211/500: train_loss: 0.3513 val_loss 0.3688
Epoch 212/500: train_loss: 0.3491 val_loss 0.3644
Epoch 213/500: train_loss: 0.3536 val_loss 0.3646
Epoch 214/500: train_loss: 0.3553 val_loss 0.3641
Saved at epoch 214.
Epoch 215/500: train_loss: 0.3504 val_loss 0.3651
Epoch 216/500: train_loss: 0.3487 val_loss 0.3648
Epoch 217/500: train_loss: 0.3501 val_loss 0.3654
Epoch 218/500: train_loss: 0.3510 val_loss 0.3647
Epoch 219/500: train_loss: 0.3533 val_loss 0.3633
Saved at epoch 219.
Epoch 220/500: train_loss: 0.3509 val_loss 0.3648
Epoch 221/500: train_loss: 0.3527 val_loss 0.3646
Epoch 222/500: train_loss: 0.3531 val_loss 0.3640
Epoch 223/500: train_loss: 0.3491 val_loss 0.3644
Epoch 224/500: train_loss: 0.3490 val_loss 0.3645
Epoch 225/500: train_loss: 0.3485 val_loss 0.3650
Epoch 226/500: train_loss: 0.3471 val_loss 0.3646
Epoch 227/500: train_loss: 0.3496 val_loss 0.3641
Epoch 228/500: train_loss: 0.3563 val_loss 0.3641
Epoch 229/500: train_loss: 0.3497 val_loss 0.3649
Epoch 230/500: train_loss: 0.3530 val_loss 0.3638
Epoch 231/500: train_loss: 0.3509 val_loss 0.3646
Epoch 232/500: train_loss: 0.3527 val_loss 0.3643
Epoch 233/500: train_loss: 0.3490 val_loss 0.3642
Epoch 234/500: train_loss: 0.3481 val_loss 0.3664
Epoch 235/500: train_loss: 0.3480 val_loss 0.3643
Epoch 236/500: train_loss: 0.3518 val_loss 0.3643
Epoch 237/500: train_loss: 0.3510 val_loss 0.3642
Epoch 238/500: train_loss: 0.3500 val_loss 0.3641
Epoch 239/500: train_loss: 0.3510 val_loss 0.3641
Epoch 240/500: train_loss: 0.3521 val_loss 0.3637
Epoch 241/500: train_loss: 0.3497 val_loss 0.3664
Epoch 242/500: train_loss: 0.3475 val_loss 0.3650
Epoch 243/500: train_loss: 0.3481 val_loss 0.3652
Epoch 244/500: train_loss: 0.3484 val_loss 0.3642
Epoch 245/500: train_loss: 0.3497 val_loss 0.3650
Epoch 246/500: train_loss: 0.3536 val_loss 0.3638
Epoch 247/500: train_loss: 0.3523 val_loss 0.3631
Saved at epoch 247.
Epoch 248/500: train_loss: 0.3542 val_loss 0.3660
Epoch 249/500: train_loss: 0.3502 val_loss 0.3636
Epoch 250/500: train_loss: 0.3455 val_loss 0.3652
Epoch 251/500: train_loss: 0.3468 val_loss 0.3646
Epoch 252/500: train_loss: 0.3481 val_loss 0.3652
Epoch 253/500: train_loss: 0.3468 val_loss 0.3640
Epoch 254/500: train_loss: 0.3508 val_loss 0.3644
Epoch 255/500: train_loss: 0.3534 val_loss 0.3635
Epoch 256/500: train_loss: 0.3476 val_loss 0.3630
Saved at epoch 256.
Epoch 257/500: train_loss: 0.3468 val_loss 0.3638
Epoch 258/500: train_loss: 0.3446 val_loss 0.3640
Epoch 259/500: train_loss: 0.3487 val_loss 0.3663
Epoch 260/500: train_loss: 0.3451 val_loss 0.3631
Epoch 261/500: train_loss: 0.3473 val_loss 0.3632
Epoch 262/500: train_loss: 0.3501 val_loss 0.3638
Epoch 263/500: train_loss: 0.3463 val_loss 0.3633
Epoch 264/500: train_loss: 0.3472 val_loss 0.3641
Epoch 265/500: train_loss: 0.3465 val_loss 0.3630
Saved at epoch 265.
Epoch 266/500: train_loss: 0.3463 val_loss 0.3627
Saved at epoch 266.
Epoch 267/500: train_loss: 0.3469 val_loss 0.3633
Epoch 268/500: train_loss: 0.3508 val_loss 0.3641
Epoch 269/500: train_loss: 0.3428 val_loss 0.3637
Epoch 270/500: train_loss: 0.3444 val_loss 0.3651
Epoch 271/500: train_loss: 0.3495 val_loss 0.3647
Epoch 272/500: train_loss: 0.3443 val_loss 0.3638
Epoch 273/500: train_loss: 0.3462 val_loss 0.3626
Saved at epoch 273.
Epoch 274/500: train_loss: 0.3467 val_loss 0.3653
Epoch 275/500: train_loss: 0.3450 val_loss 0.3630
Epoch 276/500: train_loss: 0.3437 val_loss 0.3640
Epoch 277/500: train_loss: 0.3464 val_loss 0.3632
Epoch 278/500: train_loss: 0.3473 val_loss 0.3645
Epoch 279/500: train_loss: 0.3448 val_loss 0.3628
Epoch 280/500: train_loss: 0.3466 val_loss 0.3627
Epoch 281/500: train_loss: 0.3444 val_loss 0.3625
Saved at epoch 281.
Epoch 282/500: train_loss: 0.3463 val_loss 0.3636
Epoch 283/500: train_loss: 0.3504 val_loss 0.3638
Epoch 284/500: train_loss: 0.3436 val_loss 0.3637
Epoch 285/500: train_loss: 0.3430 val_loss 0.3634
Epoch 286/500: train_loss: 0.3415 val_loss 0.3643
Epoch 287/500: train_loss: 0.3417 val_loss 0.3639
Epoch 288/500: train_loss: 0.3432 val_loss 0.3632
Epoch 289/500: train_loss: 0.3446 val_loss 0.3622
Saved at epoch 289.
Epoch 290/500: train_loss: 0.3484 val_loss 0.3623
Epoch 291/500: train_loss: 0.3451 val_loss 0.3630
Epoch 292/500: train_loss: 0.3441 val_loss 0.3615
Saved at epoch 292.
Epoch 293/500: train_loss: 0.3440 val_loss 0.3635
Epoch 294/500: train_loss: 0.3429 val_loss 0.3631
Epoch 295/500: train_loss: 0.3422 val_loss 0.3625
Epoch 296/500: train_loss: 0.3422 val_loss 0.3643
Epoch 297/500: train_loss: 0.3460 val_loss 0.3621
Epoch 298/500: train_loss: 0.3427 val_loss 0.3634
Epoch 299/500: train_loss: 0.3427 val_loss 0.3624
Epoch 300/500: train_loss: 0.3443 val_loss 0.3632
Epoch 301/500: train_loss: 0.3421 val_loss 0.3629
Epoch 302/500: train_loss: 0.3432 val_loss 0.3632
Epoch 303/500: train_loss: 0.3455 val_loss 0.3625
Epoch 304/500: train_loss: 0.3402 val_loss 0.3624
Epoch 305/500: train_loss: 0.3423 val_loss 0.3623
Epoch 306/500: train_loss: 0.3432 val_loss 0.3620
Epoch 307/500: train_loss: 0.3413 val_loss 0.3628
Epoch 308/500: train_loss: 0.3438 val_loss 0.3658
Epoch 309/500: train_loss: 0.3426 val_loss 0.3628
Epoch 310/500: train_loss: 0.3427 val_loss 0.3649
Epoch 311/500: train_loss: 0.3424 val_loss 0.3619
Epoch 312/500: train_loss: 0.3434 val_loss 0.3632
Epoch 313/500: train_loss: 0.3425 val_loss 0.3628
Epoch 314/500: train_loss: 0.3424 val_loss 0.3619
Epoch 315/500: train_loss: 0.3450 val_loss 0.3629
Epoch 316/500: train_loss: 0.3440 val_loss 0.3638
Epoch 317/500: train_loss: 0.3422 val_loss 0.3641
Epoch 318/500: train_loss: 0.3422 val_loss 0.3622
Epoch 319/500: train_loss: 0.3391 val_loss 0.3632
Epoch 320/500: train_loss: 0.3437 val_loss 0.3644
Epoch 321/500: train_loss: 0.3402 val_loss 0.3626
Epoch 322/500: train_loss: 0.3397 val_loss 0.3623
Epoch 323/500: train_loss: 0.3411 val_loss 0.3640
Epoch 324/500: train_loss: 0.3397 val_loss 0.3632
Epoch 325/500: train_loss: 0.3399 val_loss 0.3637
Epoch 326/500: train_loss: 0.3404 val_loss 0.3643
Epoch 327/500: train_loss: 0.3424 val_loss 0.3635
Epoch 328/500: train_loss: 0.3396 val_loss 0.3619
Epoch 329/500: train_loss: 0.3437 val_loss 0.3651
Epoch 330/500: train_loss: 0.3387 val_loss 0.3647
Epoch 331/500: train_loss: 0.3441 val_loss 0.3642
Epoch 332/500: train_loss: 0.3402 val_loss 0.3630
Epoch 333/500: train_loss: 0.3413 val_loss 0.3631
Epoch 334/500: train_loss: 0.3432 val_loss 0.3653
Epoch 335/500: train_loss: 0.3402 val_loss 0.3622
Epoch 336/500: train_loss: 0.3380 val_loss 0.3636
Epoch 337/500: train_loss: 0.3404 val_loss 0.3644
Epoch 338/500: train_loss: 0.3414 val_loss 0.3625
Epoch 339/500: train_loss: 0.3423 val_loss 0.3657
Epoch 340/500: train_loss: 0.3441 val_loss 0.3641
Epoch 341/500: train_loss: 0.3415 val_loss 0.3632
Epoch 342/500: train_loss: 0.3423 val_loss 0.3625
Early stopping at epoch 342.
Test Accuracy: 83.41%
