LD=3
Using: cuda
Epoch 1/500: train_loss: 0.6937 val_loss 0.6930
Saved at epoch 1.
Epoch 2/500: train_loss: 0.6927 val_loss 0.6927
Saved at epoch 2.
Epoch 3/500: train_loss: 0.6925 val_loss 0.6923
Saved at epoch 3.
Epoch 4/500: train_loss: 0.6924 val_loss 0.6920
Saved at epoch 4.
Epoch 5/500: train_loss: 0.6923 val_loss 0.6918
Saved at epoch 5.
Epoch 6/500: train_loss: 0.6920 val_loss 0.6897
Saved at epoch 6.
Epoch 7/500: train_loss: 0.6798 val_loss 0.6736
Saved at epoch 7.
Epoch 8/500: train_loss: 0.6672 val_loss 0.6664
Saved at epoch 8.
Epoch 9/500: train_loss: 0.6612 val_loss 0.6621
Saved at epoch 9.
Epoch 10/500: train_loss: 0.6574 val_loss 0.6595
Saved at epoch 10.
Epoch 11/500: train_loss: 0.6558 val_loss 0.6571
Saved at epoch 11.
Epoch 12/500: train_loss: 0.6528 val_loss 0.6549
Saved at epoch 12.
Epoch 13/500: train_loss: 0.6511 val_loss 0.6534
Saved at epoch 13.
Epoch 14/500: train_loss: 0.6500 val_loss 0.6518
Saved at epoch 14.
Epoch 15/500: train_loss: 0.6500 val_loss 0.6503
Saved at epoch 15.
Epoch 16/500: train_loss: 0.6503 val_loss 0.6494
Saved at epoch 16.
Epoch 17/500: train_loss: 0.6476 val_loss 0.6481
Saved at epoch 17.
Epoch 18/500: train_loss: 0.6444 val_loss 0.6472
Saved at epoch 18.
Epoch 19/500: train_loss: 0.6458 val_loss 0.6462
Saved at epoch 19.
Epoch 20/500: train_loss: 0.6435 val_loss 0.6452
Saved at epoch 20.
Epoch 21/500: train_loss: 0.6438 val_loss 0.6445
Saved at epoch 21.
Epoch 22/500: train_loss: 0.6436 val_loss 0.6434
Saved at epoch 22.
Epoch 23/500: train_loss: 0.6425 val_loss 0.6423
Saved at epoch 23.
Epoch 24/500: train_loss: 0.6425 val_loss 0.6415
Saved at epoch 24.
Epoch 25/500: train_loss: 0.6400 val_loss 0.6408
Saved at epoch 25.
Epoch 26/500: train_loss: 0.6375 val_loss 0.6398
Saved at epoch 26.
Epoch 27/500: train_loss: 0.6381 val_loss 0.6390
Saved at epoch 27.
Epoch 28/500: train_loss: 0.6378 val_loss 0.6381
Saved at epoch 28.
Epoch 29/500: train_loss: 0.6353 val_loss 0.6372
Saved at epoch 29.
Epoch 30/500: train_loss: 0.6354 val_loss 0.6365
Saved at epoch 30.
Epoch 31/500: train_loss: 0.6341 val_loss 0.6356
Saved at epoch 31.
Epoch 32/500: train_loss: 0.6321 val_loss 0.6347
Saved at epoch 32.
Epoch 33/500: train_loss: 0.6324 val_loss 0.6339
Saved at epoch 33.
Epoch 34/500: train_loss: 0.6317 val_loss 0.6332
Saved at epoch 34.
Epoch 35/500: train_loss: 0.6304 val_loss 0.6324
Saved at epoch 35.
Epoch 36/500: train_loss: 0.6297 val_loss 0.6316
Saved at epoch 36.
Epoch 37/500: train_loss: 0.6304 val_loss 0.6307
Saved at epoch 37.
Epoch 38/500: train_loss: 0.6286 val_loss 0.6302
Saved at epoch 38.
Epoch 39/500: train_loss: 0.6273 val_loss 0.6292
Saved at epoch 39.
Epoch 40/500: train_loss: 0.6270 val_loss 0.6287
Saved at epoch 40.
Epoch 41/500: train_loss: 0.6277 val_loss 0.6278
Saved at epoch 41.
Epoch 42/500: train_loss: 0.6249 val_loss 0.6276
Saved at epoch 42.
Epoch 43/500: train_loss: 0.6240 val_loss 0.6265
Saved at epoch 43.
Epoch 44/500: train_loss: 0.6229 val_loss 0.6258
Saved at epoch 44.
Epoch 45/500: train_loss: 0.6217 val_loss 0.6253
Saved at epoch 45.
Epoch 46/500: train_loss: 0.6212 val_loss 0.6246
Saved at epoch 46.
Epoch 47/500: train_loss: 0.6190 val_loss 0.6240
Saved at epoch 47.
Epoch 48/500: train_loss: 0.6190 val_loss 0.6236
Saved at epoch 48.
Epoch 49/500: train_loss: 0.6180 val_loss 0.6226
Saved at epoch 49.
Epoch 50/500: train_loss: 0.6186 val_loss 0.6226
Epoch 51/500: train_loss: 0.6163 val_loss 0.6217
Saved at epoch 51.
Epoch 52/500: train_loss: 0.6169 val_loss 0.6219
Epoch 53/500: train_loss: 0.6162 val_loss 0.6210
Saved at epoch 53.
Epoch 54/500: train_loss: 0.6155 val_loss 0.6200
Saved at epoch 54.
Epoch 55/500: train_loss: 0.6130 val_loss 0.6197
Saved at epoch 55.
Epoch 56/500: train_loss: 0.6120 val_loss 0.6203
Epoch 57/500: train_loss: 0.6129 val_loss 0.6187
Saved at epoch 57.
Epoch 58/500: train_loss: 0.6107 val_loss 0.6179
Saved at epoch 58.
Epoch 59/500: train_loss: 0.6100 val_loss 0.6177
Saved at epoch 59.
Epoch 60/500: train_loss: 0.6111 val_loss 0.6176
Saved at epoch 60.
Epoch 61/500: train_loss: 0.6093 val_loss 0.6168
Saved at epoch 61.
Epoch 62/500: train_loss: 0.6089 val_loss 0.6178
Epoch 63/500: train_loss: 0.6092 val_loss 0.6156
Saved at epoch 63.
Epoch 64/500: train_loss: 0.6083 val_loss 0.6164
Epoch 65/500: train_loss: 0.6072 val_loss 0.6154
Saved at epoch 65.
Epoch 66/500: train_loss: 0.6053 val_loss 0.6151
Saved at epoch 66.
Epoch 67/500: train_loss: 0.6056 val_loss 0.6152
Epoch 68/500: train_loss: 0.6057 val_loss 0.6137
Saved at epoch 68.
Epoch 69/500: train_loss: 0.6037 val_loss 0.6141
Epoch 70/500: train_loss: 0.6033 val_loss 0.6132
Saved at epoch 70.
Epoch 71/500: train_loss: 0.6039 val_loss 0.6128
Saved at epoch 71.
Epoch 72/500: train_loss: 0.6030 val_loss 0.6133
Epoch 73/500: train_loss: 0.6013 val_loss 0.6124
Saved at epoch 73.
Epoch 74/500: train_loss: 0.6026 val_loss 0.6129
Epoch 75/500: train_loss: 0.6015 val_loss 0.6118
Saved at epoch 75.
Epoch 76/500: train_loss: 0.5987 val_loss 0.6133
Epoch 77/500: train_loss: 0.6001 val_loss 0.6112
Saved at epoch 77.
Epoch 78/500: train_loss: 0.5998 val_loss 0.6109
Saved at epoch 78.
Epoch 79/500: train_loss: 0.5983 val_loss 0.6113
Epoch 80/500: train_loss: 0.5986 val_loss 0.6106
Saved at epoch 80.
Epoch 81/500: train_loss: 0.5995 val_loss 0.6131
Epoch 82/500: train_loss: 0.5988 val_loss 0.6098
Saved at epoch 82.
Epoch 83/500: train_loss: 0.5989 val_loss 0.6098
Epoch 84/500: train_loss: 0.5976 val_loss 0.6107
Epoch 85/500: train_loss: 0.5962 val_loss 0.6099
Epoch 86/500: train_loss: 0.5950 val_loss 0.6098
Epoch 87/500: train_loss: 0.5958 val_loss 0.6091
Saved at epoch 87.
Epoch 88/500: train_loss: 0.5946 val_loss 0.6094
Epoch 89/500: train_loss: 0.5949 val_loss 0.6085
Saved at epoch 89.
Epoch 90/500: train_loss: 0.5961 val_loss 0.6084
Saved at epoch 90.
Epoch 91/500: train_loss: 0.5941 val_loss 0.6082
Saved at epoch 91.
Epoch 92/500: train_loss: 0.5927 val_loss 0.6081
Saved at epoch 92.
Epoch 93/500: train_loss: 0.5923 val_loss 0.6084
Epoch 94/500: train_loss: 0.5943 val_loss 0.6076
Saved at epoch 94.
Epoch 95/500: train_loss: 0.5932 val_loss 0.6080
Epoch 96/500: train_loss: 0.5926 val_loss 0.6075
Saved at epoch 96.
Epoch 97/500: train_loss: 0.5915 val_loss 0.6073
Saved at epoch 97.
Epoch 98/500: train_loss: 0.5912 val_loss 0.6083
Epoch 99/500: train_loss: 0.5918 val_loss 0.6078
Epoch 100/500: train_loss: 0.5912 val_loss 0.6066
Saved at epoch 100.
Epoch 101/500: train_loss: 0.5932 val_loss 0.6065
Saved at epoch 101.
Epoch 102/500: train_loss: 0.5914 val_loss 0.6086
Epoch 103/500: train_loss: 0.5901 val_loss 0.6064
Saved at epoch 103.
Epoch 104/500: train_loss: 0.5902 val_loss 0.6068
Epoch 105/500: train_loss: 0.5907 val_loss 0.6070
Epoch 106/500: train_loss: 0.5894 val_loss 0.6068
Epoch 107/500: train_loss: 0.5886 val_loss 0.6069
Epoch 108/500: train_loss: 0.5879 val_loss 0.6068
Epoch 109/500: train_loss: 0.5893 val_loss 0.6058
Saved at epoch 109.
Epoch 110/500: train_loss: 0.5881 val_loss 0.6065
Epoch 111/500: train_loss: 0.5906 val_loss 0.6073
Epoch 112/500: train_loss: 0.5865 val_loss 0.6054
Saved at epoch 112.
Epoch 113/500: train_loss: 0.5865 val_loss 0.6052
Saved at epoch 113.
Epoch 114/500: train_loss: 0.5866 val_loss 0.6053
Epoch 115/500: train_loss: 0.5878 val_loss 0.6053
Epoch 116/500: train_loss: 0.5874 val_loss 0.6061
Epoch 117/500: train_loss: 0.5855 val_loss 0.6055
Epoch 118/500: train_loss: 0.5875 val_loss 0.6055
Epoch 119/500: train_loss: 0.5857 val_loss 0.6054
Epoch 120/500: train_loss: 0.5872 val_loss 0.6054
Epoch 121/500: train_loss: 0.5860 val_loss 0.6054
Epoch 122/500: train_loss: 0.5864 val_loss 0.6044
Saved at epoch 122.
Epoch 123/500: train_loss: 0.5877 val_loss 0.6054
Epoch 124/500: train_loss: 0.5826 val_loss 0.6047
Epoch 125/500: train_loss: 0.5845 val_loss 0.6045
Epoch 126/500: train_loss: 0.5848 val_loss 0.6042
Saved at epoch 126.
Epoch 127/500: train_loss: 0.5853 val_loss 0.6043
Epoch 128/500: train_loss: 0.5831 val_loss 0.6043
Epoch 129/500: train_loss: 0.5843 val_loss 0.6040
Saved at epoch 129.
Epoch 130/500: train_loss: 0.5845 val_loss 0.6038
Saved at epoch 130.
Epoch 131/500: train_loss: 0.5834 val_loss 0.6045
Epoch 132/500: train_loss: 0.5850 val_loss 0.6036
Saved at epoch 132.
Epoch 133/500: train_loss: 0.5845 val_loss 0.6045
Epoch 134/500: train_loss: 0.5862 val_loss 0.6045
Epoch 135/500: train_loss: 0.5841 val_loss 0.6035
Saved at epoch 135.
Epoch 136/500: train_loss: 0.5827 val_loss 0.6038
Epoch 137/500: train_loss: 0.5839 val_loss 0.6038
Epoch 138/500: train_loss: 0.5831 val_loss 0.6028
Saved at epoch 138.
Epoch 139/500: train_loss: 0.5837 val_loss 0.6033
Epoch 140/500: train_loss: 0.5853 val_loss 0.6045
Epoch 141/500: train_loss: 0.5817 val_loss 0.6025
Saved at epoch 141.
Epoch 142/500: train_loss: 0.5837 val_loss 0.6041
Epoch 143/500: train_loss: 0.5817 val_loss 0.6031
Epoch 144/500: train_loss: 0.5816 val_loss 0.6023
Saved at epoch 144.
Epoch 145/500: train_loss: 0.5806 val_loss 0.6048
Epoch 146/500: train_loss: 0.5821 val_loss 0.6022
Saved at epoch 146.
Epoch 147/500: train_loss: 0.5817 val_loss 0.6026
Epoch 148/500: train_loss: 0.5826 val_loss 0.6027
Epoch 149/500: train_loss: 0.5810 val_loss 0.6025
Epoch 150/500: train_loss: 0.5817 val_loss 0.6035
Epoch 151/500: train_loss: 0.5816 val_loss 0.6031
Epoch 152/500: train_loss: 0.5818 val_loss 0.6023
Epoch 153/500: train_loss: 0.5785 val_loss 0.6019
Saved at epoch 153.
Epoch 154/500: train_loss: 0.5824 val_loss 0.6026
Epoch 155/500: train_loss: 0.5789 val_loss 0.6018
Saved at epoch 155.
Epoch 156/500: train_loss: 0.5801 val_loss 0.6038
Epoch 157/500: train_loss: 0.5805 val_loss 0.6027
Epoch 158/500: train_loss: 0.5806 val_loss 0.6021
Epoch 159/500: train_loss: 0.5789 val_loss 0.6013
Saved at epoch 159.
Epoch 160/500: train_loss: 0.5807 val_loss 0.6012
Saved at epoch 160.
Epoch 161/500: train_loss: 0.5781 val_loss 0.6018
Epoch 162/500: train_loss: 0.5793 val_loss 0.6033
Epoch 163/500: train_loss: 0.5787 val_loss 0.6021
Epoch 164/500: train_loss: 0.5792 val_loss 0.6011
Saved at epoch 164.
Epoch 165/500: train_loss: 0.5792 val_loss 0.6019
Epoch 166/500: train_loss: 0.5771 val_loss 0.6018
Epoch 167/500: train_loss: 0.5764 val_loss 0.6023
Epoch 168/500: train_loss: 0.5764 val_loss 0.6013
Epoch 169/500: train_loss: 0.5761 val_loss 0.6017
Epoch 170/500: train_loss: 0.5776 val_loss 0.6016
Epoch 171/500: train_loss: 0.5780 val_loss 0.6008
Saved at epoch 171.
Epoch 172/500: train_loss: 0.5788 val_loss 0.6023
Epoch 173/500: train_loss: 0.5794 val_loss 0.6010
Epoch 174/500: train_loss: 0.5790 val_loss 0.6009
Epoch 175/500: train_loss: 0.5781 val_loss 0.6018
Epoch 176/500: train_loss: 0.5771 val_loss 0.6004
Saved at epoch 176.
Epoch 177/500: train_loss: 0.5776 val_loss 0.6008
Epoch 178/500: train_loss: 0.5754 val_loss 0.6007
Epoch 179/500: train_loss: 0.5750 val_loss 0.6008
Epoch 180/500: train_loss: 0.5768 val_loss 0.6002
Saved at epoch 180.
Epoch 181/500: train_loss: 0.5777 val_loss 0.6004
Epoch 182/500: train_loss: 0.5759 val_loss 0.6004
Epoch 183/500: train_loss: 0.5792 val_loss 0.6028
Epoch 184/500: train_loss: 0.5765 val_loss 0.6003
Epoch 185/500: train_loss: 0.5753 val_loss 0.6005
Epoch 186/500: train_loss: 0.5762 val_loss 0.6008
Epoch 187/500: train_loss: 0.5767 val_loss 0.6003
Epoch 188/500: train_loss: 0.5757 val_loss 0.6003
Epoch 189/500: train_loss: 0.5762 val_loss 0.6005
Epoch 190/500: train_loss: 0.5762 val_loss 0.5999
Saved at epoch 190.
Epoch 191/500: train_loss: 0.5777 val_loss 0.6015
Epoch 192/500: train_loss: 0.5753 val_loss 0.6002
Epoch 193/500: train_loss: 0.5763 val_loss 0.6000
Epoch 194/500: train_loss: 0.5763 val_loss 0.6016
Epoch 195/500: train_loss: 0.5757 val_loss 0.5995
Saved at epoch 195.
Epoch 196/500: train_loss: 0.5760 val_loss 0.5994
Saved at epoch 196.
Epoch 197/500: train_loss: 0.5754 val_loss 0.6012
Epoch 198/500: train_loss: 0.5747 val_loss 0.6002
Epoch 199/500: train_loss: 0.5754 val_loss 0.6017
Epoch 200/500: train_loss: 0.5747 val_loss 0.5997
Epoch 201/500: train_loss: 0.5748 val_loss 0.6004
Epoch 202/500: train_loss: 0.5736 val_loss 0.6000
Epoch 203/500: train_loss: 0.5755 val_loss 0.5990
Saved at epoch 203.
Epoch 204/500: train_loss: 0.5732 val_loss 0.5995
Epoch 205/500: train_loss: 0.5740 val_loss 0.6005
Epoch 206/500: train_loss: 0.5732 val_loss 0.5996
Epoch 207/500: train_loss: 0.5755 val_loss 0.5998
Epoch 208/500: train_loss: 0.5757 val_loss 0.5994
Epoch 209/500: train_loss: 0.5735 val_loss 0.5999
Epoch 210/500: train_loss: 0.5757 val_loss 0.6017
Epoch 211/500: train_loss: 0.5723 val_loss 0.5990
Saved at epoch 211.
Epoch 212/500: train_loss: 0.5727 val_loss 0.5996
Epoch 213/500: train_loss: 0.5749 val_loss 0.5999
Epoch 214/500: train_loss: 0.5731 val_loss 0.6002
Epoch 215/500: train_loss: 0.5739 val_loss 0.5990
Saved at epoch 215.
Epoch 216/500: train_loss: 0.5744 val_loss 0.5994
Epoch 217/500: train_loss: 0.5738 val_loss 0.5992
Epoch 218/500: train_loss: 0.5732 val_loss 0.5989
Saved at epoch 218.
Epoch 219/500: train_loss: 0.5749 val_loss 0.5989
Epoch 220/500: train_loss: 0.5717 val_loss 0.5995
Epoch 221/500: train_loss: 0.5737 val_loss 0.5992
Epoch 222/500: train_loss: 0.5745 val_loss 0.5996
Epoch 223/500: train_loss: 0.5709 val_loss 0.5992
Epoch 224/500: train_loss: 0.5705 val_loss 0.5995
Epoch 225/500: train_loss: 0.5731 val_loss 0.5992
Epoch 226/500: train_loss: 0.5738 val_loss 0.5990
Epoch 227/500: train_loss: 0.5717 val_loss 0.6004
Epoch 228/500: train_loss: 0.5750 val_loss 0.5994
Epoch 229/500: train_loss: 0.5732 val_loss 0.5988
Saved at epoch 229.
Epoch 230/500: train_loss: 0.5715 val_loss 0.5991
Epoch 231/500: train_loss: 0.5727 val_loss 0.5989
Epoch 232/500: train_loss: 0.5728 val_loss 0.5989
Epoch 233/500: train_loss: 0.5715 val_loss 0.6017
Epoch 234/500: train_loss: 0.5733 val_loss 0.5989
Epoch 235/500: train_loss: 0.5712 val_loss 0.5990
Epoch 236/500: train_loss: 0.5741 val_loss 0.5994
Epoch 237/500: train_loss: 0.5725 val_loss 0.5996
Epoch 238/500: train_loss: 0.5734 val_loss 0.5995
Epoch 239/500: train_loss: 0.5715 val_loss 0.6022
Epoch 240/500: train_loss: 0.5727 val_loss 0.5989
Epoch 241/500: train_loss: 0.5701 val_loss 0.5990
Epoch 242/500: train_loss: 0.5711 val_loss 0.5988
Saved at epoch 242.
Epoch 243/500: train_loss: 0.5721 val_loss 0.5999
Epoch 244/500: train_loss: 0.5715 val_loss 0.5993
Epoch 245/500: train_loss: 0.5720 val_loss 0.5995
Epoch 246/500: train_loss: 0.5712 val_loss 0.5996
Epoch 247/500: train_loss: 0.5689 val_loss 0.5990
Epoch 248/500: train_loss: 0.5705 val_loss 0.5996
Epoch 249/500: train_loss: 0.5718 val_loss 0.5998
Epoch 250/500: train_loss: 0.5725 val_loss 0.5991
Epoch 251/500: train_loss: 0.5703 val_loss 0.6002
Epoch 252/500: train_loss: 0.5730 val_loss 0.5998
Epoch 253/500: train_loss: 0.5706 val_loss 0.5991
Epoch 254/500: train_loss: 0.5731 val_loss 0.5996
Epoch 255/500: train_loss: 0.5740 val_loss 0.5992
Epoch 256/500: train_loss: 0.5719 val_loss 0.6001
Epoch 257/500: train_loss: 0.5715 val_loss 0.5989
Epoch 258/500: train_loss: 0.5714 val_loss 0.5992
Epoch 259/500: train_loss: 0.5717 val_loss 0.5992
Epoch 260/500: train_loss: 0.5691 val_loss 0.5997
Epoch 261/500: train_loss: 0.5715 val_loss 0.5995
Epoch 262/500: train_loss: 0.5705 val_loss 0.5997
Epoch 263/500: train_loss: 0.5703 val_loss 0.5990
Epoch 264/500: train_loss: 0.5698 val_loss 0.5991
Epoch 265/500: train_loss: 0.5710 val_loss 0.5989
Epoch 266/500: train_loss: 0.5713 val_loss 0.5986
Saved at epoch 266.
Epoch 267/500: train_loss: 0.5701 val_loss 0.5990
Epoch 268/500: train_loss: 0.5720 val_loss 0.5993
Epoch 269/500: train_loss: 0.5715 val_loss 0.5988
Epoch 270/500: train_loss: 0.5689 val_loss 0.5992
Epoch 271/500: train_loss: 0.5691 val_loss 0.5998
Epoch 272/500: train_loss: 0.5693 val_loss 0.5993
Epoch 273/500: train_loss: 0.5681 val_loss 0.5998
Epoch 274/500: train_loss: 0.5704 val_loss 0.5991
Epoch 275/500: train_loss: 0.5707 val_loss 0.5991
Epoch 276/500: train_loss: 0.5706 val_loss 0.5996
Epoch 277/500: train_loss: 0.5695 val_loss 0.5999
Epoch 278/500: train_loss: 0.5701 val_loss 0.5993
Epoch 279/500: train_loss: 0.5704 val_loss 0.6003
Epoch 280/500: train_loss: 0.5691 val_loss 0.5993
Epoch 281/500: train_loss: 0.5711 val_loss 0.6008
Epoch 282/500: train_loss: 0.5711 val_loss 0.5988
Epoch 283/500: train_loss: 0.5714 val_loss 0.5998
Epoch 284/500: train_loss: 0.5700 val_loss 0.5999
Epoch 285/500: train_loss: 0.5698 val_loss 0.5989
Epoch 286/500: train_loss: 0.5696 val_loss 0.5989
Epoch 287/500: train_loss: 0.5722 val_loss 0.5992
Epoch 288/500: train_loss: 0.5705 val_loss 0.5991
Epoch 289/500: train_loss: 0.5710 val_loss 0.5993
Epoch 290/500: train_loss: 0.5707 val_loss 0.5990
Epoch 291/500: train_loss: 0.5714 val_loss 0.5987
Epoch 292/500: train_loss: 0.5701 val_loss 0.5998
Epoch 293/500: train_loss: 0.5707 val_loss 0.5995
Epoch 294/500: train_loss: 0.5712 val_loss 0.5987
Epoch 295/500: train_loss: 0.5690 val_loss 0.6000
Epoch 296/500: train_loss: 0.5711 val_loss 0.5993
Epoch 297/500: train_loss: 0.5674 val_loss 0.6001
Epoch 298/500: train_loss: 0.5690 val_loss 0.5990
Epoch 299/500: train_loss: 0.5704 val_loss 0.5995
Epoch 300/500: train_loss: 0.5712 val_loss 0.5998
Epoch 301/500: train_loss: 0.5695 val_loss 0.5992
Epoch 302/500: train_loss: 0.5683 val_loss 0.6000
Epoch 303/500: train_loss: 0.5700 val_loss 0.5998
Epoch 304/500: train_loss: 0.5681 val_loss 0.5997
Epoch 305/500: train_loss: 0.5701 val_loss 0.5998
Epoch 306/500: train_loss: 0.5681 val_loss 0.6001
Epoch 307/500: train_loss: 0.5686 val_loss 0.6005
Epoch 308/500: train_loss: 0.5688 val_loss 0.5987
Epoch 309/500: train_loss: 0.5715 val_loss 0.5999
Epoch 310/500: train_loss: 0.5701 val_loss 0.5996
Epoch 311/500: train_loss: 0.5697 val_loss 0.5992
Epoch 312/500: train_loss: 0.5698 val_loss 0.5995
Epoch 313/500: train_loss: 0.5683 val_loss 0.5988
Epoch 314/500: train_loss: 0.5680 val_loss 0.5993
Epoch 315/500: train_loss: 0.5685 val_loss 0.5993
Epoch 316/500: train_loss: 0.5689 val_loss 0.6001
Early stopping at epoch 316.
Test Accuracy: 43.41%
