LD=5
Using: cuda
Epoch 1/500: train_loss: 0.6754 val_loss 0.6508
Saved at epoch 1.
Epoch 2/500: train_loss: 0.6257 val_loss 0.6200
Saved at epoch 2.
Epoch 3/500: train_loss: 0.5961 val_loss 0.6054
Saved at epoch 3.
Epoch 4/500: train_loss: 0.5847 val_loss 0.5936
Saved at epoch 4.
Epoch 5/500: train_loss: 0.5738 val_loss 0.5872
Saved at epoch 5.
Epoch 6/500: train_loss: 0.5697 val_loss 0.5799
Saved at epoch 6.
Epoch 7/500: train_loss: 0.5642 val_loss 0.5767
Saved at epoch 7.
Epoch 8/500: train_loss: 0.5598 val_loss 0.5725
Saved at epoch 8.
Epoch 9/500: train_loss: 0.5501 val_loss 0.5684
Saved at epoch 9.
Epoch 10/500: train_loss: 0.5493 val_loss 0.5643
Saved at epoch 10.
Epoch 11/500: train_loss: 0.5424 val_loss 0.5618
Saved at epoch 11.
Epoch 12/500: train_loss: 0.5323 val_loss 0.5548
Saved at epoch 12.
Epoch 13/500: train_loss: 0.5292 val_loss 0.5503
Saved at epoch 13.
Epoch 14/500: train_loss: 0.5243 val_loss 0.5495
Saved at epoch 14.
Epoch 15/500: train_loss: 0.5228 val_loss 0.5475
Saved at epoch 15.
Epoch 16/500: train_loss: 0.5185 val_loss 0.5437
Saved at epoch 16.
Epoch 17/500: train_loss: 0.5158 val_loss 0.5453
Epoch 18/500: train_loss: 0.5099 val_loss 0.5424
Saved at epoch 18.
Epoch 19/500: train_loss: 0.5104 val_loss 0.5445
Epoch 20/500: train_loss: 0.5094 val_loss 0.5394
Saved at epoch 20.
Epoch 21/500: train_loss: 0.5106 val_loss 0.5399
Epoch 22/500: train_loss: 0.5067 val_loss 0.5365
Saved at epoch 22.
Epoch 23/500: train_loss: 0.5078 val_loss 0.5377
Epoch 24/500: train_loss: 0.5074 val_loss 0.5365
Epoch 25/500: train_loss: 0.5072 val_loss 0.5343
Saved at epoch 25.
Epoch 26/500: train_loss: 0.5028 val_loss 0.5344
Epoch 27/500: train_loss: 0.5073 val_loss 0.5327
Saved at epoch 27.
Epoch 28/500: train_loss: 0.5040 val_loss 0.5292
Saved at epoch 28.
Epoch 29/500: train_loss: 0.4986 val_loss 0.5308
Epoch 30/500: train_loss: 0.4981 val_loss 0.5305
Epoch 31/500: train_loss: 0.4954 val_loss 0.5267
Saved at epoch 31.
Epoch 32/500: train_loss: 0.5030 val_loss 0.5281
Epoch 33/500: train_loss: 0.4943 val_loss 0.5272
Epoch 34/500: train_loss: 0.4940 val_loss 0.5253
Saved at epoch 34.
Epoch 35/500: train_loss: 0.4933 val_loss 0.5241
Saved at epoch 35.
Epoch 36/500: train_loss: 0.4931 val_loss 0.5231
Saved at epoch 36.
Epoch 37/500: train_loss: 0.4920 val_loss 0.5231
Saved at epoch 37.
Epoch 38/500: train_loss: 0.4889 val_loss 0.5239
Epoch 39/500: train_loss: 0.4930 val_loss 0.5210
Saved at epoch 39.
Epoch 40/500: train_loss: 0.4918 val_loss 0.5192
Saved at epoch 40.
Epoch 41/500: train_loss: 0.4959 val_loss 0.5188
Saved at epoch 41.
Epoch 42/500: train_loss: 0.4867 val_loss 0.5189
Epoch 43/500: train_loss: 0.4911 val_loss 0.5180
Saved at epoch 43.
Epoch 44/500: train_loss: 0.4891 val_loss 0.5169
Saved at epoch 44.
Epoch 45/500: train_loss: 0.4886 val_loss 0.5152
Saved at epoch 45.
Epoch 46/500: train_loss: 0.4877 val_loss 0.5147
Saved at epoch 46.
Epoch 47/500: train_loss: 0.4848 val_loss 0.5154
Epoch 48/500: train_loss: 0.4832 val_loss 0.5139
Saved at epoch 48.
Epoch 49/500: train_loss: 0.4820 val_loss 0.5139
Saved at epoch 49.
Epoch 50/500: train_loss: 0.4811 val_loss 0.5123
Saved at epoch 50.
Epoch 51/500: train_loss: 0.4841 val_loss 0.5142
Epoch 52/500: train_loss: 0.4794 val_loss 0.5103
Saved at epoch 52.
Epoch 53/500: train_loss: 0.4804 val_loss 0.5099
Saved at epoch 53.
Epoch 54/500: train_loss: 0.4808 val_loss 0.5107
Epoch 55/500: train_loss: 0.4796 val_loss 0.5115
Epoch 56/500: train_loss: 0.4792 val_loss 0.5076
Saved at epoch 56.
Epoch 57/500: train_loss: 0.4828 val_loss 0.5083
Epoch 58/500: train_loss: 0.4800 val_loss 0.5105
Epoch 59/500: train_loss: 0.4796 val_loss 0.5086
Epoch 60/500: train_loss: 0.4771 val_loss 0.5070
Saved at epoch 60.
Epoch 61/500: train_loss: 0.4742 val_loss 0.5064
Saved at epoch 61.
Epoch 62/500: train_loss: 0.4779 val_loss 0.5054
Saved at epoch 62.
Epoch 63/500: train_loss: 0.4741 val_loss 0.5034
Saved at epoch 63.
Epoch 64/500: train_loss: 0.4762 val_loss 0.5045
Epoch 65/500: train_loss: 0.4752 val_loss 0.5066
Epoch 66/500: train_loss: 0.4767 val_loss 0.5025
Saved at epoch 66.
Epoch 67/500: train_loss: 0.4782 val_loss 0.5014
Saved at epoch 67.
Epoch 68/500: train_loss: 0.4773 val_loss 0.5031
Epoch 69/500: train_loss: 0.4726 val_loss 0.5007
Saved at epoch 69.
Epoch 70/500: train_loss: 0.4726 val_loss 0.5004
Saved at epoch 70.
Epoch 71/500: train_loss: 0.4734 val_loss 0.5008
Epoch 72/500: train_loss: 0.4685 val_loss 0.4995
Saved at epoch 72.
Epoch 73/500: train_loss: 0.4696 val_loss 0.5007
Epoch 74/500: train_loss: 0.4661 val_loss 0.4985
Saved at epoch 74.
Epoch 75/500: train_loss: 0.4703 val_loss 0.4997
Epoch 76/500: train_loss: 0.4726 val_loss 0.5021
Epoch 77/500: train_loss: 0.4757 val_loss 0.4979
Saved at epoch 77.
Epoch 78/500: train_loss: 0.4690 val_loss 0.5007
Epoch 79/500: train_loss: 0.4720 val_loss 0.4966
Saved at epoch 79.
Epoch 80/500: train_loss: 0.4701 val_loss 0.4969
Epoch 81/500: train_loss: 0.4691 val_loss 0.4980
Epoch 82/500: train_loss: 0.4689 val_loss 0.4965
Saved at epoch 82.
Epoch 83/500: train_loss: 0.4660 val_loss 0.4964
Saved at epoch 83.
Epoch 84/500: train_loss: 0.4628 val_loss 0.4967
Epoch 85/500: train_loss: 0.4640 val_loss 0.4965
Epoch 86/500: train_loss: 0.4646 val_loss 0.4954
Saved at epoch 86.
Epoch 87/500: train_loss: 0.4699 val_loss 0.4965
Epoch 88/500: train_loss: 0.4638 val_loss 0.4945
Saved at epoch 88.
Epoch 89/500: train_loss: 0.4652 val_loss 0.4970
Epoch 90/500: train_loss: 0.4652 val_loss 0.4926
Saved at epoch 90.
Epoch 91/500: train_loss: 0.4634 val_loss 0.4938
Epoch 92/500: train_loss: 0.4638 val_loss 0.4944
Epoch 93/500: train_loss: 0.4602 val_loss 0.4955
Epoch 94/500: train_loss: 0.4611 val_loss 0.4939
Epoch 95/500: train_loss: 0.4660 val_loss 0.4941
Epoch 96/500: train_loss: 0.4623 val_loss 0.4928
Epoch 97/500: train_loss: 0.4603 val_loss 0.4930
Epoch 98/500: train_loss: 0.4610 val_loss 0.4930
Epoch 99/500: train_loss: 0.4598 val_loss 0.4966
Epoch 100/500: train_loss: 0.4610 val_loss 0.4909
Saved at epoch 100.
Epoch 101/500: train_loss: 0.4588 val_loss 0.4928
Epoch 102/500: train_loss: 0.4600 val_loss 0.4917
Epoch 103/500: train_loss: 0.4610 val_loss 0.4922
Epoch 104/500: train_loss: 0.4616 val_loss 0.4927
Epoch 105/500: train_loss: 0.4555 val_loss 0.4916
Epoch 106/500: train_loss: 0.4597 val_loss 0.4923
Epoch 107/500: train_loss: 0.4548 val_loss 0.4905
Saved at epoch 107.
Epoch 108/500: train_loss: 0.4552 val_loss 0.4925
Epoch 109/500: train_loss: 0.4630 val_loss 0.4910
Epoch 110/500: train_loss: 0.4594 val_loss 0.4889
Saved at epoch 110.
Epoch 111/500: train_loss: 0.4602 val_loss 0.4898
Epoch 112/500: train_loss: 0.4583 val_loss 0.4911
Epoch 113/500: train_loss: 0.4584 val_loss 0.4948
Epoch 114/500: train_loss: 0.4591 val_loss 0.4893
Epoch 115/500: train_loss: 0.4575 val_loss 0.4922
Epoch 116/500: train_loss: 0.4561 val_loss 0.4894
Epoch 117/500: train_loss: 0.4567 val_loss 0.4893
Epoch 118/500: train_loss: 0.4554 val_loss 0.4899
Epoch 119/500: train_loss: 0.4546 val_loss 0.4890
Epoch 120/500: train_loss: 0.4576 val_loss 0.4909
Epoch 121/500: train_loss: 0.4553 val_loss 0.4891
Epoch 122/500: train_loss: 0.4532 val_loss 0.4903
Epoch 123/500: train_loss: 0.4527 val_loss 0.4889
Epoch 124/500: train_loss: 0.4517 val_loss 0.4904
Epoch 125/500: train_loss: 0.4549 val_loss 0.4894
Epoch 126/500: train_loss: 0.4540 val_loss 0.4885
Saved at epoch 126.
Epoch 127/500: train_loss: 0.4544 val_loss 0.4919
Epoch 128/500: train_loss: 0.4555 val_loss 0.4899
Epoch 129/500: train_loss: 0.4521 val_loss 0.4894
Epoch 130/500: train_loss: 0.4549 val_loss 0.4898
Epoch 131/500: train_loss: 0.4522 val_loss 0.4917
Epoch 132/500: train_loss: 0.4550 val_loss 0.4921
Epoch 133/500: train_loss: 0.4542 val_loss 0.4901
Epoch 134/500: train_loss: 0.4550 val_loss 0.4895
Epoch 135/500: train_loss: 0.4525 val_loss 0.4891
Epoch 136/500: train_loss: 0.4549 val_loss 0.4889
Epoch 137/500: train_loss: 0.4515 val_loss 0.4890
Epoch 138/500: train_loss: 0.4508 val_loss 0.4884
Saved at epoch 138.
Epoch 139/500: train_loss: 0.4516 val_loss 0.4865
Saved at epoch 139.
Epoch 140/500: train_loss: 0.4517 val_loss 0.4873
Epoch 141/500: train_loss: 0.4502 val_loss 0.4884
Epoch 142/500: train_loss: 0.4515 val_loss 0.4869
Epoch 143/500: train_loss: 0.4535 val_loss 0.4884
Epoch 144/500: train_loss: 0.4494 val_loss 0.4877
Epoch 145/500: train_loss: 0.4532 val_loss 0.4865
Epoch 146/500: train_loss: 0.4507 val_loss 0.4860
Saved at epoch 146.
Epoch 147/500: train_loss: 0.4525 val_loss 0.4885
Epoch 148/500: train_loss: 0.4487 val_loss 0.4858
Saved at epoch 148.
Epoch 149/500: train_loss: 0.4531 val_loss 0.4867
Epoch 150/500: train_loss: 0.4537 val_loss 0.4876
Epoch 151/500: train_loss: 0.4511 val_loss 0.4874
Epoch 152/500: train_loss: 0.4479 val_loss 0.4863
Epoch 153/500: train_loss: 0.4530 val_loss 0.4889
Epoch 154/500: train_loss: 0.4527 val_loss 0.4840
Saved at epoch 154.
Epoch 155/500: train_loss: 0.4509 val_loss 0.4902
Epoch 156/500: train_loss: 0.4505 val_loss 0.4891
Epoch 157/500: train_loss: 0.4478 val_loss 0.4858
Epoch 158/500: train_loss: 0.4488 val_loss 0.4872
Epoch 159/500: train_loss: 0.4467 val_loss 0.4864
Epoch 160/500: train_loss: 0.4486 val_loss 0.4869
Epoch 161/500: train_loss: 0.4480 val_loss 0.4890
Epoch 162/500: train_loss: 0.4501 val_loss 0.4859
Epoch 163/500: train_loss: 0.4485 val_loss 0.4851
Epoch 164/500: train_loss: 0.4493 val_loss 0.4884
Epoch 165/500: train_loss: 0.4464 val_loss 0.4865
Epoch 166/500: train_loss: 0.4574 val_loss 0.4865
Epoch 167/500: train_loss: 0.4479 val_loss 0.4865
Epoch 168/500: train_loss: 0.4465 val_loss 0.4865
Epoch 169/500: train_loss: 0.4513 val_loss 0.4862
Epoch 170/500: train_loss: 0.4481 val_loss 0.4870
Epoch 171/500: train_loss: 0.4485 val_loss 0.4854
Epoch 172/500: train_loss: 0.4477 val_loss 0.4906
Epoch 173/500: train_loss: 0.4474 val_loss 0.4848
Epoch 174/500: train_loss: 0.4494 val_loss 0.4906
Epoch 175/500: train_loss: 0.4528 val_loss 0.4834
Saved at epoch 175.
Epoch 176/500: train_loss: 0.4496 val_loss 0.4862
Epoch 177/500: train_loss: 0.4478 val_loss 0.4857
Epoch 178/500: train_loss: 0.4457 val_loss 0.4862
Epoch 179/500: train_loss: 0.4506 val_loss 0.4851
Epoch 180/500: train_loss: 0.4470 val_loss 0.4855
Epoch 181/500: train_loss: 0.4493 val_loss 0.4875
Epoch 182/500: train_loss: 0.4491 val_loss 0.4848
Epoch 183/500: train_loss: 0.4476 val_loss 0.4848
Epoch 184/500: train_loss: 0.4465 val_loss 0.4845
Epoch 185/500: train_loss: 0.4504 val_loss 0.4867
Epoch 186/500: train_loss: 0.4471 val_loss 0.4841
Epoch 187/500: train_loss: 0.4446 val_loss 0.4868
Epoch 188/500: train_loss: 0.4451 val_loss 0.4869
Epoch 189/500: train_loss: 0.4465 val_loss 0.4885
Epoch 190/500: train_loss: 0.4471 val_loss 0.4845
Epoch 191/500: train_loss: 0.4492 val_loss 0.4862
Epoch 192/500: train_loss: 0.4463 val_loss 0.4867
Epoch 193/500: train_loss: 0.4485 val_loss 0.4850
Epoch 194/500: train_loss: 0.4472 val_loss 0.4879
Epoch 195/500: train_loss: 0.4451 val_loss 0.4853
Epoch 196/500: train_loss: 0.4475 val_loss 0.4854
Epoch 197/500: train_loss: 0.4490 val_loss 0.4847
Epoch 198/500: train_loss: 0.4462 val_loss 0.4847
Epoch 199/500: train_loss: 0.4458 val_loss 0.4844
Epoch 200/500: train_loss: 0.4448 val_loss 0.4865
Epoch 201/500: train_loss: 0.4443 val_loss 0.4829
Saved at epoch 201.
Epoch 202/500: train_loss: 0.4440 val_loss 0.4849
Epoch 203/500: train_loss: 0.4454 val_loss 0.4845
Epoch 204/500: train_loss: 0.4453 val_loss 0.4857
Epoch 205/500: train_loss: 0.4455 val_loss 0.4827
Saved at epoch 205.
Epoch 206/500: train_loss: 0.4454 val_loss 0.4833
Epoch 207/500: train_loss: 0.4454 val_loss 0.4905
Epoch 208/500: train_loss: 0.4512 val_loss 0.4839
Epoch 209/500: train_loss: 0.4490 val_loss 0.4831
Epoch 210/500: train_loss: 0.4459 val_loss 0.4825
Saved at epoch 210.
Epoch 211/500: train_loss: 0.4449 val_loss 0.4878
Epoch 212/500: train_loss: 0.4465 val_loss 0.4843
Epoch 213/500: train_loss: 0.4456 val_loss 0.4864
Epoch 214/500: train_loss: 0.4458 val_loss 0.4855
Epoch 215/500: train_loss: 0.4445 val_loss 0.4839
Epoch 216/500: train_loss: 0.4437 val_loss 0.4834
Epoch 217/500: train_loss: 0.4460 val_loss 0.4837
Epoch 218/500: train_loss: 0.4518 val_loss 0.4871
Epoch 219/500: train_loss: 0.4484 val_loss 0.4826
Epoch 220/500: train_loss: 0.4448 val_loss 0.4869
Epoch 221/500: train_loss: 0.4426 val_loss 0.4836
Epoch 222/500: train_loss: 0.4473 val_loss 0.4860
Epoch 223/500: train_loss: 0.4427 val_loss 0.4849
Epoch 224/500: train_loss: 0.4432 val_loss 0.4837
Epoch 225/500: train_loss: 0.4448 val_loss 0.4823
Saved at epoch 225.
Epoch 226/500: train_loss: 0.4495 val_loss 0.4883
Epoch 227/500: train_loss: 0.4439 val_loss 0.4835
Epoch 228/500: train_loss: 0.4455 val_loss 0.4838
Epoch 229/500: train_loss: 0.4463 val_loss 0.4830
Epoch 230/500: train_loss: 0.4439 val_loss 0.4847
Epoch 231/500: train_loss: 0.4434 val_loss 0.4847
Epoch 232/500: train_loss: 0.4451 val_loss 0.4832
Epoch 233/500: train_loss: 0.4435 val_loss 0.4850
Epoch 234/500: train_loss: 0.4422 val_loss 0.4843
Epoch 235/500: train_loss: 0.4437 val_loss 0.4833
Epoch 236/500: train_loss: 0.4457 val_loss 0.4835
Epoch 237/500: train_loss: 0.4426 val_loss 0.4868
Epoch 238/500: train_loss: 0.4485 val_loss 0.4851
Epoch 239/500: train_loss: 0.4450 val_loss 0.4847
Epoch 240/500: train_loss: 0.4406 val_loss 0.4835
Epoch 241/500: train_loss: 0.4446 val_loss 0.4843
Epoch 242/500: train_loss: 0.4485 val_loss 0.4839
Epoch 243/500: train_loss: 0.4463 val_loss 0.4848
Epoch 244/500: train_loss: 0.4412 val_loss 0.4827
Epoch 245/500: train_loss: 0.4442 val_loss 0.4824
Epoch 246/500: train_loss: 0.4416 val_loss 0.4873
Epoch 247/500: train_loss: 0.4450 val_loss 0.4843
Epoch 248/500: train_loss: 0.4427 val_loss 0.4814
Saved at epoch 248.
Epoch 249/500: train_loss: 0.4451 val_loss 0.4873
Epoch 250/500: train_loss: 0.4476 val_loss 0.4831
Epoch 251/500: train_loss: 0.4428 val_loss 0.4874
Epoch 252/500: train_loss: 0.4458 val_loss 0.4827
Epoch 253/500: train_loss: 0.4440 val_loss 0.4835
Epoch 254/500: train_loss: 0.4421 val_loss 0.4850
Epoch 255/500: train_loss: 0.4410 val_loss 0.4833
Epoch 256/500: train_loss: 0.4435 val_loss 0.4896
Epoch 257/500: train_loss: 0.4443 val_loss 0.4846
Epoch 258/500: train_loss: 0.4471 val_loss 0.4829
Epoch 259/500: train_loss: 0.4446 val_loss 0.4863
Epoch 260/500: train_loss: 0.4421 val_loss 0.4825
Epoch 261/500: train_loss: 0.4418 val_loss 0.4861
Epoch 262/500: train_loss: 0.4443 val_loss 0.4826
Epoch 263/500: train_loss: 0.4420 val_loss 0.4883
Epoch 264/500: train_loss: 0.4454 val_loss 0.4837
Epoch 265/500: train_loss: 0.4451 val_loss 0.4824
Epoch 266/500: train_loss: 0.4407 val_loss 0.4856
Epoch 267/500: train_loss: 0.4412 val_loss 0.4825
Epoch 268/500: train_loss: 0.4440 val_loss 0.4821
Epoch 269/500: train_loss: 0.4403 val_loss 0.4875
Epoch 270/500: train_loss: 0.4418 val_loss 0.4848
Epoch 271/500: train_loss: 0.4481 val_loss 0.4817
Epoch 272/500: train_loss: 0.4484 val_loss 0.4834
Epoch 273/500: train_loss: 0.4406 val_loss 0.4838
Epoch 274/500: train_loss: 0.4409 val_loss 0.4841
Epoch 275/500: train_loss: 0.4438 val_loss 0.4835
Epoch 276/500: train_loss: 0.4386 val_loss 0.4860
Epoch 277/500: train_loss: 0.4404 val_loss 0.4866
Epoch 278/500: train_loss: 0.4455 val_loss 0.4854
Epoch 279/500: train_loss: 0.4442 val_loss 0.4824
Epoch 280/500: train_loss: 0.4389 val_loss 0.4852
Epoch 281/500: train_loss: 0.4421 val_loss 0.4833
Epoch 282/500: train_loss: 0.4421 val_loss 0.4823
Epoch 283/500: train_loss: 0.4404 val_loss 0.4842
Epoch 284/500: train_loss: 0.4494 val_loss 0.4857
Epoch 285/500: train_loss: 0.4438 val_loss 0.4860
Epoch 286/500: train_loss: 0.4401 val_loss 0.4824
Epoch 287/500: train_loss: 0.4399 val_loss 0.4852
Epoch 288/500: train_loss: 0.4433 val_loss 0.4831
Epoch 289/500: train_loss: 0.4419 val_loss 0.4836
Epoch 290/500: train_loss: 0.4405 val_loss 0.4881
Epoch 291/500: train_loss: 0.4410 val_loss 0.4827
Epoch 292/500: train_loss: 0.4412 val_loss 0.4847
Epoch 293/500: train_loss: 0.4424 val_loss 0.4829
Epoch 294/500: train_loss: 0.4437 val_loss 0.4840
Epoch 295/500: train_loss: 0.4400 val_loss 0.4848
Epoch 296/500: train_loss: 0.4375 val_loss 0.4833
Epoch 297/500: train_loss: 0.4440 val_loss 0.4841
Epoch 298/500: train_loss: 0.4439 val_loss 0.4864
Early stopping at epoch 298.
Test Accuracy: 78.05%
