LD=10
Using: cuda
Epoch 1/500: train_loss: 0.6894 val_loss 0.6755
Saved at epoch 1.
Epoch 2/500: train_loss: 0.6329 val_loss 0.5993
Saved at epoch 2.
Epoch 3/500: train_loss: 0.5813 val_loss 0.5797
Saved at epoch 3.
Epoch 4/500: train_loss: 0.5642 val_loss 0.5699
Saved at epoch 4.
Epoch 5/500: train_loss: 0.5533 val_loss 0.5631
Saved at epoch 5.
Epoch 6/500: train_loss: 0.5448 val_loss 0.5582
Saved at epoch 6.
Epoch 7/500: train_loss: 0.5411 val_loss 0.5517
Saved at epoch 7.
Epoch 8/500: train_loss: 0.5307 val_loss 0.5464
Saved at epoch 8.
Epoch 9/500: train_loss: 0.5301 val_loss 0.5416
Saved at epoch 9.
Epoch 10/500: train_loss: 0.5247 val_loss 0.5364
Saved at epoch 10.
Epoch 11/500: train_loss: 0.5185 val_loss 0.5316
Saved at epoch 11.
Epoch 12/500: train_loss: 0.5129 val_loss 0.5256
Saved at epoch 12.
Epoch 13/500: train_loss: 0.5085 val_loss 0.5225
Saved at epoch 13.
Epoch 14/500: train_loss: 0.5077 val_loss 0.5178
Saved at epoch 14.
Epoch 15/500: train_loss: 0.5004 val_loss 0.5151
Saved at epoch 15.
Epoch 16/500: train_loss: 0.4979 val_loss 0.5103
Saved at epoch 16.
Epoch 17/500: train_loss: 0.4972 val_loss 0.5080
Saved at epoch 17.
Epoch 18/500: train_loss: 0.4954 val_loss 0.5034
Saved at epoch 18.
Epoch 19/500: train_loss: 0.4898 val_loss 0.5010
Saved at epoch 19.
Epoch 20/500: train_loss: 0.4838 val_loss 0.4988
Saved at epoch 20.
Epoch 21/500: train_loss: 0.4844 val_loss 0.4946
Saved at epoch 21.
Epoch 22/500: train_loss: 0.4798 val_loss 0.4923
Saved at epoch 22.
Epoch 23/500: train_loss: 0.4768 val_loss 0.4896
Saved at epoch 23.
Epoch 24/500: train_loss: 0.4725 val_loss 0.4856
Saved at epoch 24.
Epoch 25/500: train_loss: 0.4731 val_loss 0.4830
Saved at epoch 25.
Epoch 26/500: train_loss: 0.4684 val_loss 0.4813
Saved at epoch 26.
Epoch 27/500: train_loss: 0.4676 val_loss 0.4767
Saved at epoch 27.
Epoch 28/500: train_loss: 0.4622 val_loss 0.4748
Saved at epoch 28.
Epoch 29/500: train_loss: 0.4585 val_loss 0.4701
Saved at epoch 29.
Epoch 30/500: train_loss: 0.4585 val_loss 0.4682
Saved at epoch 30.
Epoch 31/500: train_loss: 0.4544 val_loss 0.4674
Saved at epoch 31.
Epoch 32/500: train_loss: 0.4490 val_loss 0.4614
Saved at epoch 32.
Epoch 33/500: train_loss: 0.4488 val_loss 0.4590
Saved at epoch 33.
Epoch 34/500: train_loss: 0.4485 val_loss 0.4563
Saved at epoch 34.
Epoch 35/500: train_loss: 0.4423 val_loss 0.4532
Saved at epoch 35.
Epoch 36/500: train_loss: 0.4392 val_loss 0.4505
Saved at epoch 36.
Epoch 37/500: train_loss: 0.4378 val_loss 0.4479
Saved at epoch 37.
Epoch 38/500: train_loss: 0.4377 val_loss 0.4471
Saved at epoch 38.
Epoch 39/500: train_loss: 0.4329 val_loss 0.4461
Saved at epoch 39.
Epoch 40/500: train_loss: 0.4330 val_loss 0.4398
Saved at epoch 40.
Epoch 41/500: train_loss: 0.4266 val_loss 0.4368
Saved at epoch 41.
Epoch 42/500: train_loss: 0.4256 val_loss 0.4344
Saved at epoch 42.
Epoch 43/500: train_loss: 0.4252 val_loss 0.4345
Epoch 44/500: train_loss: 0.4224 val_loss 0.4294
Saved at epoch 44.
Epoch 45/500: train_loss: 0.4187 val_loss 0.4294
Epoch 46/500: train_loss: 0.4156 val_loss 0.4241
Saved at epoch 46.
Epoch 47/500: train_loss: 0.4178 val_loss 0.4237
Saved at epoch 47.
Epoch 48/500: train_loss: 0.4123 val_loss 0.4215
Saved at epoch 48.
Epoch 49/500: train_loss: 0.4174 val_loss 0.4176
Saved at epoch 49.
Epoch 50/500: train_loss: 0.4079 val_loss 0.4167
Saved at epoch 50.
Epoch 51/500: train_loss: 0.4100 val_loss 0.4120
Saved at epoch 51.
Epoch 52/500: train_loss: 0.4055 val_loss 0.4129
Epoch 53/500: train_loss: 0.4025 val_loss 0.4093
Saved at epoch 53.
Epoch 54/500: train_loss: 0.4033 val_loss 0.4104
Epoch 55/500: train_loss: 0.4009 val_loss 0.4063
Saved at epoch 55.
Epoch 56/500: train_loss: 0.3990 val_loss 0.4060
Saved at epoch 56.
Epoch 57/500: train_loss: 0.3965 val_loss 0.4017
Saved at epoch 57.
Epoch 58/500: train_loss: 0.3952 val_loss 0.4003
Saved at epoch 58.
Epoch 59/500: train_loss: 0.3923 val_loss 0.3994
Saved at epoch 59.
Epoch 60/500: train_loss: 0.3953 val_loss 0.3980
Saved at epoch 60.
Epoch 61/500: train_loss: 0.3912 val_loss 0.3969
Saved at epoch 61.
Epoch 62/500: train_loss: 0.3862 val_loss 0.3958
Saved at epoch 62.
Epoch 63/500: train_loss: 0.3855 val_loss 0.3931
Saved at epoch 63.
Epoch 64/500: train_loss: 0.3906 val_loss 0.3957
Epoch 65/500: train_loss: 0.3842 val_loss 0.3925
Saved at epoch 65.
Epoch 66/500: train_loss: 0.3825 val_loss 0.3931
Epoch 67/500: train_loss: 0.3825 val_loss 0.3909
Saved at epoch 67.
Epoch 68/500: train_loss: 0.3821 val_loss 0.3902
Saved at epoch 68.
Epoch 69/500: train_loss: 0.3810 val_loss 0.3929
Epoch 70/500: train_loss: 0.3823 val_loss 0.3901
Saved at epoch 70.
Epoch 71/500: train_loss: 0.3793 val_loss 0.3870
Saved at epoch 71.
Epoch 72/500: train_loss: 0.3762 val_loss 0.3893
Epoch 73/500: train_loss: 0.3769 val_loss 0.3882
Epoch 74/500: train_loss: 0.3770 val_loss 0.3863
Saved at epoch 74.
Epoch 75/500: train_loss: 0.3777 val_loss 0.3836
Saved at epoch 75.
Epoch 76/500: train_loss: 0.3740 val_loss 0.3871
Epoch 77/500: train_loss: 0.3752 val_loss 0.3841
Epoch 78/500: train_loss: 0.3762 val_loss 0.3848
Epoch 79/500: train_loss: 0.3710 val_loss 0.3861
Epoch 80/500: train_loss: 0.3700 val_loss 0.3823
Saved at epoch 80.
Epoch 81/500: train_loss: 0.3710 val_loss 0.3815
Saved at epoch 81.
Epoch 82/500: train_loss: 0.3699 val_loss 0.3807
Saved at epoch 82.
Epoch 83/500: train_loss: 0.3713 val_loss 0.3798
Saved at epoch 83.
Epoch 84/500: train_loss: 0.3694 val_loss 0.3822
Epoch 85/500: train_loss: 0.3727 val_loss 0.3804
Epoch 86/500: train_loss: 0.3653 val_loss 0.3778
Saved at epoch 86.
Epoch 87/500: train_loss: 0.3668 val_loss 0.3786
Epoch 88/500: train_loss: 0.3699 val_loss 0.3785
Epoch 89/500: train_loss: 0.3624 val_loss 0.3778
Saved at epoch 89.
Epoch 90/500: train_loss: 0.3639 val_loss 0.3817
Epoch 91/500: train_loss: 0.3685 val_loss 0.3769
Saved at epoch 91.
Epoch 92/500: train_loss: 0.3644 val_loss 0.3785
Epoch 93/500: train_loss: 0.3671 val_loss 0.3754
Saved at epoch 93.
Epoch 94/500: train_loss: 0.3630 val_loss 0.3757
Epoch 95/500: train_loss: 0.3649 val_loss 0.3781
Epoch 96/500: train_loss: 0.3599 val_loss 0.3746
Saved at epoch 96.
Epoch 97/500: train_loss: 0.3633 val_loss 0.3765
Epoch 98/500: train_loss: 0.3586 val_loss 0.3750
Epoch 99/500: train_loss: 0.3640 val_loss 0.3738
Saved at epoch 99.
Epoch 100/500: train_loss: 0.3612 val_loss 0.3736
Saved at epoch 100.
Epoch 101/500: train_loss: 0.3599 val_loss 0.3750
Epoch 102/500: train_loss: 0.3643 val_loss 0.3735
Saved at epoch 102.
Epoch 103/500: train_loss: 0.3603 val_loss 0.3749
Epoch 104/500: train_loss: 0.3609 val_loss 0.3769
Epoch 105/500: train_loss: 0.3578 val_loss 0.3751
Epoch 106/500: train_loss: 0.3610 val_loss 0.3728
Saved at epoch 106.
Epoch 107/500: train_loss: 0.3547 val_loss 0.3786
Epoch 108/500: train_loss: 0.3571 val_loss 0.3743
Epoch 109/500: train_loss: 0.3529 val_loss 0.3733
Epoch 110/500: train_loss: 0.3552 val_loss 0.3786
Epoch 111/500: train_loss: 0.3522 val_loss 0.3717
Saved at epoch 111.
Epoch 112/500: train_loss: 0.3548 val_loss 0.3733
Epoch 113/500: train_loss: 0.3560 val_loss 0.3725
Epoch 114/500: train_loss: 0.3548 val_loss 0.3708
Saved at epoch 114.
Epoch 115/500: train_loss: 0.3564 val_loss 0.3740
Epoch 116/500: train_loss: 0.3536 val_loss 0.3711
Epoch 117/500: train_loss: 0.3555 val_loss 0.3725
Epoch 118/500: train_loss: 0.3520 val_loss 0.3712
Epoch 119/500: train_loss: 0.3505 val_loss 0.3737
Epoch 120/500: train_loss: 0.3520 val_loss 0.3731
Epoch 121/500: train_loss: 0.3517 val_loss 0.3731
Epoch 122/500: train_loss: 0.3507 val_loss 0.3733
Epoch 123/500: train_loss: 0.3512 val_loss 0.3725
Epoch 124/500: train_loss: 0.3520 val_loss 0.3732
Epoch 125/500: train_loss: 0.3524 val_loss 0.3720
Epoch 126/500: train_loss: 0.3509 val_loss 0.3716
Epoch 127/500: train_loss: 0.3519 val_loss 0.3754
Epoch 128/500: train_loss: 0.3527 val_loss 0.3741
Epoch 129/500: train_loss: 0.3500 val_loss 0.3740
Epoch 130/500: train_loss: 0.3507 val_loss 0.3726
Epoch 131/500: train_loss: 0.3525 val_loss 0.3712
Epoch 132/500: train_loss: 0.3514 val_loss 0.3726
Epoch 133/500: train_loss: 0.3473 val_loss 0.3711
Epoch 134/500: train_loss: 0.3489 val_loss 0.3732
Epoch 135/500: train_loss: 0.3454 val_loss 0.3731
Epoch 136/500: train_loss: 0.3474 val_loss 0.3712
Epoch 137/500: train_loss: 0.3459 val_loss 0.3729
Epoch 138/500: train_loss: 0.3456 val_loss 0.3729
Epoch 139/500: train_loss: 0.3444 val_loss 0.3722
Epoch 140/500: train_loss: 0.3450 val_loss 0.3703
Saved at epoch 140.
Epoch 141/500: train_loss: 0.3439 val_loss 0.3761
Epoch 142/500: train_loss: 0.3438 val_loss 0.3696
Saved at epoch 142.
Epoch 143/500: train_loss: 0.3479 val_loss 0.3727
Epoch 144/500: train_loss: 0.3470 val_loss 0.3700
Epoch 145/500: train_loss: 0.3428 val_loss 0.3722
Epoch 146/500: train_loss: 0.3447 val_loss 0.3735
Epoch 147/500: train_loss: 0.3404 val_loss 0.3736
Epoch 148/500: train_loss: 0.3435 val_loss 0.3705
Epoch 149/500: train_loss: 0.3442 val_loss 0.3714
Epoch 150/500: train_loss: 0.3420 val_loss 0.3721
Epoch 151/500: train_loss: 0.3424 val_loss 0.3751
Epoch 152/500: train_loss: 0.3412 val_loss 0.3702
Epoch 153/500: train_loss: 0.3408 val_loss 0.3748
Epoch 154/500: train_loss: 0.3417 val_loss 0.3732
Epoch 155/500: train_loss: 0.3415 val_loss 0.3714
Epoch 156/500: train_loss: 0.3371 val_loss 0.3728
Epoch 157/500: train_loss: 0.3377 val_loss 0.3703
Epoch 158/500: train_loss: 0.3398 val_loss 0.3759
Epoch 159/500: train_loss: 0.3440 val_loss 0.3727
Epoch 160/500: train_loss: 0.3397 val_loss 0.3728
Epoch 161/500: train_loss: 0.3363 val_loss 0.3720
Epoch 162/500: train_loss: 0.3367 val_loss 0.3767
Epoch 163/500: train_loss: 0.3359 val_loss 0.3703
Epoch 164/500: train_loss: 0.3347 val_loss 0.3744
Epoch 165/500: train_loss: 0.3392 val_loss 0.3734
Epoch 166/500: train_loss: 0.3336 val_loss 0.3737
Epoch 167/500: train_loss: 0.3374 val_loss 0.3699
Epoch 168/500: train_loss: 0.3346 val_loss 0.3730
Epoch 169/500: train_loss: 0.3358 val_loss 0.3688
Saved at epoch 169.
Epoch 170/500: train_loss: 0.3348 val_loss 0.3727
Epoch 171/500: train_loss: 0.3320 val_loss 0.3744
Epoch 172/500: train_loss: 0.3334 val_loss 0.3692
Epoch 173/500: train_loss: 0.3359 val_loss 0.3716
Epoch 174/500: train_loss: 0.3336 val_loss 0.3714
Epoch 175/500: train_loss: 0.3320 val_loss 0.3704
Epoch 176/500: train_loss: 0.3332 val_loss 0.3706
Epoch 177/500: train_loss: 0.3311 val_loss 0.3714
Epoch 178/500: train_loss: 0.3393 val_loss 0.3719
Epoch 179/500: train_loss: 0.3306 val_loss 0.3698
Epoch 180/500: train_loss: 0.3326 val_loss 0.3698
Epoch 181/500: train_loss: 0.3298 val_loss 0.3687
Saved at epoch 181.
Epoch 182/500: train_loss: 0.3322 val_loss 0.3717
Epoch 183/500: train_loss: 0.3306 val_loss 0.3696
Epoch 184/500: train_loss: 0.3316 val_loss 0.3710
Epoch 185/500: train_loss: 0.3323 val_loss 0.3726
Epoch 186/500: train_loss: 0.3339 val_loss 0.3692
Epoch 187/500: train_loss: 0.3300 val_loss 0.3701
Epoch 188/500: train_loss: 0.3315 val_loss 0.3675
Saved at epoch 188.
Epoch 189/500: train_loss: 0.3349 val_loss 0.3693
Epoch 190/500: train_loss: 0.3312 val_loss 0.3691
Epoch 191/500: train_loss: 0.3318 val_loss 0.3764
Epoch 192/500: train_loss: 0.3351 val_loss 0.3681
Epoch 193/500: train_loss: 0.3302 val_loss 0.3712
Epoch 194/500: train_loss: 0.3275 val_loss 0.3701
Epoch 195/500: train_loss: 0.3299 val_loss 0.3689
Epoch 196/500: train_loss: 0.3294 val_loss 0.3718
Epoch 197/500: train_loss: 0.3259 val_loss 0.3692
Epoch 198/500: train_loss: 0.3287 val_loss 0.3689
Epoch 199/500: train_loss: 0.3270 val_loss 0.3722
Epoch 200/500: train_loss: 0.3263 val_loss 0.3692
Epoch 201/500: train_loss: 0.3295 val_loss 0.3754
Epoch 202/500: train_loss: 0.3295 val_loss 0.3701
Epoch 203/500: train_loss: 0.3279 val_loss 0.3712
Epoch 204/500: train_loss: 0.3247 val_loss 0.3683
Epoch 205/500: train_loss: 0.3324 val_loss 0.3708
Epoch 206/500: train_loss: 0.3252 val_loss 0.3714
Epoch 207/500: train_loss: 0.3291 val_loss 0.3718
Epoch 208/500: train_loss: 0.3270 val_loss 0.3701
Epoch 209/500: train_loss: 0.3241 val_loss 0.3692
Epoch 210/500: train_loss: 0.3224 val_loss 0.3720
Epoch 211/500: train_loss: 0.3259 val_loss 0.3716
Epoch 212/500: train_loss: 0.3237 val_loss 0.3732
Epoch 213/500: train_loss: 0.3235 val_loss 0.3692
Epoch 214/500: train_loss: 0.3261 val_loss 0.3693
Epoch 215/500: train_loss: 0.3238 val_loss 0.3719
Epoch 216/500: train_loss: 0.3223 val_loss 0.3692
Epoch 217/500: train_loss: 0.3252 val_loss 0.3715
Epoch 218/500: train_loss: 0.3282 val_loss 0.3701
Epoch 219/500: train_loss: 0.3224 val_loss 0.3693
Epoch 220/500: train_loss: 0.3256 val_loss 0.3714
Epoch 221/500: train_loss: 0.3242 val_loss 0.3756
Epoch 222/500: train_loss: 0.3205 val_loss 0.3733
Epoch 223/500: train_loss: 0.3238 val_loss 0.3689
Epoch 224/500: train_loss: 0.3229 val_loss 0.3729
Epoch 225/500: train_loss: 0.3270 val_loss 0.3724
Epoch 226/500: train_loss: 0.3219 val_loss 0.3692
Epoch 227/500: train_loss: 0.3211 val_loss 0.3707
Epoch 228/500: train_loss: 0.3243 val_loss 0.3718
Epoch 229/500: train_loss: 0.3260 val_loss 0.3684
Epoch 230/500: train_loss: 0.3204 val_loss 0.3741
Epoch 231/500: train_loss: 0.3225 val_loss 0.3703
Epoch 232/500: train_loss: 0.3187 val_loss 0.3698
Epoch 233/500: train_loss: 0.3213 val_loss 0.3711
Epoch 234/500: train_loss: 0.3195 val_loss 0.3722
Epoch 235/500: train_loss: 0.3196 val_loss 0.3738
Epoch 236/500: train_loss: 0.3198 val_loss 0.3700
Epoch 237/500: train_loss: 0.3187 val_loss 0.3703
Epoch 238/500: train_loss: 0.3229 val_loss 0.3699
Early stopping at epoch 238.
Test Accuracy: 83.90%
