LD=2
Using: cuda
Epoch 1/500: train_loss: 0.6118 val_loss 0.6017
Saved at epoch 1.
Epoch 2/500: train_loss: 0.6002 val_loss 0.5978
Saved at epoch 2.
Epoch 3/500: train_loss: 0.5931 val_loss 0.5949
Saved at epoch 3.
Epoch 4/500: train_loss: 0.5873 val_loss 0.5915
Saved at epoch 4.
Epoch 5/500: train_loss: 0.5867 val_loss 0.5914
Saved at epoch 5.
Epoch 6/500: train_loss: 0.5842 val_loss 0.5876
Saved at epoch 6.
Epoch 7/500: train_loss: 0.5778 val_loss 0.5854
Saved at epoch 7.
Epoch 8/500: train_loss: 0.5785 val_loss 0.5836
Saved at epoch 8.
Epoch 9/500: train_loss: 0.5773 val_loss 0.5846
Epoch 10/500: train_loss: 0.5747 val_loss 0.5791
Saved at epoch 10.
Epoch 11/500: train_loss: 0.5760 val_loss 0.5778
Saved at epoch 11.
Epoch 12/500: train_loss: 0.5707 val_loss 0.5756
Saved at epoch 12.
Epoch 13/500: train_loss: 0.5666 val_loss 0.5735
Saved at epoch 13.
Epoch 14/500: train_loss: 0.5672 val_loss 0.5722
Saved at epoch 14.
Epoch 15/500: train_loss: 0.5625 val_loss 0.5685
Saved at epoch 15.
Epoch 16/500: train_loss: 0.5568 val_loss 0.5667
Saved at epoch 16.
Epoch 17/500: train_loss: 0.5566 val_loss 0.5638
Saved at epoch 17.
Epoch 18/500: train_loss: 0.5539 val_loss 0.5619
Saved at epoch 18.
Epoch 19/500: train_loss: 0.5495 val_loss 0.5614
Saved at epoch 19.
Epoch 20/500: train_loss: 0.5488 val_loss 0.5589
Saved at epoch 20.
Epoch 21/500: train_loss: 0.5477 val_loss 0.5572
Saved at epoch 21.
Epoch 22/500: train_loss: 0.5459 val_loss 0.5565
Saved at epoch 22.
Epoch 23/500: train_loss: 0.5411 val_loss 0.5533
Saved at epoch 23.
Epoch 24/500: train_loss: 0.5428 val_loss 0.5523
Saved at epoch 24.
Epoch 25/500: train_loss: 0.5397 val_loss 0.5515
Saved at epoch 25.
Epoch 26/500: train_loss: 0.5413 val_loss 0.5501
Saved at epoch 26.
Epoch 27/500: train_loss: 0.5369 val_loss 0.5490
Saved at epoch 27.
Epoch 28/500: train_loss: 0.5354 val_loss 0.5481
Saved at epoch 28.
Epoch 29/500: train_loss: 0.5344 val_loss 0.5464
Saved at epoch 29.
Epoch 30/500: train_loss: 0.5357 val_loss 0.5442
Saved at epoch 30.
Epoch 31/500: train_loss: 0.5348 val_loss 0.5441
Saved at epoch 31.
Epoch 32/500: train_loss: 0.5333 val_loss 0.5428
Saved at epoch 32.
Epoch 33/500: train_loss: 0.5317 val_loss 0.5414
Saved at epoch 33.
Epoch 34/500: train_loss: 0.5277 val_loss 0.5402
Saved at epoch 34.
Epoch 35/500: train_loss: 0.5274 val_loss 0.5392
Saved at epoch 35.
Epoch 36/500: train_loss: 0.5283 val_loss 0.5393
Epoch 37/500: train_loss: 0.5258 val_loss 0.5369
Saved at epoch 37.
Epoch 38/500: train_loss: 0.5260 val_loss 0.5363
Saved at epoch 38.
Epoch 39/500: train_loss: 0.5283 val_loss 0.5328
Saved at epoch 39.
Epoch 40/500: train_loss: 0.5242 val_loss 0.5330
Epoch 41/500: train_loss: 0.5207 val_loss 0.5327
Saved at epoch 41.
Epoch 42/500: train_loss: 0.5219 val_loss 0.5329
Epoch 43/500: train_loss: 0.5212 val_loss 0.5306
Saved at epoch 43.
Epoch 44/500: train_loss: 0.5194 val_loss 0.5300
Saved at epoch 44.
Epoch 45/500: train_loss: 0.5170 val_loss 0.5284
Saved at epoch 45.
Epoch 46/500: train_loss: 0.5153 val_loss 0.5280
Saved at epoch 46.
Epoch 47/500: train_loss: 0.5161 val_loss 0.5268
Saved at epoch 47.
Epoch 48/500: train_loss: 0.5157 val_loss 0.5266
Saved at epoch 48.
Epoch 49/500: train_loss: 0.5144 val_loss 0.5261
Saved at epoch 49.
Epoch 50/500: train_loss: 0.5162 val_loss 0.5248
Saved at epoch 50.
Epoch 51/500: train_loss: 0.5123 val_loss 0.5235
Saved at epoch 51.
Epoch 52/500: train_loss: 0.5123 val_loss 0.5229
Saved at epoch 52.
Epoch 53/500: train_loss: 0.5100 val_loss 0.5227
Saved at epoch 53.
Epoch 54/500: train_loss: 0.5097 val_loss 0.5226
Saved at epoch 54.
Epoch 55/500: train_loss: 0.5139 val_loss 0.5201
Saved at epoch 55.
Epoch 56/500: train_loss: 0.5084 val_loss 0.5210
Epoch 57/500: train_loss: 0.5067 val_loss 0.5185
Saved at epoch 57.
Epoch 58/500: train_loss: 0.5097 val_loss 0.5181
Saved at epoch 58.
Epoch 59/500: train_loss: 0.5065 val_loss 0.5182
Epoch 60/500: train_loss: 0.5058 val_loss 0.5170
Saved at epoch 60.
Epoch 61/500: train_loss: 0.5020 val_loss 0.5153
Saved at epoch 61.
Epoch 62/500: train_loss: 0.5035 val_loss 0.5149
Saved at epoch 62.
Epoch 63/500: train_loss: 0.5027 val_loss 0.5148
Saved at epoch 63.
Epoch 64/500: train_loss: 0.5000 val_loss 0.5139
Saved at epoch 64.
Epoch 65/500: train_loss: 0.5004 val_loss 0.5142
Epoch 66/500: train_loss: 0.4970 val_loss 0.5129
Saved at epoch 66.
Epoch 67/500: train_loss: 0.4967 val_loss 0.5126
Saved at epoch 67.
Epoch 68/500: train_loss: 0.4981 val_loss 0.5121
Saved at epoch 68.
Epoch 69/500: train_loss: 0.4971 val_loss 0.5120
Saved at epoch 69.
Epoch 70/500: train_loss: 0.4938 val_loss 0.5104
Saved at epoch 70.
Epoch 71/500: train_loss: 0.4934 val_loss 0.5109
Epoch 72/500: train_loss: 0.4959 val_loss 0.5101
Saved at epoch 72.
Epoch 73/500: train_loss: 0.4929 val_loss 0.5088
Saved at epoch 73.
Epoch 74/500: train_loss: 0.4909 val_loss 0.5118
Epoch 75/500: train_loss: 0.4933 val_loss 0.5084
Saved at epoch 75.
Epoch 76/500: train_loss: 0.4896 val_loss 0.5082
Saved at epoch 76.
Epoch 77/500: train_loss: 0.4886 val_loss 0.5092
Epoch 78/500: train_loss: 0.4876 val_loss 0.5085
Epoch 79/500: train_loss: 0.4878 val_loss 0.5084
Epoch 80/500: train_loss: 0.4889 val_loss 0.5069
Saved at epoch 80.
Epoch 81/500: train_loss: 0.4858 val_loss 0.5058
Saved at epoch 81.
Epoch 82/500: train_loss: 0.4894 val_loss 0.5076
Epoch 83/500: train_loss: 0.4856 val_loss 0.5052
Saved at epoch 83.
Epoch 84/500: train_loss: 0.4884 val_loss 0.5046
Saved at epoch 84.
Epoch 85/500: train_loss: 0.4833 val_loss 0.5049
Epoch 86/500: train_loss: 0.4825 val_loss 0.5046
Epoch 87/500: train_loss: 0.4849 val_loss 0.5060
Epoch 88/500: train_loss: 0.4806 val_loss 0.5047
Epoch 89/500: train_loss: 0.4865 val_loss 0.5061
Epoch 90/500: train_loss: 0.4788 val_loss 0.5040
Saved at epoch 90.
Epoch 91/500: train_loss: 0.4833 val_loss 0.5036
Saved at epoch 91.
Epoch 92/500: train_loss: 0.4807 val_loss 0.5035
Saved at epoch 92.
Epoch 93/500: train_loss: 0.4787 val_loss 0.5037
Epoch 94/500: train_loss: 0.4805 val_loss 0.5020
Saved at epoch 94.
Epoch 95/500: train_loss: 0.4777 val_loss 0.5019
Saved at epoch 95.
Epoch 96/500: train_loss: 0.4794 val_loss 0.5031
Epoch 97/500: train_loss: 0.4770 val_loss 0.4975
Saved at epoch 97.
Epoch 98/500: train_loss: 0.4787 val_loss 0.4995
Epoch 99/500: train_loss: 0.4756 val_loss 0.5015
Epoch 100/500: train_loss: 0.4756 val_loss 0.5013
Epoch 101/500: train_loss: 0.4766 val_loss 0.4973
Saved at epoch 101.
Epoch 102/500: train_loss: 0.4741 val_loss 0.5023
Epoch 103/500: train_loss: 0.4756 val_loss 0.4991
Epoch 104/500: train_loss: 0.4731 val_loss 0.5006
Epoch 105/500: train_loss: 0.4745 val_loss 0.5019
Epoch 106/500: train_loss: 0.4739 val_loss 0.5020
Epoch 107/500: train_loss: 0.4722 val_loss 0.5039
Epoch 108/500: train_loss: 0.4711 val_loss 0.5034
Epoch 109/500: train_loss: 0.4702 val_loss 0.5038
Epoch 110/500: train_loss: 0.4689 val_loss 0.5041
Epoch 111/500: train_loss: 0.4680 val_loss 0.5032
Epoch 112/500: train_loss: 0.4692 val_loss 0.5038
Epoch 113/500: train_loss: 0.4684 val_loss 0.5051
Epoch 114/500: train_loss: 0.4690 val_loss 0.5056
Epoch 115/500: train_loss: 0.4667 val_loss 0.5051
Epoch 116/500: train_loss: 0.4691 val_loss 0.5051
Epoch 117/500: train_loss: 0.4664 val_loss 0.5017
Epoch 118/500: train_loss: 0.4658 val_loss 0.5067
Epoch 119/500: train_loss: 0.4656 val_loss 0.5041
Epoch 120/500: train_loss: 0.4651 val_loss 0.5050
Epoch 121/500: train_loss: 0.4636 val_loss 0.5040
Epoch 122/500: train_loss: 0.4618 val_loss 0.5051
Epoch 123/500: train_loss: 0.4623 val_loss 0.5064
Epoch 124/500: train_loss: 0.4618 val_loss 0.5045
Epoch 125/500: train_loss: 0.4613 val_loss 0.5030
Epoch 126/500: train_loss: 0.4621 val_loss 0.5068
Epoch 127/500: train_loss: 0.4633 val_loss 0.5052
Epoch 128/500: train_loss: 0.4629 val_loss 0.5086
Epoch 129/500: train_loss: 0.4642 val_loss 0.5058
Epoch 130/500: train_loss: 0.4615 val_loss 0.5029
Epoch 131/500: train_loss: 0.4589 val_loss 0.5041
Epoch 132/500: train_loss: 0.4633 val_loss 0.5076
Epoch 133/500: train_loss: 0.4598 val_loss 0.5073
Epoch 134/500: train_loss: 0.4599 val_loss 0.5051
Epoch 135/500: train_loss: 0.4603 val_loss 0.5053
Epoch 136/500: train_loss: 0.4569 val_loss 0.5053
Epoch 137/500: train_loss: 0.4572 val_loss 0.5076
Epoch 138/500: train_loss: 0.4612 val_loss 0.5070
Epoch 139/500: train_loss: 0.4577 val_loss 0.5060
Epoch 140/500: train_loss: 0.4573 val_loss 0.5059
Epoch 141/500: train_loss: 0.4566 val_loss 0.5094
Epoch 142/500: train_loss: 0.4573 val_loss 0.5120
Epoch 143/500: train_loss: 0.4573 val_loss 0.5055
Epoch 144/500: train_loss: 0.4607 val_loss 0.5105
Epoch 145/500: train_loss: 0.4549 val_loss 0.5077
Epoch 146/500: train_loss: 0.4564 val_loss 0.5076
Epoch 147/500: train_loss: 0.4562 val_loss 0.5074
Epoch 148/500: train_loss: 0.4556 val_loss 0.5078
Epoch 149/500: train_loss: 0.4560 val_loss 0.5081
Epoch 150/500: train_loss: 0.4554 val_loss 0.5079
Epoch 151/500: train_loss: 0.4538 val_loss 0.5109
Early stopping at epoch 151.
Test Accuracy: 77.07%
