LD=3
Using: cuda
Epoch 1/500: train_loss: 0.6769 val_loss 0.6433
Saved at epoch 1.
Epoch 2/500: train_loss: 0.6406 val_loss 0.6240
Saved at epoch 2.
Epoch 3/500: train_loss: 0.6261 val_loss 0.6135
Saved at epoch 3.
Epoch 4/500: train_loss: 0.6168 val_loss 0.6061
Saved at epoch 4.
Epoch 5/500: train_loss: 0.6110 val_loss 0.6016
Saved at epoch 5.
Epoch 6/500: train_loss: 0.6011 val_loss 0.5999
Saved at epoch 6.
Epoch 7/500: train_loss: 0.5975 val_loss 0.5948
Saved at epoch 7.
Epoch 8/500: train_loss: 0.5888 val_loss 0.5842
Saved at epoch 8.
Epoch 9/500: train_loss: 0.5753 val_loss 0.5746
Saved at epoch 9.
Epoch 10/500: train_loss: 0.5609 val_loss 0.5685
Saved at epoch 10.
Epoch 11/500: train_loss: 0.5523 val_loss 0.5618
Saved at epoch 11.
Epoch 12/500: train_loss: 0.5451 val_loss 0.5581
Saved at epoch 12.
Epoch 13/500: train_loss: 0.5398 val_loss 0.5540
Saved at epoch 13.
Epoch 14/500: train_loss: 0.5324 val_loss 0.5503
Saved at epoch 14.
Epoch 15/500: train_loss: 0.5270 val_loss 0.5471
Saved at epoch 15.
Epoch 16/500: train_loss: 0.5214 val_loss 0.5439
Saved at epoch 16.
Epoch 17/500: train_loss: 0.5165 val_loss 0.5417
Saved at epoch 17.
Epoch 18/500: train_loss: 0.5145 val_loss 0.5403
Saved at epoch 18.
Epoch 19/500: train_loss: 0.5142 val_loss 0.5387
Saved at epoch 19.
Epoch 20/500: train_loss: 0.5101 val_loss 0.5368
Saved at epoch 20.
Epoch 21/500: train_loss: 0.5055 val_loss 0.5337
Saved at epoch 21.
Epoch 22/500: train_loss: 0.5023 val_loss 0.5339
Epoch 23/500: train_loss: 0.5015 val_loss 0.5307
Saved at epoch 23.
Epoch 24/500: train_loss: 0.4996 val_loss 0.5293
Saved at epoch 24.
Epoch 25/500: train_loss: 0.4976 val_loss 0.5295
Epoch 26/500: train_loss: 0.4940 val_loss 0.5270
Saved at epoch 26.
Epoch 27/500: train_loss: 0.4930 val_loss 0.5273
Epoch 28/500: train_loss: 0.4917 val_loss 0.5248
Saved at epoch 28.
Epoch 29/500: train_loss: 0.4881 val_loss 0.5238
Saved at epoch 29.
Epoch 30/500: train_loss: 0.4877 val_loss 0.5221
Saved at epoch 30.
Epoch 31/500: train_loss: 0.4853 val_loss 0.5218
Saved at epoch 31.
Epoch 32/500: train_loss: 0.4814 val_loss 0.5201
Saved at epoch 32.
Epoch 33/500: train_loss: 0.4840 val_loss 0.5188
Saved at epoch 33.
Epoch 34/500: train_loss: 0.4805 val_loss 0.5203
Epoch 35/500: train_loss: 0.4814 val_loss 0.5182
Saved at epoch 35.
Epoch 36/500: train_loss: 0.4788 val_loss 0.5175
Saved at epoch 36.
Epoch 37/500: train_loss: 0.4757 val_loss 0.5170
Saved at epoch 37.
Epoch 38/500: train_loss: 0.4785 val_loss 0.5154
Saved at epoch 38.
Epoch 39/500: train_loss: 0.4736 val_loss 0.5177
Epoch 40/500: train_loss: 0.4754 val_loss 0.5142
Saved at epoch 40.
Epoch 41/500: train_loss: 0.4728 val_loss 0.5142
Epoch 42/500: train_loss: 0.4695 val_loss 0.5146
Epoch 43/500: train_loss: 0.4740 val_loss 0.5120
Saved at epoch 43.
Epoch 44/500: train_loss: 0.4724 val_loss 0.5126
Epoch 45/500: train_loss: 0.4687 val_loss 0.5120
Saved at epoch 45.
Epoch 46/500: train_loss: 0.4687 val_loss 0.5112
Saved at epoch 46.
Epoch 47/500: train_loss: 0.4681 val_loss 0.5099
Saved at epoch 47.
Epoch 48/500: train_loss: 0.4687 val_loss 0.5079
Saved at epoch 48.
Epoch 49/500: train_loss: 0.4674 val_loss 0.5092
Epoch 50/500: train_loss: 0.4647 val_loss 0.5094
Epoch 51/500: train_loss: 0.4637 val_loss 0.5080
Epoch 52/500: train_loss: 0.4660 val_loss 0.5076
Saved at epoch 52.
Epoch 53/500: train_loss: 0.4620 val_loss 0.5073
Saved at epoch 53.
Epoch 54/500: train_loss: 0.4641 val_loss 0.5058
Saved at epoch 54.
Epoch 55/500: train_loss: 0.4630 val_loss 0.5074
Epoch 56/500: train_loss: 0.4606 val_loss 0.5064
Epoch 57/500: train_loss: 0.4596 val_loss 0.5044
Saved at epoch 57.
Epoch 58/500: train_loss: 0.4589 val_loss 0.5034
Saved at epoch 58.
Epoch 59/500: train_loss: 0.4595 val_loss 0.5046
Epoch 60/500: train_loss: 0.4553 val_loss 0.5050
Epoch 61/500: train_loss: 0.4555 val_loss 0.5050
Epoch 62/500: train_loss: 0.4575 val_loss 0.5031
Saved at epoch 62.
Epoch 63/500: train_loss: 0.4540 val_loss 0.5029
Saved at epoch 63.
Epoch 64/500: train_loss: 0.4569 val_loss 0.5037
Epoch 65/500: train_loss: 0.4540 val_loss 0.5023
Saved at epoch 65.
Epoch 66/500: train_loss: 0.4549 val_loss 0.5014
Saved at epoch 66.
Epoch 67/500: train_loss: 0.4551 val_loss 0.5033
Epoch 68/500: train_loss: 0.4547 val_loss 0.5028
Epoch 69/500: train_loss: 0.4574 val_loss 0.5030
Epoch 70/500: train_loss: 0.4531 val_loss 0.5025
Epoch 71/500: train_loss: 0.4531 val_loss 0.5025
Epoch 72/500: train_loss: 0.4515 val_loss 0.5017
Epoch 73/500: train_loss: 0.4515 val_loss 0.5027
Epoch 74/500: train_loss: 0.4503 val_loss 0.5020
Epoch 75/500: train_loss: 0.4505 val_loss 0.5016
Epoch 76/500: train_loss: 0.4512 val_loss 0.5039
Epoch 77/500: train_loss: 0.4464 val_loss 0.5017
Epoch 78/500: train_loss: 0.4495 val_loss 0.4984
Saved at epoch 78.
Epoch 79/500: train_loss: 0.4471 val_loss 0.5018
Epoch 80/500: train_loss: 0.4508 val_loss 0.5014
Epoch 81/500: train_loss: 0.4505 val_loss 0.5018
Epoch 82/500: train_loss: 0.4488 val_loss 0.5012
Epoch 83/500: train_loss: 0.4522 val_loss 0.5030
Epoch 84/500: train_loss: 0.4483 val_loss 0.5017
Epoch 85/500: train_loss: 0.4498 val_loss 0.5005
Epoch 86/500: train_loss: 0.4492 val_loss 0.5026
Epoch 87/500: train_loss: 0.4449 val_loss 0.5030
Epoch 88/500: train_loss: 0.4454 val_loss 0.5010
Epoch 89/500: train_loss: 0.4471 val_loss 0.5034
Epoch 90/500: train_loss: 0.4480 val_loss 0.5031
Epoch 91/500: train_loss: 0.4447 val_loss 0.5007
Epoch 92/500: train_loss: 0.4509 val_loss 0.5015
Epoch 93/500: train_loss: 0.4481 val_loss 0.5029
Epoch 94/500: train_loss: 0.4437 val_loss 0.5017
Epoch 95/500: train_loss: 0.4430 val_loss 0.5024
Epoch 96/500: train_loss: 0.4452 val_loss 0.5009
Epoch 97/500: train_loss: 0.4453 val_loss 0.5020
Epoch 98/500: train_loss: 0.4500 val_loss 0.5015
Epoch 99/500: train_loss: 0.4443 val_loss 0.5024
Epoch 100/500: train_loss: 0.4410 val_loss 0.5020
Epoch 101/500: train_loss: 0.4439 val_loss 0.5012
Epoch 102/500: train_loss: 0.4447 val_loss 0.5012
Epoch 103/500: train_loss: 0.4462 val_loss 0.5019
Epoch 104/500: train_loss: 0.4437 val_loss 0.5022
Epoch 105/500: train_loss: 0.4430 val_loss 0.5018
Epoch 106/500: train_loss: 0.4415 val_loss 0.5020
Epoch 107/500: train_loss: 0.4443 val_loss 0.5017
Epoch 108/500: train_loss: 0.4441 val_loss 0.5010
Epoch 109/500: train_loss: 0.4411 val_loss 0.5010
Epoch 110/500: train_loss: 0.4417 val_loss 0.5023
Epoch 111/500: train_loss: 0.4431 val_loss 0.5013
Epoch 112/500: train_loss: 0.4411 val_loss 0.5029
Epoch 113/500: train_loss: 0.4432 val_loss 0.5012
Epoch 114/500: train_loss: 0.4409 val_loss 0.5011
Epoch 115/500: train_loss: 0.4430 val_loss 0.5033
Epoch 116/500: train_loss: 0.4408 val_loss 0.5005
Epoch 117/500: train_loss: 0.4394 val_loss 0.5035
Epoch 118/500: train_loss: 0.4429 val_loss 0.5017
Epoch 119/500: train_loss: 0.4402 val_loss 0.5022
Epoch 120/500: train_loss: 0.4428 val_loss 0.5022
Epoch 121/500: train_loss: 0.4436 val_loss 0.5014
Epoch 122/500: train_loss: 0.4406 val_loss 0.5016
Epoch 123/500: train_loss: 0.4396 val_loss 0.5023
Epoch 124/500: train_loss: 0.4406 val_loss 0.5009
Epoch 125/500: train_loss: 0.4386 val_loss 0.5027
Epoch 126/500: train_loss: 0.4400 val_loss 0.5018
Epoch 127/500: train_loss: 0.4424 val_loss 0.5007
Epoch 128/500: train_loss: 0.4379 val_loss 0.5023
Early stopping at epoch 128.
Test Accuracy: 78.54%
