LD=5
Using: cuda
Epoch 1/500: train_loss: 0.6791 val_loss 0.6594
Saved at epoch 1.
Epoch 2/500: train_loss: 0.6509 val_loss 0.6402
Saved at epoch 2.
Epoch 3/500: train_loss: 0.6332 val_loss 0.6245
Saved at epoch 3.
Epoch 4/500: train_loss: 0.6175 val_loss 0.6120
Saved at epoch 4.
Epoch 5/500: train_loss: 0.6082 val_loss 0.6022
Saved at epoch 5.
Epoch 6/500: train_loss: 0.5994 val_loss 0.5947
Saved at epoch 6.
Epoch 7/500: train_loss: 0.5931 val_loss 0.5889
Saved at epoch 7.
Epoch 8/500: train_loss: 0.5895 val_loss 0.5844
Saved at epoch 8.
Epoch 9/500: train_loss: 0.5814 val_loss 0.5803
Saved at epoch 9.
Epoch 10/500: train_loss: 0.5774 val_loss 0.5760
Saved at epoch 10.
Epoch 11/500: train_loss: 0.5736 val_loss 0.5720
Saved at epoch 11.
Epoch 12/500: train_loss: 0.5683 val_loss 0.5676
Saved at epoch 12.
Epoch 13/500: train_loss: 0.5601 val_loss 0.5638
Saved at epoch 13.
Epoch 14/500: train_loss: 0.5576 val_loss 0.5602
Saved at epoch 14.
Epoch 15/500: train_loss: 0.5518 val_loss 0.5571
Saved at epoch 15.
Epoch 16/500: train_loss: 0.5487 val_loss 0.5542
Saved at epoch 16.
Epoch 17/500: train_loss: 0.5458 val_loss 0.5520
Saved at epoch 17.
Epoch 18/500: train_loss: 0.5418 val_loss 0.5485
Saved at epoch 18.
Epoch 19/500: train_loss: 0.5379 val_loss 0.5464
Saved at epoch 19.
Epoch 20/500: train_loss: 0.5362 val_loss 0.5442
Saved at epoch 20.
Epoch 21/500: train_loss: 0.5329 val_loss 0.5417
Saved at epoch 21.
Epoch 22/500: train_loss: 0.5296 val_loss 0.5395
Saved at epoch 22.
Epoch 23/500: train_loss: 0.5259 val_loss 0.5378
Saved at epoch 23.
Epoch 24/500: train_loss: 0.5251 val_loss 0.5361
Saved at epoch 24.
Epoch 25/500: train_loss: 0.5234 val_loss 0.5340
Saved at epoch 25.
Epoch 26/500: train_loss: 0.5160 val_loss 0.5328
Saved at epoch 26.
Epoch 27/500: train_loss: 0.5169 val_loss 0.5310
Saved at epoch 27.
Epoch 28/500: train_loss: 0.5129 val_loss 0.5295
Saved at epoch 28.
Epoch 29/500: train_loss: 0.5100 val_loss 0.5276
Saved at epoch 29.
Epoch 30/500: train_loss: 0.5100 val_loss 0.5259
Saved at epoch 30.
Epoch 31/500: train_loss: 0.5092 val_loss 0.5247
Saved at epoch 31.
Epoch 32/500: train_loss: 0.5081 val_loss 0.5248
Epoch 33/500: train_loss: 0.5017 val_loss 0.5220
Saved at epoch 33.
Epoch 34/500: train_loss: 0.5011 val_loss 0.5211
Saved at epoch 34.
Epoch 35/500: train_loss: 0.5028 val_loss 0.5188
Saved at epoch 35.
Epoch 36/500: train_loss: 0.4995 val_loss 0.5173
Saved at epoch 36.
Epoch 37/500: train_loss: 0.4969 val_loss 0.5160
Saved at epoch 37.
Epoch 38/500: train_loss: 0.4948 val_loss 0.5150
Saved at epoch 38.
Epoch 39/500: train_loss: 0.4965 val_loss 0.5142
Saved at epoch 39.
Epoch 40/500: train_loss: 0.4924 val_loss 0.5132
Saved at epoch 40.
Epoch 41/500: train_loss: 0.4962 val_loss 0.5128
Saved at epoch 41.
Epoch 42/500: train_loss: 0.4897 val_loss 0.5119
Saved at epoch 42.
Epoch 43/500: train_loss: 0.4885 val_loss 0.5103
Saved at epoch 43.
Epoch 44/500: train_loss: 0.4900 val_loss 0.5116
Epoch 45/500: train_loss: 0.4855 val_loss 0.5092
Saved at epoch 45.
Epoch 46/500: train_loss: 0.4871 val_loss 0.5088
Saved at epoch 46.
Epoch 47/500: train_loss: 0.4825 val_loss 0.5079
Saved at epoch 47.
Epoch 48/500: train_loss: 0.4854 val_loss 0.5084
Epoch 49/500: train_loss: 0.4828 val_loss 0.5073
Saved at epoch 49.
Epoch 50/500: train_loss: 0.4817 val_loss 0.5062
Saved at epoch 50.
Epoch 51/500: train_loss: 0.4800 val_loss 0.5054
Saved at epoch 51.
Epoch 52/500: train_loss: 0.4813 val_loss 0.5049
Saved at epoch 52.
Epoch 53/500: train_loss: 0.4774 val_loss 0.5051
Epoch 54/500: train_loss: 0.4794 val_loss 0.5041
Saved at epoch 54.
Epoch 55/500: train_loss: 0.4781 val_loss 0.5035
Saved at epoch 55.
Epoch 56/500: train_loss: 0.4745 val_loss 0.5034
Saved at epoch 56.
Epoch 57/500: train_loss: 0.4767 val_loss 0.5031
Saved at epoch 57.
Epoch 58/500: train_loss: 0.4746 val_loss 0.5023
Saved at epoch 58.
Epoch 59/500: train_loss: 0.4733 val_loss 0.5031
Epoch 60/500: train_loss: 0.4768 val_loss 0.5021
Saved at epoch 60.
Epoch 61/500: train_loss: 0.4777 val_loss 0.5016
Saved at epoch 61.
Epoch 62/500: train_loss: 0.4737 val_loss 0.5017
Epoch 63/500: train_loss: 0.4723 val_loss 0.5020
Epoch 64/500: train_loss: 0.4701 val_loss 0.5007
Saved at epoch 64.
Epoch 65/500: train_loss: 0.4729 val_loss 0.5000
Saved at epoch 65.
Epoch 66/500: train_loss: 0.4718 val_loss 0.4996
Saved at epoch 66.
Epoch 67/500: train_loss: 0.4718 val_loss 0.4997
Epoch 68/500: train_loss: 0.4706 val_loss 0.5002
Epoch 69/500: train_loss: 0.4702 val_loss 0.4982
Saved at epoch 69.
Epoch 70/500: train_loss: 0.4697 val_loss 0.4987
Epoch 71/500: train_loss: 0.4687 val_loss 0.4981
Saved at epoch 71.
Epoch 72/500: train_loss: 0.4689 val_loss 0.4980
Saved at epoch 72.
Epoch 73/500: train_loss: 0.4680 val_loss 0.4979
Saved at epoch 73.
Epoch 74/500: train_loss: 0.4684 val_loss 0.4977
Saved at epoch 74.
Epoch 75/500: train_loss: 0.4678 val_loss 0.4968
Saved at epoch 75.
Epoch 76/500: train_loss: 0.4677 val_loss 0.4969
Epoch 77/500: train_loss: 0.4668 val_loss 0.4965
Saved at epoch 77.
Epoch 78/500: train_loss: 0.4687 val_loss 0.4973
Epoch 79/500: train_loss: 0.4666 val_loss 0.4958
Saved at epoch 79.
Epoch 80/500: train_loss: 0.4697 val_loss 0.4956
Saved at epoch 80.
Epoch 81/500: train_loss: 0.4657 val_loss 0.4950
Saved at epoch 81.
Epoch 82/500: train_loss: 0.4697 val_loss 0.4948
Saved at epoch 82.
Epoch 83/500: train_loss: 0.4638 val_loss 0.4945
Saved at epoch 83.
Epoch 84/500: train_loss: 0.4634 val_loss 0.4946
Epoch 85/500: train_loss: 0.4633 val_loss 0.4941
Saved at epoch 85.
Epoch 86/500: train_loss: 0.4607 val_loss 0.4944
Epoch 87/500: train_loss: 0.4671 val_loss 0.4951
Epoch 88/500: train_loss: 0.4632 val_loss 0.4942
Epoch 89/500: train_loss: 0.4648 val_loss 0.4957
Epoch 90/500: train_loss: 0.4615 val_loss 0.4944
Epoch 91/500: train_loss: 0.4635 val_loss 0.4942
Epoch 92/500: train_loss: 0.4602 val_loss 0.4937
Saved at epoch 92.
Epoch 93/500: train_loss: 0.4590 val_loss 0.4929
Saved at epoch 93.
Epoch 94/500: train_loss: 0.4605 val_loss 0.4931
Epoch 95/500: train_loss: 0.4618 val_loss 0.4933
Epoch 96/500: train_loss: 0.4605 val_loss 0.4932
Epoch 97/500: train_loss: 0.4588 val_loss 0.4920
Saved at epoch 97.
Epoch 98/500: train_loss: 0.4588 val_loss 0.4924
Epoch 99/500: train_loss: 0.4604 val_loss 0.4917
Saved at epoch 99.
Epoch 100/500: train_loss: 0.4591 val_loss 0.4922
Epoch 101/500: train_loss: 0.4596 val_loss 0.4914
Saved at epoch 101.
Epoch 102/500: train_loss: 0.4589 val_loss 0.4913
Saved at epoch 102.
Epoch 103/500: train_loss: 0.4601 val_loss 0.4911
Saved at epoch 103.
Epoch 104/500: train_loss: 0.4596 val_loss 0.4918
Epoch 105/500: train_loss: 0.4620 val_loss 0.4907
Saved at epoch 105.
Epoch 106/500: train_loss: 0.4606 val_loss 0.4906
Saved at epoch 106.
Epoch 107/500: train_loss: 0.4550 val_loss 0.4907
Epoch 108/500: train_loss: 0.4579 val_loss 0.4911
Epoch 109/500: train_loss: 0.4553 val_loss 0.4900
Saved at epoch 109.
Epoch 110/500: train_loss: 0.4546 val_loss 0.4899
Saved at epoch 110.
Epoch 111/500: train_loss: 0.4565 val_loss 0.4906
Epoch 112/500: train_loss: 0.4580 val_loss 0.4910
Epoch 113/500: train_loss: 0.4552 val_loss 0.4895
Saved at epoch 113.
Epoch 114/500: train_loss: 0.4567 val_loss 0.4892
Saved at epoch 114.
Epoch 115/500: train_loss: 0.4547 val_loss 0.4897
Epoch 116/500: train_loss: 0.4566 val_loss 0.4897
Epoch 117/500: train_loss: 0.4540 val_loss 0.4895
Epoch 118/500: train_loss: 0.4556 val_loss 0.4883
Saved at epoch 118.
Epoch 119/500: train_loss: 0.4576 val_loss 0.4891
Epoch 120/500: train_loss: 0.4532 val_loss 0.4885
Epoch 121/500: train_loss: 0.4536 val_loss 0.4882
Saved at epoch 121.
Epoch 122/500: train_loss: 0.4546 val_loss 0.4878
Saved at epoch 122.
Epoch 123/500: train_loss: 0.4541 val_loss 0.4886
Epoch 124/500: train_loss: 0.4556 val_loss 0.4873
Saved at epoch 124.
Epoch 125/500: train_loss: 0.4531 val_loss 0.4875
Epoch 126/500: train_loss: 0.4540 val_loss 0.4878
Epoch 127/500: train_loss: 0.4547 val_loss 0.4878
Epoch 128/500: train_loss: 0.4540 val_loss 0.4879
Epoch 129/500: train_loss: 0.4519 val_loss 0.4867
Saved at epoch 129.
Epoch 130/500: train_loss: 0.4506 val_loss 0.4868
Epoch 131/500: train_loss: 0.4514 val_loss 0.4872
Epoch 132/500: train_loss: 0.4537 val_loss 0.4868
Epoch 133/500: train_loss: 0.4517 val_loss 0.4862
Saved at epoch 133.
Epoch 134/500: train_loss: 0.4518 val_loss 0.4885
Epoch 135/500: train_loss: 0.4534 val_loss 0.4863
Epoch 136/500: train_loss: 0.4523 val_loss 0.4858
Saved at epoch 136.
Epoch 137/500: train_loss: 0.4500 val_loss 0.4861
Epoch 138/500: train_loss: 0.4516 val_loss 0.4860
Epoch 139/500: train_loss: 0.4511 val_loss 0.4857
Saved at epoch 139.
Epoch 140/500: train_loss: 0.4501 val_loss 0.4861
Epoch 141/500: train_loss: 0.4528 val_loss 0.4854
Saved at epoch 141.
Epoch 142/500: train_loss: 0.4506 val_loss 0.4857
Epoch 143/500: train_loss: 0.4514 val_loss 0.4857
Epoch 144/500: train_loss: 0.4494 val_loss 0.4849
Saved at epoch 144.
Epoch 145/500: train_loss: 0.4514 val_loss 0.4849
Epoch 146/500: train_loss: 0.4487 val_loss 0.4848
Saved at epoch 146.
Epoch 147/500: train_loss: 0.4496 val_loss 0.4848
Saved at epoch 147.
Epoch 148/500: train_loss: 0.4470 val_loss 0.4848
Epoch 149/500: train_loss: 0.4487 val_loss 0.4838
Saved at epoch 149.
Epoch 150/500: train_loss: 0.4480 val_loss 0.4841
Epoch 151/500: train_loss: 0.4482 val_loss 0.4839
Epoch 152/500: train_loss: 0.4475 val_loss 0.4838
Epoch 153/500: train_loss: 0.4480 val_loss 0.4841
Epoch 154/500: train_loss: 0.4500 val_loss 0.4833
Saved at epoch 154.
Epoch 155/500: train_loss: 0.4513 val_loss 0.4833
Epoch 156/500: train_loss: 0.4461 val_loss 0.4829
Saved at epoch 156.
Epoch 157/500: train_loss: 0.4465 val_loss 0.4834
Epoch 158/500: train_loss: 0.4478 val_loss 0.4826
Saved at epoch 158.
Epoch 159/500: train_loss: 0.4468 val_loss 0.4837
Epoch 160/500: train_loss: 0.4480 val_loss 0.4826
Saved at epoch 160.
Epoch 161/500: train_loss: 0.4491 val_loss 0.4829
Epoch 162/500: train_loss: 0.4467 val_loss 0.4842
Epoch 163/500: train_loss: 0.4514 val_loss 0.4818
Saved at epoch 163.
Epoch 164/500: train_loss: 0.4431 val_loss 0.4831
Epoch 165/500: train_loss: 0.4492 val_loss 0.4822
Epoch 166/500: train_loss: 0.4445 val_loss 0.4823
Epoch 167/500: train_loss: 0.4459 val_loss 0.4820
Epoch 168/500: train_loss: 0.4462 val_loss 0.4824
Epoch 169/500: train_loss: 0.4467 val_loss 0.4821
Epoch 170/500: train_loss: 0.4438 val_loss 0.4828
Epoch 171/500: train_loss: 0.4438 val_loss 0.4817
Saved at epoch 171.
Epoch 172/500: train_loss: 0.4468 val_loss 0.4813
Saved at epoch 172.
Epoch 173/500: train_loss: 0.4434 val_loss 0.4815
Epoch 174/500: train_loss: 0.4443 val_loss 0.4815
Epoch 175/500: train_loss: 0.4457 val_loss 0.4826
Epoch 176/500: train_loss: 0.4479 val_loss 0.4810
Saved at epoch 176.
Epoch 177/500: train_loss: 0.4443 val_loss 0.4811
Epoch 178/500: train_loss: 0.4450 val_loss 0.4819
Epoch 179/500: train_loss: 0.4439 val_loss 0.4813
Epoch 180/500: train_loss: 0.4491 val_loss 0.4807
Saved at epoch 180.
Epoch 181/500: train_loss: 0.4418 val_loss 0.4807
Saved at epoch 181.
Epoch 182/500: train_loss: 0.4448 val_loss 0.4801
Saved at epoch 182.
Epoch 183/500: train_loss: 0.4434 val_loss 0.4799
Saved at epoch 183.
Epoch 184/500: train_loss: 0.4422 val_loss 0.4800
Epoch 185/500: train_loss: 0.4434 val_loss 0.4803
Epoch 186/500: train_loss: 0.4453 val_loss 0.4800
Epoch 187/500: train_loss: 0.4423 val_loss 0.4803
Epoch 188/500: train_loss: 0.4460 val_loss 0.4796
Saved at epoch 188.
Epoch 189/500: train_loss: 0.4433 val_loss 0.4803
Epoch 190/500: train_loss: 0.4418 val_loss 0.4789
Saved at epoch 190.
Epoch 191/500: train_loss: 0.4435 val_loss 0.4782
Saved at epoch 191.
Epoch 192/500: train_loss: 0.4399 val_loss 0.4791
Epoch 193/500: train_loss: 0.4421 val_loss 0.4787
Epoch 194/500: train_loss: 0.4377 val_loss 0.4792
Epoch 195/500: train_loss: 0.4431 val_loss 0.4790
Epoch 196/500: train_loss: 0.4424 val_loss 0.4792
Epoch 197/500: train_loss: 0.4458 val_loss 0.4791
Epoch 198/500: train_loss: 0.4410 val_loss 0.4777
Saved at epoch 198.
Epoch 199/500: train_loss: 0.4410 val_loss 0.4779
Epoch 200/500: train_loss: 0.4402 val_loss 0.4783
Epoch 201/500: train_loss: 0.4457 val_loss 0.4783
Epoch 202/500: train_loss: 0.4437 val_loss 0.4776
Saved at epoch 202.
Epoch 203/500: train_loss: 0.4431 val_loss 0.4782
Epoch 204/500: train_loss: 0.4381 val_loss 0.4774
Saved at epoch 204.
Epoch 205/500: train_loss: 0.4435 val_loss 0.4776
Epoch 206/500: train_loss: 0.4403 val_loss 0.4774
Epoch 207/500: train_loss: 0.4403 val_loss 0.4778
Epoch 208/500: train_loss: 0.4425 val_loss 0.4778
Epoch 209/500: train_loss: 0.4411 val_loss 0.4766
Saved at epoch 209.
Epoch 210/500: train_loss: 0.4409 val_loss 0.4769
Epoch 211/500: train_loss: 0.4370 val_loss 0.4770
Epoch 212/500: train_loss: 0.4397 val_loss 0.4764
Saved at epoch 212.
Epoch 213/500: train_loss: 0.4418 val_loss 0.4770
Epoch 214/500: train_loss: 0.4376 val_loss 0.4769
Epoch 215/500: train_loss: 0.4407 val_loss 0.4758
Saved at epoch 215.
Epoch 216/500: train_loss: 0.4411 val_loss 0.4766
Epoch 217/500: train_loss: 0.4387 val_loss 0.4763
Epoch 218/500: train_loss: 0.4377 val_loss 0.4767
Epoch 219/500: train_loss: 0.4366 val_loss 0.4761
Epoch 220/500: train_loss: 0.4378 val_loss 0.4756
Saved at epoch 220.
Epoch 221/500: train_loss: 0.4380 val_loss 0.4767
Epoch 222/500: train_loss: 0.4368 val_loss 0.4757
Epoch 223/500: train_loss: 0.4381 val_loss 0.4759
Epoch 224/500: train_loss: 0.4433 val_loss 0.4765
Epoch 225/500: train_loss: 0.4417 val_loss 0.4756
Epoch 226/500: train_loss: 0.4383 val_loss 0.4764
Epoch 227/500: train_loss: 0.4394 val_loss 0.4758
Epoch 228/500: train_loss: 0.4385 val_loss 0.4753
Saved at epoch 228.
Epoch 229/500: train_loss: 0.4354 val_loss 0.4756
Epoch 230/500: train_loss: 0.4376 val_loss 0.4748
Saved at epoch 230.
Epoch 231/500: train_loss: 0.4388 val_loss 0.4752
Epoch 232/500: train_loss: 0.4370 val_loss 0.4744
Saved at epoch 232.
Epoch 233/500: train_loss: 0.4407 val_loss 0.4753
Epoch 234/500: train_loss: 0.4385 val_loss 0.4761
Epoch 235/500: train_loss: 0.4391 val_loss 0.4751
Epoch 236/500: train_loss: 0.4354 val_loss 0.4745
Epoch 237/500: train_loss: 0.4380 val_loss 0.4744
Saved at epoch 237.
Epoch 238/500: train_loss: 0.4365 val_loss 0.4740
Saved at epoch 238.
Epoch 239/500: train_loss: 0.4340 val_loss 0.4750
Epoch 240/500: train_loss: 0.4364 val_loss 0.4744
Epoch 241/500: train_loss: 0.4382 val_loss 0.4741
Epoch 242/500: train_loss: 0.4362 val_loss 0.4742
Epoch 243/500: train_loss: 0.4414 val_loss 0.4758
Epoch 244/500: train_loss: 0.4369 val_loss 0.4738
Saved at epoch 244.
Epoch 245/500: train_loss: 0.4359 val_loss 0.4735
Saved at epoch 245.
Epoch 246/500: train_loss: 0.4390 val_loss 0.4746
Epoch 247/500: train_loss: 0.4363 val_loss 0.4745
Epoch 248/500: train_loss: 0.4333 val_loss 0.4730
Saved at epoch 248.
Epoch 249/500: train_loss: 0.4342 val_loss 0.4743
Epoch 250/500: train_loss: 0.4353 val_loss 0.4736
Epoch 251/500: train_loss: 0.4358 val_loss 0.4735
Epoch 252/500: train_loss: 0.4345 val_loss 0.4738
Epoch 253/500: train_loss: 0.4358 val_loss 0.4733
Epoch 254/500: train_loss: 0.4361 val_loss 0.4732
Epoch 255/500: train_loss: 0.4331 val_loss 0.4731
Epoch 256/500: train_loss: 0.4358 val_loss 0.4736
Epoch 257/500: train_loss: 0.4325 val_loss 0.4732
Epoch 258/500: train_loss: 0.4335 val_loss 0.4726
Saved at epoch 258.
Epoch 259/500: train_loss: 0.4358 val_loss 0.4728
Epoch 260/500: train_loss: 0.4375 val_loss 0.4726
Saved at epoch 260.
Epoch 261/500: train_loss: 0.4351 val_loss 0.4731
Epoch 262/500: train_loss: 0.4373 val_loss 0.4754
Epoch 263/500: train_loss: 0.4369 val_loss 0.4725
Saved at epoch 263.
Epoch 264/500: train_loss: 0.4359 val_loss 0.4740
Epoch 265/500: train_loss: 0.4325 val_loss 0.4730
Epoch 266/500: train_loss: 0.4387 val_loss 0.4731
Epoch 267/500: train_loss: 0.4321 val_loss 0.4725
Epoch 268/500: train_loss: 0.4351 val_loss 0.4733
Epoch 269/500: train_loss: 0.4336 val_loss 0.4726
Epoch 270/500: train_loss: 0.4301 val_loss 0.4725
Epoch 271/500: train_loss: 0.4379 val_loss 0.4729
Epoch 272/500: train_loss: 0.4349 val_loss 0.4719
Saved at epoch 272.
Epoch 273/500: train_loss: 0.4358 val_loss 0.4722
Epoch 274/500: train_loss: 0.4330 val_loss 0.4728
Epoch 275/500: train_loss: 0.4337 val_loss 0.4732
Epoch 276/500: train_loss: 0.4319 val_loss 0.4729
Epoch 277/500: train_loss: 0.4344 val_loss 0.4723
Epoch 278/500: train_loss: 0.4307 val_loss 0.4735
Epoch 279/500: train_loss: 0.4313 val_loss 0.4728
Epoch 280/500: train_loss: 0.4337 val_loss 0.4721
Epoch 281/500: train_loss: 0.4296 val_loss 0.4732
Epoch 282/500: train_loss: 0.4318 val_loss 0.4725
Epoch 283/500: train_loss: 0.4325 val_loss 0.4731
Epoch 284/500: train_loss: 0.4343 val_loss 0.4721
Epoch 285/500: train_loss: 0.4333 val_loss 0.4716
Saved at epoch 285.
Epoch 286/500: train_loss: 0.4302 val_loss 0.4718
Epoch 287/500: train_loss: 0.4293 val_loss 0.4724
Epoch 288/500: train_loss: 0.4359 val_loss 0.4711
Saved at epoch 288.
Epoch 289/500: train_loss: 0.4364 val_loss 0.4726
Epoch 290/500: train_loss: 0.4322 val_loss 0.4717
Epoch 291/500: train_loss: 0.4305 val_loss 0.4713
Epoch 292/500: train_loss: 0.4299 val_loss 0.4715
Epoch 293/500: train_loss: 0.4316 val_loss 0.4715
Epoch 294/500: train_loss: 0.4295 val_loss 0.4723
Epoch 295/500: train_loss: 0.4317 val_loss 0.4715
Epoch 296/500: train_loss: 0.4288 val_loss 0.4707
Saved at epoch 296.
Epoch 297/500: train_loss: 0.4328 val_loss 0.4706
Saved at epoch 297.
Epoch 298/500: train_loss: 0.4359 val_loss 0.4705
Saved at epoch 298.
Epoch 299/500: train_loss: 0.4294 val_loss 0.4708
Epoch 300/500: train_loss: 0.4284 val_loss 0.4703
Saved at epoch 300.
Epoch 301/500: train_loss: 0.4296 val_loss 0.4704
Epoch 302/500: train_loss: 0.4331 val_loss 0.4708
Epoch 303/500: train_loss: 0.4331 val_loss 0.4704
Epoch 304/500: train_loss: 0.4309 val_loss 0.4722
Epoch 305/500: train_loss: 0.4309 val_loss 0.4708
Epoch 306/500: train_loss: 0.4301 val_loss 0.4698
Saved at epoch 306.
Epoch 307/500: train_loss: 0.4327 val_loss 0.4703
Epoch 308/500: train_loss: 0.4291 val_loss 0.4711
Epoch 309/500: train_loss: 0.4285 val_loss 0.4701
Epoch 310/500: train_loss: 0.4267 val_loss 0.4694
Saved at epoch 310.
Epoch 311/500: train_loss: 0.4315 val_loss 0.4699
Epoch 312/500: train_loss: 0.4330 val_loss 0.4705
Epoch 313/500: train_loss: 0.4286 val_loss 0.4694
Saved at epoch 313.
Epoch 314/500: train_loss: 0.4280 val_loss 0.4703
Epoch 315/500: train_loss: 0.4300 val_loss 0.4703
Epoch 316/500: train_loss: 0.4288 val_loss 0.4711
Epoch 317/500: train_loss: 0.4331 val_loss 0.4703
Epoch 318/500: train_loss: 0.4293 val_loss 0.4702
Epoch 319/500: train_loss: 0.4276 val_loss 0.4696
Epoch 320/500: train_loss: 0.4298 val_loss 0.4700
Epoch 321/500: train_loss: 0.4285 val_loss 0.4692
Saved at epoch 321.
Epoch 322/500: train_loss: 0.4321 val_loss 0.4699
Epoch 323/500: train_loss: 0.4311 val_loss 0.4694
Epoch 324/500: train_loss: 0.4285 val_loss 0.4700
Epoch 325/500: train_loss: 0.4269 val_loss 0.4700
Epoch 326/500: train_loss: 0.4281 val_loss 0.4687
Saved at epoch 326.
Epoch 327/500: train_loss: 0.4258 val_loss 0.4694
Epoch 328/500: train_loss: 0.4253 val_loss 0.4691
Epoch 329/500: train_loss: 0.4298 val_loss 0.4693
Epoch 330/500: train_loss: 0.4259 val_loss 0.4705
Epoch 331/500: train_loss: 0.4275 val_loss 0.4696
Epoch 332/500: train_loss: 0.4273 val_loss 0.4695
Epoch 333/500: train_loss: 0.4264 val_loss 0.4687
Saved at epoch 333.
Epoch 334/500: train_loss: 0.4267 val_loss 0.4692
Epoch 335/500: train_loss: 0.4296 val_loss 0.4685
Saved at epoch 335.
Epoch 336/500: train_loss: 0.4318 val_loss 0.4683
Saved at epoch 336.
Epoch 337/500: train_loss: 0.4279 val_loss 0.4689
Epoch 338/500: train_loss: 0.4277 val_loss 0.4695
Epoch 339/500: train_loss: 0.4268 val_loss 0.4693
Epoch 340/500: train_loss: 0.4294 val_loss 0.4689
Epoch 341/500: train_loss: 0.4263 val_loss 0.4699
Epoch 342/500: train_loss: 0.4284 val_loss 0.4688
Epoch 343/500: train_loss: 0.4285 val_loss 0.4687
Epoch 344/500: train_loss: 0.4264 val_loss 0.4686
Epoch 345/500: train_loss: 0.4271 val_loss 0.4683
Saved at epoch 345.
Epoch 346/500: train_loss: 0.4276 val_loss 0.4692
Epoch 347/500: train_loss: 0.4303 val_loss 0.4709
Epoch 348/500: train_loss: 0.4320 val_loss 0.4685
Epoch 349/500: train_loss: 0.4284 val_loss 0.4679
Saved at epoch 349.
Epoch 350/500: train_loss: 0.4267 val_loss 0.4681
Epoch 351/500: train_loss: 0.4247 val_loss 0.4680
Epoch 352/500: train_loss: 0.4258 val_loss 0.4689
Epoch 353/500: train_loss: 0.4252 val_loss 0.4682
Epoch 354/500: train_loss: 0.4263 val_loss 0.4681
Epoch 355/500: train_loss: 0.4285 val_loss 0.4682
Epoch 356/500: train_loss: 0.4238 val_loss 0.4676
Saved at epoch 356.
Epoch 357/500: train_loss: 0.4289 val_loss 0.4680
Epoch 358/500: train_loss: 0.4245 val_loss 0.4682
Epoch 359/500: train_loss: 0.4358 val_loss 0.4691
Epoch 360/500: train_loss: 0.4272 val_loss 0.4687
Epoch 361/500: train_loss: 0.4254 val_loss 0.4683
Epoch 362/500: train_loss: 0.4259 val_loss 0.4682
Epoch 363/500: train_loss: 0.4271 val_loss 0.4686
Epoch 364/500: train_loss: 0.4260 val_loss 0.4690
Epoch 365/500: train_loss: 0.4256 val_loss 0.4683
Epoch 366/500: train_loss: 0.4277 val_loss 0.4685
Epoch 367/500: train_loss: 0.4232 val_loss 0.4684
Epoch 368/500: train_loss: 0.4238 val_loss 0.4682
Epoch 369/500: train_loss: 0.4266 val_loss 0.4679
Epoch 370/500: train_loss: 0.4269 val_loss 0.4680
Epoch 371/500: train_loss: 0.4225 val_loss 0.4677
Epoch 372/500: train_loss: 0.4250 val_loss 0.4673
Saved at epoch 372.
Epoch 373/500: train_loss: 0.4235 val_loss 0.4681
Epoch 374/500: train_loss: 0.4275 val_loss 0.4668
Saved at epoch 374.
Epoch 375/500: train_loss: 0.4234 val_loss 0.4672
Epoch 376/500: train_loss: 0.4316 val_loss 0.4679
Epoch 377/500: train_loss: 0.4236 val_loss 0.4678
Epoch 378/500: train_loss: 0.4298 val_loss 0.4673
Epoch 379/500: train_loss: 0.4297 val_loss 0.4683
Epoch 380/500: train_loss: 0.4244 val_loss 0.4689
Epoch 381/500: train_loss: 0.4273 val_loss 0.4685
Epoch 382/500: train_loss: 0.4232 val_loss 0.4673
Epoch 383/500: train_loss: 0.4284 val_loss 0.4674
Epoch 384/500: train_loss: 0.4218 val_loss 0.4666
Saved at epoch 384.
Epoch 385/500: train_loss: 0.4258 val_loss 0.4670
Epoch 386/500: train_loss: 0.4238 val_loss 0.4677
Epoch 387/500: train_loss: 0.4245 val_loss 0.4672
Epoch 388/500: train_loss: 0.4225 val_loss 0.4681
Epoch 389/500: train_loss: 0.4261 val_loss 0.4682
Epoch 390/500: train_loss: 0.4231 val_loss 0.4678
Epoch 391/500: train_loss: 0.4240 val_loss 0.4674
Epoch 392/500: train_loss: 0.4235 val_loss 0.4670
Epoch 393/500: train_loss: 0.4276 val_loss 0.4668
Epoch 394/500: train_loss: 0.4258 val_loss 0.4673
Epoch 395/500: train_loss: 0.4258 val_loss 0.4671
Epoch 396/500: train_loss: 0.4251 val_loss 0.4667
Epoch 397/500: train_loss: 0.4247 val_loss 0.4671
Epoch 398/500: train_loss: 0.4240 val_loss 0.4675
Epoch 399/500: train_loss: 0.4263 val_loss 0.4677
Epoch 400/500: train_loss: 0.4223 val_loss 0.4660
Saved at epoch 400.
Epoch 401/500: train_loss: 0.4241 val_loss 0.4667
Epoch 402/500: train_loss: 0.4310 val_loss 0.4685
Epoch 403/500: train_loss: 0.4212 val_loss 0.4666
Epoch 404/500: train_loss: 0.4240 val_loss 0.4664
Epoch 405/500: train_loss: 0.4238 val_loss 0.4665
Epoch 406/500: train_loss: 0.4240 val_loss 0.4670
Epoch 407/500: train_loss: 0.4275 val_loss 0.4691
Epoch 408/500: train_loss: 0.4246 val_loss 0.4678
Epoch 409/500: train_loss: 0.4269 val_loss 0.4676
Epoch 410/500: train_loss: 0.4245 val_loss 0.4671
Epoch 411/500: train_loss: 0.4236 val_loss 0.4683
Epoch 412/500: train_loss: 0.4271 val_loss 0.4669
Epoch 413/500: train_loss: 0.4234 val_loss 0.4673
Epoch 414/500: train_loss: 0.4224 val_loss 0.4671
Epoch 415/500: train_loss: 0.4239 val_loss 0.4681
Epoch 416/500: train_loss: 0.4232 val_loss 0.4663
Epoch 417/500: train_loss: 0.4204 val_loss 0.4667
Epoch 418/500: train_loss: 0.4206 val_loss 0.4672
Epoch 419/500: train_loss: 0.4228 val_loss 0.4669
Epoch 420/500: train_loss: 0.4213 val_loss 0.4675
Epoch 421/500: train_loss: 0.4224 val_loss 0.4676
Epoch 422/500: train_loss: 0.4202 val_loss 0.4663
Epoch 423/500: train_loss: 0.4238 val_loss 0.4665
Epoch 424/500: train_loss: 0.4227 val_loss 0.4664
Epoch 425/500: train_loss: 0.4252 val_loss 0.4665
Epoch 426/500: train_loss: 0.4272 val_loss 0.4658
Saved at epoch 426.
Epoch 427/500: train_loss: 0.4246 val_loss 0.4666
Epoch 428/500: train_loss: 0.4203 val_loss 0.4662
Epoch 429/500: train_loss: 0.4276 val_loss 0.4659
Epoch 430/500: train_loss: 0.4252 val_loss 0.4668
Epoch 431/500: train_loss: 0.4221 val_loss 0.4664
Epoch 432/500: train_loss: 0.4296 val_loss 0.4661
Epoch 433/500: train_loss: 0.4224 val_loss 0.4667
Epoch 434/500: train_loss: 0.4230 val_loss 0.4664
Epoch 435/500: train_loss: 0.4240 val_loss 0.4666
Epoch 436/500: train_loss: 0.4236 val_loss 0.4689
Epoch 437/500: train_loss: 0.4202 val_loss 0.4659
Epoch 438/500: train_loss: 0.4213 val_loss 0.4662
Epoch 439/500: train_loss: 0.4228 val_loss 0.4665
Epoch 440/500: train_loss: 0.4209 val_loss 0.4664
Epoch 441/500: train_loss: 0.4195 val_loss 0.4668
Epoch 442/500: train_loss: 0.4190 val_loss 0.4665
Epoch 443/500: train_loss: 0.4211 val_loss 0.4668
Epoch 444/500: train_loss: 0.4196 val_loss 0.4663
Epoch 445/500: train_loss: 0.4234 val_loss 0.4661
Epoch 446/500: train_loss: 0.4242 val_loss 0.4687
Epoch 447/500: train_loss: 0.4241 val_loss 0.4674
Epoch 448/500: train_loss: 0.4229 val_loss 0.4662
Epoch 449/500: train_loss: 0.4219 val_loss 0.4659
Epoch 450/500: train_loss: 0.4218 val_loss 0.4658
Saved at epoch 450.
Epoch 451/500: train_loss: 0.4241 val_loss 0.4664
Epoch 452/500: train_loss: 0.4204 val_loss 0.4659
Epoch 453/500: train_loss: 0.4205 val_loss 0.4658
Saved at epoch 453.
Epoch 454/500: train_loss: 0.4211 val_loss 0.4657
Saved at epoch 454.
Epoch 455/500: train_loss: 0.4243 val_loss 0.4660
Epoch 456/500: train_loss: 0.4214 val_loss 0.4664
Epoch 457/500: train_loss: 0.4241 val_loss 0.4680
Epoch 458/500: train_loss: 0.4243 val_loss 0.4668
Epoch 459/500: train_loss: 0.4219 val_loss 0.4667
Epoch 460/500: train_loss: 0.4218 val_loss 0.4667
Epoch 461/500: train_loss: 0.4237 val_loss 0.4682
Epoch 462/500: train_loss: 0.4225 val_loss 0.4668
Epoch 463/500: train_loss: 0.4230 val_loss 0.4658
Epoch 464/500: train_loss: 0.4214 val_loss 0.4662
Epoch 465/500: train_loss: 0.4216 val_loss 0.4660
Epoch 466/500: train_loss: 0.4186 val_loss 0.4670
Epoch 467/500: train_loss: 0.4231 val_loss 0.4657
Saved at epoch 467.
Epoch 468/500: train_loss: 0.4219 val_loss 0.4662
Epoch 469/500: train_loss: 0.4209 val_loss 0.4658
Epoch 470/500: train_loss: 0.4238 val_loss 0.4672
Epoch 471/500: train_loss: 0.4195 val_loss 0.4654
Saved at epoch 471.
Epoch 472/500: train_loss: 0.4209 val_loss 0.4654
Saved at epoch 472.
Epoch 473/500: train_loss: 0.4204 val_loss 0.4654
Epoch 474/500: train_loss: 0.4249 val_loss 0.4675
Epoch 475/500: train_loss: 0.4213 val_loss 0.4654
Epoch 476/500: train_loss: 0.4209 val_loss 0.4652
Saved at epoch 476.
Epoch 477/500: train_loss: 0.4220 val_loss 0.4665
Epoch 478/500: train_loss: 0.4233 val_loss 0.4657
Epoch 479/500: train_loss: 0.4224 val_loss 0.4669
Epoch 480/500: train_loss: 0.4211 val_loss 0.4661
Epoch 481/500: train_loss: 0.4225 val_loss 0.4656
Epoch 482/500: train_loss: 0.4230 val_loss 0.4655
Epoch 483/500: train_loss: 0.4246 val_loss 0.4669
Epoch 484/500: train_loss: 0.4204 val_loss 0.4650
Saved at epoch 484.
Epoch 485/500: train_loss: 0.4223 val_loss 0.4675
Epoch 486/500: train_loss: 0.4216 val_loss 0.4655
Epoch 487/500: train_loss: 0.4258 val_loss 0.4659
Epoch 488/500: train_loss: 0.4219 val_loss 0.4652
Epoch 489/500: train_loss: 0.4203 val_loss 0.4661
Epoch 490/500: train_loss: 0.4194 val_loss 0.4656
Epoch 491/500: train_loss: 0.4209 val_loss 0.4655
Epoch 492/500: train_loss: 0.4218 val_loss 0.4651
Epoch 493/500: train_loss: 0.4226 val_loss 0.4652
Epoch 494/500: train_loss: 0.4186 val_loss 0.4647
Saved at epoch 494.
Epoch 495/500: train_loss: 0.4175 val_loss 0.4654
Epoch 496/500: train_loss: 0.4201 val_loss 0.4646
Saved at epoch 496.
Epoch 497/500: train_loss: 0.4204 val_loss 0.4646
Saved at epoch 497.
Epoch 498/500: train_loss: 0.4179 val_loss 0.4664
Epoch 499/500: train_loss: 0.4187 val_loss 0.4648
Epoch 500/500: train_loss: 0.4195 val_loss 0.4657
Test Accuracy: 75.12%
