LD=5
Using: cuda
Epoch 1/500: train_loss: 0.6866 val_loss 0.6878
Saved at epoch 1.
Epoch 2/500: train_loss: 0.6796 val_loss 0.6840
Saved at epoch 2.
Epoch 3/500: train_loss: 0.6755 val_loss 0.6798
Saved at epoch 3.
Epoch 4/500: train_loss: 0.6709 val_loss 0.6749
Saved at epoch 4.
Epoch 5/500: train_loss: 0.6661 val_loss 0.6721
Saved at epoch 5.
Epoch 6/500: train_loss: 0.6650 val_loss 0.6696
Saved at epoch 6.
Epoch 7/500: train_loss: 0.6618 val_loss 0.6670
Saved at epoch 7.
Epoch 8/500: train_loss: 0.6602 val_loss 0.6651
Saved at epoch 8.
Epoch 9/500: train_loss: 0.6590 val_loss 0.6620
Saved at epoch 9.
Epoch 10/500: train_loss: 0.6561 val_loss 0.6598
Saved at epoch 10.
Epoch 11/500: train_loss: 0.6528 val_loss 0.6565
Saved at epoch 11.
Epoch 12/500: train_loss: 0.6509 val_loss 0.6528
Saved at epoch 12.
Epoch 13/500: train_loss: 0.6468 val_loss 0.6483
Saved at epoch 13.
Epoch 14/500: train_loss: 0.6312 val_loss 0.6174
Saved at epoch 14.
Epoch 15/500: train_loss: 0.5613 val_loss 0.5633
Saved at epoch 15.
Epoch 16/500: train_loss: 0.5408 val_loss 0.5519
Saved at epoch 16.
Epoch 17/500: train_loss: 0.5344 val_loss 0.5462
Saved at epoch 17.
Epoch 18/500: train_loss: 0.5296 val_loss 0.5391
Saved at epoch 18.
Epoch 19/500: train_loss: 0.5221 val_loss 0.5313
Saved at epoch 19.
Epoch 20/500: train_loss: 0.5189 val_loss 0.5281
Saved at epoch 20.
Epoch 21/500: train_loss: 0.5154 val_loss 0.5333
Epoch 22/500: train_loss: 0.5088 val_loss 0.5237
Saved at epoch 22.
Epoch 23/500: train_loss: 0.5051 val_loss 0.5222
Saved at epoch 23.
Epoch 24/500: train_loss: 0.5033 val_loss 0.5164
Saved at epoch 24.
Epoch 25/500: train_loss: 0.5009 val_loss 0.5159
Saved at epoch 25.
Epoch 26/500: train_loss: 0.4963 val_loss 0.5138
Saved at epoch 26.
Epoch 27/500: train_loss: 0.4939 val_loss 0.5102
Saved at epoch 27.
Epoch 28/500: train_loss: 0.4907 val_loss 0.5082
Saved at epoch 28.
Epoch 29/500: train_loss: 0.4902 val_loss 0.5068
Saved at epoch 29.
Epoch 30/500: train_loss: 0.4862 val_loss 0.5051
Saved at epoch 30.
Epoch 31/500: train_loss: 0.4830 val_loss 0.5023
Saved at epoch 31.
Epoch 32/500: train_loss: 0.4857 val_loss 0.5000
Saved at epoch 32.
Epoch 33/500: train_loss: 0.4775 val_loss 0.5017
Epoch 34/500: train_loss: 0.4770 val_loss 0.4991
Saved at epoch 34.
Epoch 35/500: train_loss: 0.4751 val_loss 0.4973
Saved at epoch 35.
Epoch 36/500: train_loss: 0.4758 val_loss 0.4948
Saved at epoch 36.
Epoch 37/500: train_loss: 0.4752 val_loss 0.4972
Epoch 38/500: train_loss: 0.4712 val_loss 0.4954
Epoch 39/500: train_loss: 0.4693 val_loss 0.4931
Saved at epoch 39.
Epoch 40/500: train_loss: 0.4687 val_loss 0.4953
Epoch 41/500: train_loss: 0.4669 val_loss 0.4902
Saved at epoch 41.
Epoch 42/500: train_loss: 0.4656 val_loss 0.4910
Epoch 43/500: train_loss: 0.4689 val_loss 0.4899
Saved at epoch 43.
Epoch 44/500: train_loss: 0.4641 val_loss 0.4919
Epoch 45/500: train_loss: 0.4643 val_loss 0.4877
Saved at epoch 45.
Epoch 46/500: train_loss: 0.4611 val_loss 0.4931
Epoch 47/500: train_loss: 0.4627 val_loss 0.4921
Epoch 48/500: train_loss: 0.4584 val_loss 0.4848
Saved at epoch 48.
Epoch 49/500: train_loss: 0.4610 val_loss 0.4888
Epoch 50/500: train_loss: 0.4610 val_loss 0.4846
Saved at epoch 50.
Epoch 51/500: train_loss: 0.4555 val_loss 0.4850
Epoch 52/500: train_loss: 0.4604 val_loss 0.4874
Epoch 53/500: train_loss: 0.4542 val_loss 0.4852
Epoch 54/500: train_loss: 0.4541 val_loss 0.4819
Saved at epoch 54.
Epoch 55/500: train_loss: 0.4540 val_loss 0.4804
Saved at epoch 55.
Epoch 56/500: train_loss: 0.4537 val_loss 0.4830
Epoch 57/500: train_loss: 0.4542 val_loss 0.4816
Epoch 58/500: train_loss: 0.4497 val_loss 0.4817
Epoch 59/500: train_loss: 0.4530 val_loss 0.4821
Epoch 60/500: train_loss: 0.4534 val_loss 0.4800
Saved at epoch 60.
Epoch 61/500: train_loss: 0.4475 val_loss 0.4800
Saved at epoch 61.
Epoch 62/500: train_loss: 0.4510 val_loss 0.4814
Epoch 63/500: train_loss: 0.4518 val_loss 0.4798
Saved at epoch 63.
Epoch 64/500: train_loss: 0.4474 val_loss 0.4801
Epoch 65/500: train_loss: 0.4502 val_loss 0.4820
Epoch 66/500: train_loss: 0.4478 val_loss 0.4794
Saved at epoch 66.
Epoch 67/500: train_loss: 0.4472 val_loss 0.4788
Saved at epoch 67.
Epoch 68/500: train_loss: 0.4479 val_loss 0.4799
Epoch 69/500: train_loss: 0.4456 val_loss 0.4764
Saved at epoch 69.
Epoch 70/500: train_loss: 0.4452 val_loss 0.4777
Epoch 71/500: train_loss: 0.4449 val_loss 0.4799
Epoch 72/500: train_loss: 0.4443 val_loss 0.4806
Epoch 73/500: train_loss: 0.4434 val_loss 0.4780
Epoch 74/500: train_loss: 0.4415 val_loss 0.4779
Epoch 75/500: train_loss: 0.4440 val_loss 0.4776
Epoch 76/500: train_loss: 0.4431 val_loss 0.4762
Saved at epoch 76.
Epoch 77/500: train_loss: 0.4431 val_loss 0.4814
Epoch 78/500: train_loss: 0.4429 val_loss 0.4795
Epoch 79/500: train_loss: 0.4396 val_loss 0.4784
Epoch 80/500: train_loss: 0.4395 val_loss 0.4782
Epoch 81/500: train_loss: 0.4405 val_loss 0.4780
Epoch 82/500: train_loss: 0.4410 val_loss 0.4760
Saved at epoch 82.
Epoch 83/500: train_loss: 0.4390 val_loss 0.4787
Epoch 84/500: train_loss: 0.4415 val_loss 0.4763
Epoch 85/500: train_loss: 0.4399 val_loss 0.4818
Epoch 86/500: train_loss: 0.4392 val_loss 0.4769
Epoch 87/500: train_loss: 0.4404 val_loss 0.4755
Saved at epoch 87.
Epoch 88/500: train_loss: 0.4423 val_loss 0.4791
Epoch 89/500: train_loss: 0.4396 val_loss 0.4757
Epoch 90/500: train_loss: 0.4392 val_loss 0.4777
Epoch 91/500: train_loss: 0.4372 val_loss 0.4750
Saved at epoch 91.
Epoch 92/500: train_loss: 0.4397 val_loss 0.4769
Epoch 93/500: train_loss: 0.4391 val_loss 0.4777
Epoch 94/500: train_loss: 0.4385 val_loss 0.4757
Epoch 95/500: train_loss: 0.4374 val_loss 0.4769
Epoch 96/500: train_loss: 0.4381 val_loss 0.4779
Epoch 97/500: train_loss: 0.4407 val_loss 0.4798
Epoch 98/500: train_loss: 0.4387 val_loss 0.4756
Epoch 99/500: train_loss: 0.4417 val_loss 0.4800
Epoch 100/500: train_loss: 0.4357 val_loss 0.4758
Epoch 101/500: train_loss: 0.4349 val_loss 0.4758
Epoch 102/500: train_loss: 0.4373 val_loss 0.4773
Epoch 103/500: train_loss: 0.4363 val_loss 0.4743
Saved at epoch 103.
Epoch 104/500: train_loss: 0.4336 val_loss 0.4815
Epoch 105/500: train_loss: 0.4363 val_loss 0.4772
Epoch 106/500: train_loss: 0.4353 val_loss 0.4760
Epoch 107/500: train_loss: 0.4357 val_loss 0.4772
Epoch 108/500: train_loss: 0.4328 val_loss 0.4768
Epoch 109/500: train_loss: 0.4355 val_loss 0.4718
Saved at epoch 109.
Epoch 110/500: train_loss: 0.4341 val_loss 0.4756
Epoch 111/500: train_loss: 0.4371 val_loss 0.4763
Epoch 112/500: train_loss: 0.4326 val_loss 0.4745
Epoch 113/500: train_loss: 0.4307 val_loss 0.4773
Epoch 114/500: train_loss: 0.4339 val_loss 0.4749
Epoch 115/500: train_loss: 0.4353 val_loss 0.4766
Epoch 116/500: train_loss: 0.4343 val_loss 0.4737
Epoch 117/500: train_loss: 0.4320 val_loss 0.4763
Epoch 118/500: train_loss: 0.4322 val_loss 0.4746
Epoch 119/500: train_loss: 0.4302 val_loss 0.4762
Epoch 120/500: train_loss: 0.4303 val_loss 0.4724
Epoch 121/500: train_loss: 0.4397 val_loss 0.4795
Epoch 122/500: train_loss: 0.4307 val_loss 0.4745
Epoch 123/500: train_loss: 0.4298 val_loss 0.4759
Epoch 124/500: train_loss: 0.4302 val_loss 0.4742
Epoch 125/500: train_loss: 0.4331 val_loss 0.4756
Epoch 126/500: train_loss: 0.4339 val_loss 0.4785
Epoch 127/500: train_loss: 0.4288 val_loss 0.4733
Epoch 128/500: train_loss: 0.4317 val_loss 0.4754
Epoch 129/500: train_loss: 0.4327 val_loss 0.4747
Epoch 130/500: train_loss: 0.4303 val_loss 0.4762
Epoch 131/500: train_loss: 0.4313 val_loss 0.4760
Epoch 132/500: train_loss: 0.4303 val_loss 0.4744
Epoch 133/500: train_loss: 0.4298 val_loss 0.4745
Epoch 134/500: train_loss: 0.4319 val_loss 0.4762
Epoch 135/500: train_loss: 0.4347 val_loss 0.4763
Epoch 136/500: train_loss: 0.4314 val_loss 0.4735
Epoch 137/500: train_loss: 0.4296 val_loss 0.4776
Epoch 138/500: train_loss: 0.4309 val_loss 0.4745
Epoch 139/500: train_loss: 0.4328 val_loss 0.4759
Epoch 140/500: train_loss: 0.4314 val_loss 0.4758
Epoch 141/500: train_loss: 0.4286 val_loss 0.4754
Epoch 142/500: train_loss: 0.4284 val_loss 0.4749
Epoch 143/500: train_loss: 0.4301 val_loss 0.4736
Epoch 144/500: train_loss: 0.4287 val_loss 0.4736
Epoch 145/500: train_loss: 0.4306 val_loss 0.4756
Epoch 146/500: train_loss: 0.4297 val_loss 0.4734
Epoch 147/500: train_loss: 0.4308 val_loss 0.4762
Epoch 148/500: train_loss: 0.4312 val_loss 0.4751
Epoch 149/500: train_loss: 0.4284 val_loss 0.4751
Epoch 150/500: train_loss: 0.4306 val_loss 0.4750
Epoch 151/500: train_loss: 0.4287 val_loss 0.4746
Epoch 152/500: train_loss: 0.4266 val_loss 0.4781
Epoch 153/500: train_loss: 0.4305 val_loss 0.4762
Epoch 154/500: train_loss: 0.4298 val_loss 0.4747
Epoch 155/500: train_loss: 0.4268 val_loss 0.4754
Epoch 156/500: train_loss: 0.4298 val_loss 0.4754
Epoch 157/500: train_loss: 0.4302 val_loss 0.4756
Epoch 158/500: train_loss: 0.4275 val_loss 0.4747
Epoch 159/500: train_loss: 0.4271 val_loss 0.4759
Early stopping at epoch 159.
Test Accuracy: 76.59%
