LD=2
Using: cuda
Epoch 1/500: train_loss: 0.6843 val_loss 0.6765
Saved at epoch 1.
Epoch 2/500: train_loss: 0.6687 val_loss 0.6646
Saved at epoch 2.
Epoch 3/500: train_loss: 0.6559 val_loss 0.6558
Saved at epoch 3.
Epoch 4/500: train_loss: 0.6475 val_loss 0.6480
Saved at epoch 4.
Epoch 5/500: train_loss: 0.6376 val_loss 0.6418
Saved at epoch 5.
Epoch 6/500: train_loss: 0.6290 val_loss 0.6365
Saved at epoch 6.
Epoch 7/500: train_loss: 0.6229 val_loss 0.6323
Saved at epoch 7.
Epoch 8/500: train_loss: 0.6182 val_loss 0.6300
Saved at epoch 8.
Epoch 9/500: train_loss: 0.6155 val_loss 0.6288
Saved at epoch 9.
Epoch 10/500: train_loss: 0.6118 val_loss 0.6281
Saved at epoch 10.
Epoch 11/500: train_loss: 0.6121 val_loss 0.6279
Saved at epoch 11.
Epoch 12/500: train_loss: 0.6115 val_loss 0.6276
Saved at epoch 12.
Epoch 13/500: train_loss: 0.6110 val_loss 0.6273
Saved at epoch 13.
Epoch 14/500: train_loss: 0.6129 val_loss 0.6270
Saved at epoch 14.
Epoch 15/500: train_loss: 0.6130 val_loss 0.6270
Epoch 16/500: train_loss: 0.6080 val_loss 0.6257
Saved at epoch 16.
Epoch 17/500: train_loss: 0.6078 val_loss 0.6256
Saved at epoch 17.
Epoch 18/500: train_loss: 0.6070 val_loss 0.6256
Saved at epoch 18.
Epoch 19/500: train_loss: 0.6078 val_loss 0.6254
Saved at epoch 19.
Epoch 20/500: train_loss: 0.6064 val_loss 0.6251
Saved at epoch 20.
Epoch 21/500: train_loss: 0.6058 val_loss 0.6248
Saved at epoch 21.
Epoch 22/500: train_loss: 0.6068 val_loss 0.6249
Epoch 23/500: train_loss: 0.6058 val_loss 0.6242
Saved at epoch 23.
Epoch 24/500: train_loss: 0.6051 val_loss 0.6240
Saved at epoch 24.
Epoch 25/500: train_loss: 0.6055 val_loss 0.6234
Saved at epoch 25.
Epoch 26/500: train_loss: 0.6067 val_loss 0.6227
Saved at epoch 26.
Epoch 27/500: train_loss: 0.6058 val_loss 0.6233
Epoch 28/500: train_loss: 0.6045 val_loss 0.6226
Saved at epoch 28.
Epoch 29/500: train_loss: 0.6021 val_loss 0.6223
Saved at epoch 29.
Epoch 30/500: train_loss: 0.6060 val_loss 0.6230
Epoch 31/500: train_loss: 0.6028 val_loss 0.6216
Saved at epoch 31.
Epoch 32/500: train_loss: 0.6006 val_loss 0.6210
Saved at epoch 32.
Epoch 33/500: train_loss: 0.6046 val_loss 0.6218
Epoch 34/500: train_loss: 0.6050 val_loss 0.6214
Epoch 35/500: train_loss: 0.6032 val_loss 0.6203
Saved at epoch 35.
Epoch 36/500: train_loss: 0.6042 val_loss 0.6204
Epoch 37/500: train_loss: 0.6023 val_loss 0.6195
Saved at epoch 37.
Epoch 38/500: train_loss: 0.6030 val_loss 0.6190
Saved at epoch 38.
Epoch 39/500: train_loss: 0.6022 val_loss 0.6184
Saved at epoch 39.
Epoch 40/500: train_loss: 0.6007 val_loss 0.6183
Saved at epoch 40.
Epoch 41/500: train_loss: 0.6010 val_loss 0.6179
Saved at epoch 41.
Epoch 42/500: train_loss: 0.6008 val_loss 0.6180
Epoch 43/500: train_loss: 0.5977 val_loss 0.6171
Saved at epoch 43.
Epoch 44/500: train_loss: 0.5977 val_loss 0.6169
Saved at epoch 44.
Epoch 45/500: train_loss: 0.5994 val_loss 0.6171
Epoch 46/500: train_loss: 0.5999 val_loss 0.6164
Saved at epoch 46.
Epoch 47/500: train_loss: 0.5975 val_loss 0.6152
Saved at epoch 47.
Epoch 48/500: train_loss: 0.5968 val_loss 0.6152
Epoch 49/500: train_loss: 0.5973 val_loss 0.6148
Saved at epoch 49.
Epoch 50/500: train_loss: 0.5979 val_loss 0.6154
Epoch 51/500: train_loss: 0.5989 val_loss 0.6152
Epoch 52/500: train_loss: 0.5964 val_loss 0.6139
Saved at epoch 52.
Epoch 53/500: train_loss: 0.5972 val_loss 0.6135
Saved at epoch 53.
Epoch 54/500: train_loss: 0.5955 val_loss 0.6140
Epoch 55/500: train_loss: 0.5958 val_loss 0.6132
Saved at epoch 55.
Epoch 56/500: train_loss: 0.5960 val_loss 0.6135
Epoch 57/500: train_loss: 0.5999 val_loss 0.6131
Saved at epoch 57.
Epoch 58/500: train_loss: 0.5955 val_loss 0.6128
Saved at epoch 58.
Epoch 59/500: train_loss: 0.5951 val_loss 0.6124
Saved at epoch 59.
Epoch 60/500: train_loss: 0.5972 val_loss 0.6124
Saved at epoch 60.
Epoch 61/500: train_loss: 0.5956 val_loss 0.6121
Saved at epoch 61.
Epoch 62/500: train_loss: 0.5934 val_loss 0.6122
Epoch 63/500: train_loss: 0.5936 val_loss 0.6119
Saved at epoch 63.
Epoch 64/500: train_loss: 0.5937 val_loss 0.6115
Saved at epoch 64.
Epoch 65/500: train_loss: 0.5924 val_loss 0.6114
Saved at epoch 65.
Epoch 66/500: train_loss: 0.5949 val_loss 0.6114
Saved at epoch 66.
Epoch 67/500: train_loss: 0.5947 val_loss 0.6110
Saved at epoch 67.
Epoch 68/500: train_loss: 0.5929 val_loss 0.6106
Saved at epoch 68.
Epoch 69/500: train_loss: 0.5921 val_loss 0.6111
Epoch 70/500: train_loss: 0.5927 val_loss 0.6099
Saved at epoch 70.
Epoch 71/500: train_loss: 0.5929 val_loss 0.6100
Epoch 72/500: train_loss: 0.5941 val_loss 0.6098
Saved at epoch 72.
Epoch 73/500: train_loss: 0.5923 val_loss 0.6097
Saved at epoch 73.
Epoch 74/500: train_loss: 0.5938 val_loss 0.6090
Saved at epoch 74.
Epoch 75/500: train_loss: 0.5934 val_loss 0.6087
Saved at epoch 75.
Epoch 76/500: train_loss: 0.5897 val_loss 0.6089
Epoch 77/500: train_loss: 0.5905 val_loss 0.6088
Epoch 78/500: train_loss: 0.5914 val_loss 0.6084
Saved at epoch 78.
Epoch 79/500: train_loss: 0.5918 val_loss 0.6082
Saved at epoch 79.
Epoch 80/500: train_loss: 0.5911 val_loss 0.6075
Saved at epoch 80.
Epoch 81/500: train_loss: 0.5911 val_loss 0.6081
Epoch 82/500: train_loss: 0.5901 val_loss 0.6076
Epoch 83/500: train_loss: 0.5887 val_loss 0.6067
Saved at epoch 83.
Epoch 84/500: train_loss: 0.5899 val_loss 0.6066
Saved at epoch 84.
Epoch 85/500: train_loss: 0.5884 val_loss 0.6058
Saved at epoch 85.
Epoch 86/500: train_loss: 0.5887 val_loss 0.6058
Epoch 87/500: train_loss: 0.5878 val_loss 0.6052
Saved at epoch 87.
Epoch 88/500: train_loss: 0.5892 val_loss 0.6048
Saved at epoch 88.
Epoch 89/500: train_loss: 0.5859 val_loss 0.6037
Saved at epoch 89.
Epoch 90/500: train_loss: 0.5876 val_loss 0.6036
Saved at epoch 90.
Epoch 91/500: train_loss: 0.5863 val_loss 0.6031
Saved at epoch 91.
Epoch 92/500: train_loss: 0.5873 val_loss 0.6030
Saved at epoch 92.
Epoch 93/500: train_loss: 0.5866 val_loss 0.6025
Saved at epoch 93.
Epoch 94/500: train_loss: 0.5872 val_loss 0.6023
Saved at epoch 94.
Epoch 95/500: train_loss: 0.5861 val_loss 0.6020
Saved at epoch 95.
Epoch 96/500: train_loss: 0.5865 val_loss 0.6018
Saved at epoch 96.
Epoch 97/500: train_loss: 0.5878 val_loss 0.6011
Saved at epoch 97.
Epoch 98/500: train_loss: 0.5867 val_loss 0.6016
Epoch 99/500: train_loss: 0.5843 val_loss 0.6015
Epoch 100/500: train_loss: 0.5869 val_loss 0.6012
Epoch 101/500: train_loss: 0.5886 val_loss 0.6007
Saved at epoch 101.
Epoch 102/500: train_loss: 0.5869 val_loss 0.6011
Epoch 103/500: train_loss: 0.5870 val_loss 0.6003
Saved at epoch 103.
Epoch 104/500: train_loss: 0.5862 val_loss 0.6003
Epoch 105/500: train_loss: 0.5849 val_loss 0.5997
Saved at epoch 105.
Epoch 106/500: train_loss: 0.5853 val_loss 0.5998
Epoch 107/500: train_loss: 0.5847 val_loss 0.6000
Epoch 108/500: train_loss: 0.5829 val_loss 0.5995
Saved at epoch 108.
Epoch 109/500: train_loss: 0.5866 val_loss 0.6000
Epoch 110/500: train_loss: 0.5823 val_loss 0.5996
Epoch 111/500: train_loss: 0.5828 val_loss 0.5994
Saved at epoch 111.
Epoch 112/500: train_loss: 0.5833 val_loss 0.5993
Saved at epoch 112.
Epoch 113/500: train_loss: 0.5843 val_loss 0.5998
Epoch 114/500: train_loss: 0.5817 val_loss 0.5988
Saved at epoch 114.
Epoch 115/500: train_loss: 0.5850 val_loss 0.5995
Epoch 116/500: train_loss: 0.5838 val_loss 0.5991
Epoch 117/500: train_loss: 0.5837 val_loss 0.5988
Epoch 118/500: train_loss: 0.5830 val_loss 0.5990
Epoch 119/500: train_loss: 0.5851 val_loss 0.5987
Saved at epoch 119.
Epoch 120/500: train_loss: 0.5827 val_loss 0.5992
Epoch 121/500: train_loss: 0.5823 val_loss 0.5986
Saved at epoch 121.
Epoch 122/500: train_loss: 0.5823 val_loss 0.5989
Epoch 123/500: train_loss: 0.5857 val_loss 0.5984
Saved at epoch 123.
Epoch 124/500: train_loss: 0.5831 val_loss 0.5987
Epoch 125/500: train_loss: 0.5833 val_loss 0.5987
Epoch 126/500: train_loss: 0.5850 val_loss 0.5981
Saved at epoch 126.
Epoch 127/500: train_loss: 0.5824 val_loss 0.5981
Saved at epoch 127.
Epoch 128/500: train_loss: 0.5815 val_loss 0.5978
Saved at epoch 128.
Epoch 129/500: train_loss: 0.5827 val_loss 0.5982
Epoch 130/500: train_loss: 0.5822 val_loss 0.5981
Epoch 131/500: train_loss: 0.5835 val_loss 0.5978
Saved at epoch 131.
Epoch 132/500: train_loss: 0.5840 val_loss 0.5978
Epoch 133/500: train_loss: 0.5819 val_loss 0.5975
Saved at epoch 133.
Epoch 134/500: train_loss: 0.5817 val_loss 0.5974
Saved at epoch 134.
Epoch 135/500: train_loss: 0.5849 val_loss 0.5971
Saved at epoch 135.
Epoch 136/500: train_loss: 0.5849 val_loss 0.5978
Epoch 137/500: train_loss: 0.5828 val_loss 0.5972
Epoch 138/500: train_loss: 0.5838 val_loss 0.5978
Epoch 139/500: train_loss: 0.5827 val_loss 0.5975
Epoch 140/500: train_loss: 0.5829 val_loss 0.5976
Epoch 141/500: train_loss: 0.5831 val_loss 0.5973
Epoch 142/500: train_loss: 0.5815 val_loss 0.5970
Saved at epoch 142.
Epoch 143/500: train_loss: 0.5861 val_loss 0.5984
Epoch 144/500: train_loss: 0.5804 val_loss 0.5971
Epoch 145/500: train_loss: 0.5825 val_loss 0.5969
Saved at epoch 145.
Epoch 146/500: train_loss: 0.5812 val_loss 0.5967
Saved at epoch 146.
Epoch 147/500: train_loss: 0.5828 val_loss 0.5974
Epoch 148/500: train_loss: 0.5839 val_loss 0.5973
Epoch 149/500: train_loss: 0.5822 val_loss 0.5964
Saved at epoch 149.
Epoch 150/500: train_loss: 0.5835 val_loss 0.5971
Epoch 151/500: train_loss: 0.5817 val_loss 0.5969
Epoch 152/500: train_loss: 0.5821 val_loss 0.5970
Epoch 153/500: train_loss: 0.5822 val_loss 0.5967
Epoch 154/500: train_loss: 0.5826 val_loss 0.5964
Saved at epoch 154.
Epoch 155/500: train_loss: 0.5830 val_loss 0.5968
Epoch 156/500: train_loss: 0.5837 val_loss 0.5970
Epoch 157/500: train_loss: 0.5795 val_loss 0.5965
Epoch 158/500: train_loss: 0.5814 val_loss 0.5966
Epoch 159/500: train_loss: 0.5841 val_loss 0.5967
Epoch 160/500: train_loss: 0.5809 val_loss 0.5964
Epoch 161/500: train_loss: 0.5862 val_loss 0.5966
Epoch 162/500: train_loss: 0.5788 val_loss 0.5961
Saved at epoch 162.
Epoch 163/500: train_loss: 0.5801 val_loss 0.5963
Epoch 164/500: train_loss: 0.5808 val_loss 0.5966
Epoch 165/500: train_loss: 0.5832 val_loss 0.5960
Saved at epoch 165.
Epoch 166/500: train_loss: 0.5808 val_loss 0.5960
Saved at epoch 166.
Epoch 167/500: train_loss: 0.5808 val_loss 0.5966
Epoch 168/500: train_loss: 0.5802 val_loss 0.5964
Epoch 169/500: train_loss: 0.5817 val_loss 0.5961
Epoch 170/500: train_loss: 0.5790 val_loss 0.5969
Epoch 171/500: train_loss: 0.5808 val_loss 0.5964
Epoch 172/500: train_loss: 0.5831 val_loss 0.5964
Epoch 173/500: train_loss: 0.5809 val_loss 0.5956
Saved at epoch 173.
Epoch 174/500: train_loss: 0.5814 val_loss 0.5964
Epoch 175/500: train_loss: 0.5830 val_loss 0.5964
Epoch 176/500: train_loss: 0.5834 val_loss 0.5961
Epoch 177/500: train_loss: 0.5795 val_loss 0.5961
Epoch 178/500: train_loss: 0.5827 val_loss 0.5969
Epoch 179/500: train_loss: 0.5806 val_loss 0.5959
Epoch 180/500: train_loss: 0.5796 val_loss 0.5965
Epoch 181/500: train_loss: 0.5806 val_loss 0.5958
Epoch 182/500: train_loss: 0.5805 val_loss 0.5959
Epoch 183/500: train_loss: 0.5790 val_loss 0.5961
Epoch 184/500: train_loss: 0.5783 val_loss 0.5960
Epoch 185/500: train_loss: 0.5796 val_loss 0.5960
Epoch 186/500: train_loss: 0.5809 val_loss 0.5960
Epoch 187/500: train_loss: 0.5807 val_loss 0.5957
Epoch 188/500: train_loss: 0.5836 val_loss 0.5964
Epoch 189/500: train_loss: 0.5806 val_loss 0.5954
Saved at epoch 189.
Epoch 190/500: train_loss: 0.5825 val_loss 0.5957
Epoch 191/500: train_loss: 0.5809 val_loss 0.5954
Saved at epoch 191.
Epoch 192/500: train_loss: 0.5787 val_loss 0.5959
Epoch 193/500: train_loss: 0.5821 val_loss 0.5960
Epoch 194/500: train_loss: 0.5803 val_loss 0.5953
Saved at epoch 194.
Epoch 195/500: train_loss: 0.5807 val_loss 0.5961
Epoch 196/500: train_loss: 0.5808 val_loss 0.5956
Epoch 197/500: train_loss: 0.5829 val_loss 0.5958
Epoch 198/500: train_loss: 0.5840 val_loss 0.5952
Saved at epoch 198.
Epoch 199/500: train_loss: 0.5795 val_loss 0.5959
Epoch 200/500: train_loss: 0.5809 val_loss 0.5959
Epoch 201/500: train_loss: 0.5815 val_loss 0.5957
Epoch 202/500: train_loss: 0.5809 val_loss 0.5956
Epoch 203/500: train_loss: 0.5822 val_loss 0.5964
Epoch 204/500: train_loss: 0.5812 val_loss 0.5950
Saved at epoch 204.
Epoch 205/500: train_loss: 0.5809 val_loss 0.5958
Epoch 206/500: train_loss: 0.5803 val_loss 0.5956
Epoch 207/500: train_loss: 0.5813 val_loss 0.5961
Epoch 208/500: train_loss: 0.5799 val_loss 0.5955
Epoch 209/500: train_loss: 0.5802 val_loss 0.5957
Epoch 210/500: train_loss: 0.5820 val_loss 0.5958
Epoch 211/500: train_loss: 0.5795 val_loss 0.5946
Saved at epoch 211.
Epoch 212/500: train_loss: 0.5785 val_loss 0.5955
Epoch 213/500: train_loss: 0.5800 val_loss 0.5957
Epoch 214/500: train_loss: 0.5818 val_loss 0.5956
Epoch 215/500: train_loss: 0.5814 val_loss 0.5950
Epoch 216/500: train_loss: 0.5823 val_loss 0.5957
Epoch 217/500: train_loss: 0.5813 val_loss 0.5956
Epoch 218/500: train_loss: 0.5817 val_loss 0.5954
Epoch 219/500: train_loss: 0.5825 val_loss 0.5953
Epoch 220/500: train_loss: 0.5824 val_loss 0.5949
Epoch 221/500: train_loss: 0.5786 val_loss 0.5947
Epoch 222/500: train_loss: 0.5830 val_loss 0.5951
Epoch 223/500: train_loss: 0.5805 val_loss 0.5953
Epoch 224/500: train_loss: 0.5830 val_loss 0.5952
Epoch 225/500: train_loss: 0.5813 val_loss 0.5952
Epoch 226/500: train_loss: 0.5813 val_loss 0.5946
Saved at epoch 226.
Epoch 227/500: train_loss: 0.5813 val_loss 0.5953
Epoch 228/500: train_loss: 0.5822 val_loss 0.5955
Epoch 229/500: train_loss: 0.5795 val_loss 0.5949
Epoch 230/500: train_loss: 0.5793 val_loss 0.5948
Epoch 231/500: train_loss: 0.5795 val_loss 0.5951
Epoch 232/500: train_loss: 0.5802 val_loss 0.5955
Epoch 233/500: train_loss: 0.5797 val_loss 0.5950
Epoch 234/500: train_loss: 0.5816 val_loss 0.5952
Epoch 235/500: train_loss: 0.5785 val_loss 0.5952
Epoch 236/500: train_loss: 0.5795 val_loss 0.5952
Epoch 237/500: train_loss: 0.5797 val_loss 0.5952
Epoch 238/500: train_loss: 0.5801 val_loss 0.5952
Epoch 239/500: train_loss: 0.5806 val_loss 0.5953
Epoch 240/500: train_loss: 0.5790 val_loss 0.5948
Epoch 241/500: train_loss: 0.5814 val_loss 0.5953
Epoch 242/500: train_loss: 0.5802 val_loss 0.5943
Saved at epoch 242.
Epoch 243/500: train_loss: 0.5785 val_loss 0.5956
Epoch 244/500: train_loss: 0.5829 val_loss 0.5953
Epoch 245/500: train_loss: 0.5794 val_loss 0.5944
Epoch 246/500: train_loss: 0.5828 val_loss 0.5949
Epoch 247/500: train_loss: 0.5791 val_loss 0.5947
Epoch 248/500: train_loss: 0.5826 val_loss 0.5955
Epoch 249/500: train_loss: 0.5788 val_loss 0.5950
Epoch 250/500: train_loss: 0.5806 val_loss 0.5953
Epoch 251/500: train_loss: 0.5802 val_loss 0.5942
Saved at epoch 251.
Epoch 252/500: train_loss: 0.5826 val_loss 0.5954
Epoch 253/500: train_loss: 0.5805 val_loss 0.5949
Epoch 254/500: train_loss: 0.5799 val_loss 0.5945
Epoch 255/500: train_loss: 0.5802 val_loss 0.5943
Epoch 256/500: train_loss: 0.5813 val_loss 0.5954
Epoch 257/500: train_loss: 0.5806 val_loss 0.5948
Epoch 258/500: train_loss: 0.5780 val_loss 0.5945
Epoch 259/500: train_loss: 0.5788 val_loss 0.5947
Epoch 260/500: train_loss: 0.5794 val_loss 0.5945
Epoch 261/500: train_loss: 0.5799 val_loss 0.5945
Epoch 262/500: train_loss: 0.5801 val_loss 0.5949
Epoch 263/500: train_loss: 0.5780 val_loss 0.5942
Epoch 264/500: train_loss: 0.5797 val_loss 0.5953
Epoch 265/500: train_loss: 0.5783 val_loss 0.5946
Epoch 266/500: train_loss: 0.5804 val_loss 0.5945
Epoch 267/500: train_loss: 0.5786 val_loss 0.5949
Epoch 268/500: train_loss: 0.5821 val_loss 0.5951
Epoch 269/500: train_loss: 0.5815 val_loss 0.5944
Epoch 270/500: train_loss: 0.5772 val_loss 0.5940
Saved at epoch 270.
Epoch 271/500: train_loss: 0.5782 val_loss 0.5944
Epoch 272/500: train_loss: 0.5789 val_loss 0.5949
Epoch 273/500: train_loss: 0.5793 val_loss 0.5942
Epoch 274/500: train_loss: 0.5782 val_loss 0.5943
Epoch 275/500: train_loss: 0.5810 val_loss 0.5956
Epoch 276/500: train_loss: 0.5816 val_loss 0.5947
Epoch 277/500: train_loss: 0.5779 val_loss 0.5937
Saved at epoch 277.
Epoch 278/500: train_loss: 0.5791 val_loss 0.5943
Epoch 279/500: train_loss: 0.5813 val_loss 0.5944
Epoch 280/500: train_loss: 0.5768 val_loss 0.5944
Epoch 281/500: train_loss: 0.5794 val_loss 0.5944
Epoch 282/500: train_loss: 0.5796 val_loss 0.5946
Epoch 283/500: train_loss: 0.5784 val_loss 0.5950
Epoch 284/500: train_loss: 0.5777 val_loss 0.5945
Epoch 285/500: train_loss: 0.5802 val_loss 0.5947
Epoch 286/500: train_loss: 0.5808 val_loss 0.5948
Epoch 287/500: train_loss: 0.5804 val_loss 0.5940
Epoch 288/500: train_loss: 0.5805 val_loss 0.5946
Epoch 289/500: train_loss: 0.5788 val_loss 0.5946
Epoch 290/500: train_loss: 0.5776 val_loss 0.5941
Epoch 291/500: train_loss: 0.5772 val_loss 0.5942
Epoch 292/500: train_loss: 0.5795 val_loss 0.5945
Epoch 293/500: train_loss: 0.5799 val_loss 0.5946
Epoch 294/500: train_loss: 0.5777 val_loss 0.5943
Epoch 295/500: train_loss: 0.5778 val_loss 0.5943
Epoch 296/500: train_loss: 0.5766 val_loss 0.5945
Epoch 297/500: train_loss: 0.5829 val_loss 0.5946
Epoch 298/500: train_loss: 0.5810 val_loss 0.5938
Epoch 299/500: train_loss: 0.5775 val_loss 0.5938
Epoch 300/500: train_loss: 0.5830 val_loss 0.5944
Epoch 301/500: train_loss: 0.5790 val_loss 0.5943
Epoch 302/500: train_loss: 0.5780 val_loss 0.5936
Saved at epoch 302.
Epoch 303/500: train_loss: 0.5796 val_loss 0.5952
Epoch 304/500: train_loss: 0.5786 val_loss 0.5938
Epoch 305/500: train_loss: 0.5794 val_loss 0.5943
Epoch 306/500: train_loss: 0.5784 val_loss 0.5940
Epoch 307/500: train_loss: 0.5778 val_loss 0.5948
Epoch 308/500: train_loss: 0.5815 val_loss 0.5940
Epoch 309/500: train_loss: 0.5779 val_loss 0.5939
Epoch 310/500: train_loss: 0.5779 val_loss 0.5942
Epoch 311/500: train_loss: 0.5785 val_loss 0.5946
Epoch 312/500: train_loss: 0.5782 val_loss 0.5945
Epoch 313/500: train_loss: 0.5795 val_loss 0.5945
Epoch 314/500: train_loss: 0.5799 val_loss 0.5936
Epoch 315/500: train_loss: 0.5813 val_loss 0.5946
Epoch 316/500: train_loss: 0.5777 val_loss 0.5933
Saved at epoch 316.
Epoch 317/500: train_loss: 0.5800 val_loss 0.5936
Epoch 318/500: train_loss: 0.5794 val_loss 0.5930
Saved at epoch 318.
Epoch 319/500: train_loss: 0.5805 val_loss 0.5941
Epoch 320/500: train_loss: 0.5777 val_loss 0.5938
Epoch 321/500: train_loss: 0.5825 val_loss 0.5936
Epoch 322/500: train_loss: 0.5792 val_loss 0.5940
Epoch 323/500: train_loss: 0.5801 val_loss 0.5943
Epoch 324/500: train_loss: 0.5773 val_loss 0.5933
Epoch 325/500: train_loss: 0.5772 val_loss 0.5942
Epoch 326/500: train_loss: 0.5778 val_loss 0.5941
Epoch 327/500: train_loss: 0.5789 val_loss 0.5946
Epoch 328/500: train_loss: 0.5772 val_loss 0.5939
Epoch 329/500: train_loss: 0.5774 val_loss 0.5932
Epoch 330/500: train_loss: 0.5803 val_loss 0.5944
Epoch 331/500: train_loss: 0.5794 val_loss 0.5937
Epoch 332/500: train_loss: 0.5787 val_loss 0.5933
Epoch 333/500: train_loss: 0.5793 val_loss 0.5938
Epoch 334/500: train_loss: 0.5792 val_loss 0.5937
Epoch 335/500: train_loss: 0.5780 val_loss 0.5934
Epoch 336/500: train_loss: 0.5784 val_loss 0.5936
Epoch 337/500: train_loss: 0.5787 val_loss 0.5936
Epoch 338/500: train_loss: 0.5782 val_loss 0.5938
Epoch 339/500: train_loss: 0.5803 val_loss 0.5935
Epoch 340/500: train_loss: 0.5790 val_loss 0.5933
Epoch 341/500: train_loss: 0.5782 val_loss 0.5941
Epoch 342/500: train_loss: 0.5774 val_loss 0.5934
Epoch 343/500: train_loss: 0.5779 val_loss 0.5941
Epoch 344/500: train_loss: 0.5785 val_loss 0.5935
Epoch 345/500: train_loss: 0.5787 val_loss 0.5935
Epoch 346/500: train_loss: 0.5767 val_loss 0.5936
Epoch 347/500: train_loss: 0.5793 val_loss 0.5935
Epoch 348/500: train_loss: 0.5782 val_loss 0.5931
Epoch 349/500: train_loss: 0.5769 val_loss 0.5932
Epoch 350/500: train_loss: 0.5794 val_loss 0.5940
Epoch 351/500: train_loss: 0.5791 val_loss 0.5931
Epoch 352/500: train_loss: 0.5807 val_loss 0.5939
Epoch 353/500: train_loss: 0.5788 val_loss 0.5932
Epoch 354/500: train_loss: 0.5776 val_loss 0.5932
Epoch 355/500: train_loss: 0.5776 val_loss 0.5936
Epoch 356/500: train_loss: 0.5780 val_loss 0.5930
Saved at epoch 356.
Epoch 357/500: train_loss: 0.5770 val_loss 0.5932
Epoch 358/500: train_loss: 0.5775 val_loss 0.5938
Epoch 359/500: train_loss: 0.5768 val_loss 0.5940
Epoch 360/500: train_loss: 0.5800 val_loss 0.5936
Epoch 361/500: train_loss: 0.5781 val_loss 0.5925
Saved at epoch 361.
Epoch 362/500: train_loss: 0.5766 val_loss 0.5939
Epoch 363/500: train_loss: 0.5801 val_loss 0.5944
Epoch 364/500: train_loss: 0.5789 val_loss 0.5930
Epoch 365/500: train_loss: 0.5802 val_loss 0.5937
Epoch 366/500: train_loss: 0.5795 val_loss 0.5935
Epoch 367/500: train_loss: 0.5755 val_loss 0.5929
Epoch 368/500: train_loss: 0.5798 val_loss 0.5940
Epoch 369/500: train_loss: 0.5781 val_loss 0.5924
Saved at epoch 369.
Epoch 370/500: train_loss: 0.5789 val_loss 0.5937
Epoch 371/500: train_loss: 0.5773 val_loss 0.5936
Epoch 372/500: train_loss: 0.5793 val_loss 0.5932
Epoch 373/500: train_loss: 0.5805 val_loss 0.5934
Epoch 374/500: train_loss: 0.5782 val_loss 0.5933
Epoch 375/500: train_loss: 0.5815 val_loss 0.5933
Epoch 376/500: train_loss: 0.5766 val_loss 0.5934
Epoch 377/500: train_loss: 0.5784 val_loss 0.5936
Epoch 378/500: train_loss: 0.5790 val_loss 0.5936
Epoch 379/500: train_loss: 0.5768 val_loss 0.5937
Epoch 380/500: train_loss: 0.5781 val_loss 0.5931
Epoch 381/500: train_loss: 0.5764 val_loss 0.5939
Epoch 382/500: train_loss: 0.5760 val_loss 0.5933
Epoch 383/500: train_loss: 0.5763 val_loss 0.5940
Epoch 384/500: train_loss: 0.5805 val_loss 0.5936
Epoch 385/500: train_loss: 0.5797 val_loss 0.5932
Epoch 386/500: train_loss: 0.5798 val_loss 0.5935
Epoch 387/500: train_loss: 0.5759 val_loss 0.5927
Epoch 388/500: train_loss: 0.5778 val_loss 0.5935
Epoch 389/500: train_loss: 0.5763 val_loss 0.5939
Epoch 390/500: train_loss: 0.5795 val_loss 0.5934
Epoch 391/500: train_loss: 0.5778 val_loss 0.5938
Epoch 392/500: train_loss: 0.5801 val_loss 0.5933
Epoch 393/500: train_loss: 0.5788 val_loss 0.5927
Epoch 394/500: train_loss: 0.5796 val_loss 0.5933
Epoch 395/500: train_loss: 0.5773 val_loss 0.5938
Epoch 396/500: train_loss: 0.5778 val_loss 0.5933
Epoch 397/500: train_loss: 0.5799 val_loss 0.5928
Epoch 398/500: train_loss: 0.5781 val_loss 0.5930
Epoch 399/500: train_loss: 0.5790 val_loss 0.5936
Epoch 400/500: train_loss: 0.5771 val_loss 0.5933
Epoch 401/500: train_loss: 0.5787 val_loss 0.5931
Epoch 402/500: train_loss: 0.5769 val_loss 0.5935
Epoch 403/500: train_loss: 0.5790 val_loss 0.5925
Epoch 404/500: train_loss: 0.5791 val_loss 0.5935
Epoch 405/500: train_loss: 0.5780 val_loss 0.5927
Epoch 406/500: train_loss: 0.5769 val_loss 0.5933
Epoch 407/500: train_loss: 0.5785 val_loss 0.5935
Epoch 408/500: train_loss: 0.5794 val_loss 0.5934
Epoch 409/500: train_loss: 0.5776 val_loss 0.5926
Epoch 410/500: train_loss: 0.5755 val_loss 0.5940
Epoch 411/500: train_loss: 0.5766 val_loss 0.5932
Epoch 412/500: train_loss: 0.5771 val_loss 0.5939
Epoch 413/500: train_loss: 0.5760 val_loss 0.5934
Epoch 414/500: train_loss: 0.5781 val_loss 0.5932
Epoch 415/500: train_loss: 0.5788 val_loss 0.5932
Epoch 416/500: train_loss: 0.5777 val_loss 0.5933
Epoch 417/500: train_loss: 0.5800 val_loss 0.5928
Epoch 418/500: train_loss: 0.5783 val_loss 0.5929
Epoch 419/500: train_loss: 0.5770 val_loss 0.5934
Early stopping at epoch 419.
Test Accuracy: 72.20%
