LD=10
Using: cuda
Epoch 1/500: train_loss: 0.6745 val_loss 0.6347
Saved at epoch 1.
Epoch 2/500: train_loss: 0.6227 val_loss 0.5973
Saved at epoch 2.
Epoch 3/500: train_loss: 0.6047 val_loss 0.5906
Saved at epoch 3.
Epoch 4/500: train_loss: 0.5973 val_loss 0.5848
Saved at epoch 4.
Epoch 5/500: train_loss: 0.5852 val_loss 0.5824
Saved at epoch 5.
Epoch 6/500: train_loss: 0.5803 val_loss 0.5797
Saved at epoch 6.
Epoch 7/500: train_loss: 0.5760 val_loss 0.5766
Saved at epoch 7.
Epoch 8/500: train_loss: 0.5694 val_loss 0.5743
Saved at epoch 8.
Epoch 9/500: train_loss: 0.5669 val_loss 0.5725
Saved at epoch 9.
Epoch 10/500: train_loss: 0.5613 val_loss 0.5699
Saved at epoch 10.
Epoch 11/500: train_loss: 0.5592 val_loss 0.5650
Saved at epoch 11.
Epoch 12/500: train_loss: 0.5541 val_loss 0.5637
Saved at epoch 12.
Epoch 13/500: train_loss: 0.5513 val_loss 0.5592
Saved at epoch 13.
Epoch 14/500: train_loss: 0.5496 val_loss 0.5580
Saved at epoch 14.
Epoch 15/500: train_loss: 0.5418 val_loss 0.5544
Saved at epoch 15.
Epoch 16/500: train_loss: 0.5430 val_loss 0.5551
Epoch 17/500: train_loss: 0.5372 val_loss 0.5524
Saved at epoch 17.
Epoch 18/500: train_loss: 0.5347 val_loss 0.5490
Saved at epoch 18.
Epoch 19/500: train_loss: 0.5321 val_loss 0.5451
Saved at epoch 19.
Epoch 20/500: train_loss: 0.5311 val_loss 0.5449
Saved at epoch 20.
Epoch 21/500: train_loss: 0.5259 val_loss 0.5425
Saved at epoch 21.
Epoch 22/500: train_loss: 0.5266 val_loss 0.5417
Saved at epoch 22.
Epoch 23/500: train_loss: 0.5242 val_loss 0.5381
Saved at epoch 23.
Epoch 24/500: train_loss: 0.5216 val_loss 0.5432
Epoch 25/500: train_loss: 0.5188 val_loss 0.5364
Saved at epoch 25.
Epoch 26/500: train_loss: 0.5172 val_loss 0.5332
Saved at epoch 26.
Epoch 27/500: train_loss: 0.5129 val_loss 0.5316
Saved at epoch 27.
Epoch 28/500: train_loss: 0.5094 val_loss 0.5298
Saved at epoch 28.
Epoch 29/500: train_loss: 0.5075 val_loss 0.5268
Saved at epoch 29.
Epoch 30/500: train_loss: 0.5050 val_loss 0.5268
Epoch 31/500: train_loss: 0.5076 val_loss 0.5233
Saved at epoch 31.
Epoch 32/500: train_loss: 0.5068 val_loss 0.5215
Saved at epoch 32.
Epoch 33/500: train_loss: 0.5002 val_loss 0.5300
Epoch 34/500: train_loss: 0.5067 val_loss 0.5187
Saved at epoch 34.
Epoch 35/500: train_loss: 0.4998 val_loss 0.5216
Epoch 36/500: train_loss: 0.4990 val_loss 0.5182
Saved at epoch 36.
Epoch 37/500: train_loss: 0.5020 val_loss 0.5207
Epoch 38/500: train_loss: 0.4964 val_loss 0.5174
Saved at epoch 38.
Epoch 39/500: train_loss: 0.4900 val_loss 0.5125
Saved at epoch 39.
Epoch 40/500: train_loss: 0.4912 val_loss 0.5173
Epoch 41/500: train_loss: 0.4898 val_loss 0.5130
Epoch 42/500: train_loss: 0.4885 val_loss 0.5102
Saved at epoch 42.
Epoch 43/500: train_loss: 0.4850 val_loss 0.5156
Epoch 44/500: train_loss: 0.4880 val_loss 0.5111
Epoch 45/500: train_loss: 0.4841 val_loss 0.5111
Epoch 46/500: train_loss: 0.4864 val_loss 0.5070
Saved at epoch 46.
Epoch 47/500: train_loss: 0.4808 val_loss 0.5054
Saved at epoch 47.
Epoch 48/500: train_loss: 0.4799 val_loss 0.5042
Saved at epoch 48.
Epoch 49/500: train_loss: 0.4816 val_loss 0.5045
Epoch 50/500: train_loss: 0.4780 val_loss 0.5028
Saved at epoch 50.
Epoch 51/500: train_loss: 0.4760 val_loss 0.5029
Epoch 52/500: train_loss: 0.4774 val_loss 0.5023
Saved at epoch 52.
Epoch 53/500: train_loss: 0.4747 val_loss 0.5023
Epoch 54/500: train_loss: 0.4784 val_loss 0.5017
Saved at epoch 54.
Epoch 55/500: train_loss: 0.4714 val_loss 0.5012
Saved at epoch 55.
Epoch 56/500: train_loss: 0.4725 val_loss 0.5028
Epoch 57/500: train_loss: 0.4719 val_loss 0.4972
Saved at epoch 57.
Epoch 58/500: train_loss: 0.4731 val_loss 0.4997
Epoch 59/500: train_loss: 0.4689 val_loss 0.4951
Saved at epoch 59.
Epoch 60/500: train_loss: 0.4687 val_loss 0.4952
Epoch 61/500: train_loss: 0.4651 val_loss 0.5028
Epoch 62/500: train_loss: 0.4726 val_loss 0.4975
Epoch 63/500: train_loss: 0.4664 val_loss 0.4976
Epoch 64/500: train_loss: 0.4633 val_loss 0.4932
Saved at epoch 64.
Epoch 65/500: train_loss: 0.4635 val_loss 0.4974
Epoch 66/500: train_loss: 0.4616 val_loss 0.4934
Epoch 67/500: train_loss: 0.4605 val_loss 0.4903
Saved at epoch 67.
Epoch 68/500: train_loss: 0.4588 val_loss 0.4953
Epoch 69/500: train_loss: 0.4627 val_loss 0.4911
Epoch 70/500: train_loss: 0.4668 val_loss 0.5041
Epoch 71/500: train_loss: 0.4607 val_loss 0.4913
Epoch 72/500: train_loss: 0.4551 val_loss 0.4873
Saved at epoch 72.
Epoch 73/500: train_loss: 0.4559 val_loss 0.4939
Epoch 74/500: train_loss: 0.4588 val_loss 0.4896
Epoch 75/500: train_loss: 0.4626 val_loss 0.4915
Epoch 76/500: train_loss: 0.4542 val_loss 0.4867
Saved at epoch 76.
Epoch 77/500: train_loss: 0.4506 val_loss 0.4875
Epoch 78/500: train_loss: 0.4497 val_loss 0.4862
Saved at epoch 78.
Epoch 79/500: train_loss: 0.4587 val_loss 0.4866
Epoch 80/500: train_loss: 0.4480 val_loss 0.4845
Saved at epoch 80.
Epoch 81/500: train_loss: 0.4509 val_loss 0.4836
Saved at epoch 81.
Epoch 82/500: train_loss: 0.4511 val_loss 0.4832
Saved at epoch 82.
Epoch 83/500: train_loss: 0.4491 val_loss 0.4899
Epoch 84/500: train_loss: 0.4478 val_loss 0.4812
Saved at epoch 84.
Epoch 85/500: train_loss: 0.4469 val_loss 0.4820
Epoch 86/500: train_loss: 0.4481 val_loss 0.4844
Epoch 87/500: train_loss: 0.4490 val_loss 0.4823
Epoch 88/500: train_loss: 0.4442 val_loss 0.4826
Epoch 89/500: train_loss: 0.4460 val_loss 0.4807
Saved at epoch 89.
Epoch 90/500: train_loss: 0.4464 val_loss 0.4855
Epoch 91/500: train_loss: 0.4469 val_loss 0.4802
Saved at epoch 91.
Epoch 92/500: train_loss: 0.4446 val_loss 0.4822
Epoch 93/500: train_loss: 0.4423 val_loss 0.4794
Saved at epoch 93.
Epoch 94/500: train_loss: 0.4383 val_loss 0.4811
Epoch 95/500: train_loss: 0.4409 val_loss 0.4803
Epoch 96/500: train_loss: 0.4420 val_loss 0.4815
Epoch 97/500: train_loss: 0.4397 val_loss 0.4768
Saved at epoch 97.
Epoch 98/500: train_loss: 0.4405 val_loss 0.4828
Epoch 99/500: train_loss: 0.4375 val_loss 0.4764
Saved at epoch 99.
Epoch 100/500: train_loss: 0.4446 val_loss 0.4811
Epoch 101/500: train_loss: 0.4391 val_loss 0.4813
Epoch 102/500: train_loss: 0.4383 val_loss 0.4779
Epoch 103/500: train_loss: 0.4351 val_loss 0.4782
Epoch 104/500: train_loss: 0.4352 val_loss 0.4764
Epoch 105/500: train_loss: 0.4345 val_loss 0.4766
Epoch 106/500: train_loss: 0.4351 val_loss 0.4762
Saved at epoch 106.
Epoch 107/500: train_loss: 0.4330 val_loss 0.4740
Saved at epoch 107.
Epoch 108/500: train_loss: 0.4314 val_loss 0.4783
Epoch 109/500: train_loss: 0.4312 val_loss 0.4788
Epoch 110/500: train_loss: 0.4322 val_loss 0.4783
Epoch 111/500: train_loss: 0.4328 val_loss 0.4783
Epoch 112/500: train_loss: 0.4316 val_loss 0.4808
Epoch 113/500: train_loss: 0.4317 val_loss 0.4742
Epoch 114/500: train_loss: 0.4282 val_loss 0.4761
Epoch 115/500: train_loss: 0.4301 val_loss 0.4750
Epoch 116/500: train_loss: 0.4303 val_loss 0.4775
Epoch 117/500: train_loss: 0.4305 val_loss 0.4775
Epoch 118/500: train_loss: 0.4314 val_loss 0.4767
Epoch 119/500: train_loss: 0.4257 val_loss 0.4773
Epoch 120/500: train_loss: 0.4261 val_loss 0.4742
Epoch 121/500: train_loss: 0.4355 val_loss 0.4759
Epoch 122/500: train_loss: 0.4280 val_loss 0.4757
Epoch 123/500: train_loss: 0.4273 val_loss 0.4742
Epoch 124/500: train_loss: 0.4285 val_loss 0.4748
Epoch 125/500: train_loss: 0.4291 val_loss 0.4754
Epoch 126/500: train_loss: 0.4262 val_loss 0.4726
Saved at epoch 126.
Epoch 127/500: train_loss: 0.4264 val_loss 0.4727
Epoch 128/500: train_loss: 0.4261 val_loss 0.4828
Epoch 129/500: train_loss: 0.4249 val_loss 0.4729
Epoch 130/500: train_loss: 0.4306 val_loss 0.4739
Epoch 131/500: train_loss: 0.4241 val_loss 0.4729
Epoch 132/500: train_loss: 0.4265 val_loss 0.4764
Epoch 133/500: train_loss: 0.4263 val_loss 0.4794
Epoch 134/500: train_loss: 0.4199 val_loss 0.4730
Epoch 135/500: train_loss: 0.4203 val_loss 0.4768
Epoch 136/500: train_loss: 0.4247 val_loss 0.4754
Epoch 137/500: train_loss: 0.4208 val_loss 0.4724
Saved at epoch 137.
Epoch 138/500: train_loss: 0.4238 val_loss 0.4724
Epoch 139/500: train_loss: 0.4193 val_loss 0.4742
Epoch 140/500: train_loss: 0.4281 val_loss 0.4748
Epoch 141/500: train_loss: 0.4249 val_loss 0.4940
Epoch 142/500: train_loss: 0.4209 val_loss 0.4750
Epoch 143/500: train_loss: 0.4229 val_loss 0.4723
Saved at epoch 143.
Epoch 144/500: train_loss: 0.4216 val_loss 0.4768
Epoch 145/500: train_loss: 0.4219 val_loss 0.4856
Epoch 146/500: train_loss: 0.4230 val_loss 0.4749
Epoch 147/500: train_loss: 0.4180 val_loss 0.4723
Epoch 148/500: train_loss: 0.4185 val_loss 0.4748
Epoch 149/500: train_loss: 0.4241 val_loss 0.4733
Epoch 150/500: train_loss: 0.4208 val_loss 0.4870
Epoch 151/500: train_loss: 0.4192 val_loss 0.4692
Saved at epoch 151.
Epoch 152/500: train_loss: 0.4179 val_loss 0.4742
Epoch 153/500: train_loss: 0.4155 val_loss 0.4773
Epoch 154/500: train_loss: 0.4191 val_loss 0.4710
Epoch 155/500: train_loss: 0.4182 val_loss 0.4760
Epoch 156/500: train_loss: 0.4158 val_loss 0.4708
Epoch 157/500: train_loss: 0.4228 val_loss 0.4755
Epoch 158/500: train_loss: 0.4133 val_loss 0.4717
Epoch 159/500: train_loss: 0.4219 val_loss 0.4726
Epoch 160/500: train_loss: 0.4170 val_loss 0.4705
Epoch 161/500: train_loss: 0.4156 val_loss 0.4695
Epoch 162/500: train_loss: 0.4220 val_loss 0.4830
Epoch 163/500: train_loss: 0.4205 val_loss 0.4790
Epoch 164/500: train_loss: 0.4162 val_loss 0.4677
Saved at epoch 164.
Epoch 165/500: train_loss: 0.4135 val_loss 0.4716
Epoch 166/500: train_loss: 0.4137 val_loss 0.4703
Epoch 167/500: train_loss: 0.4135 val_loss 0.4723
Epoch 168/500: train_loss: 0.4147 val_loss 0.4697
Epoch 169/500: train_loss: 0.4162 val_loss 0.4763
Epoch 170/500: train_loss: 0.4140 val_loss 0.4704
Epoch 171/500: train_loss: 0.4136 val_loss 0.4731
Epoch 172/500: train_loss: 0.4166 val_loss 0.4693
Epoch 173/500: train_loss: 0.4125 val_loss 0.4707
Epoch 174/500: train_loss: 0.4177 val_loss 0.4703
Epoch 175/500: train_loss: 0.4159 val_loss 0.4713
Epoch 176/500: train_loss: 0.4124 val_loss 0.4697
Epoch 177/500: train_loss: 0.4132 val_loss 0.4689
Epoch 178/500: train_loss: 0.4116 val_loss 0.4699
Epoch 179/500: train_loss: 0.4137 val_loss 0.4706
Epoch 180/500: train_loss: 0.4096 val_loss 0.4688
Epoch 181/500: train_loss: 0.4104 val_loss 0.4719
Epoch 182/500: train_loss: 0.4154 val_loss 0.4842
Epoch 183/500: train_loss: 0.4148 val_loss 0.4714
Epoch 184/500: train_loss: 0.4131 val_loss 0.4831
Epoch 185/500: train_loss: 0.4140 val_loss 0.4714
Epoch 186/500: train_loss: 0.4122 val_loss 0.4779
Epoch 187/500: train_loss: 0.4186 val_loss 0.4698
Epoch 188/500: train_loss: 0.4081 val_loss 0.4710
Epoch 189/500: train_loss: 0.4103 val_loss 0.4699
Epoch 190/500: train_loss: 0.4105 val_loss 0.4850
Epoch 191/500: train_loss: 0.4134 val_loss 0.4774
Epoch 192/500: train_loss: 0.4066 val_loss 0.4693
Epoch 193/500: train_loss: 0.4098 val_loss 0.4687
Epoch 194/500: train_loss: 0.4112 val_loss 0.4678
Epoch 195/500: train_loss: 0.4062 val_loss 0.4763
Epoch 196/500: train_loss: 0.4095 val_loss 0.4790
Epoch 197/500: train_loss: 0.4113 val_loss 0.4707
Epoch 198/500: train_loss: 0.4099 val_loss 0.4700
Epoch 199/500: train_loss: 0.4094 val_loss 0.4733
Epoch 200/500: train_loss: 0.4059 val_loss 0.4688
Epoch 201/500: train_loss: 0.4141 val_loss 0.4704
Epoch 202/500: train_loss: 0.4068 val_loss 0.4689
Epoch 203/500: train_loss: 0.4075 val_loss 0.4673
Saved at epoch 203.
Epoch 204/500: train_loss: 0.4074 val_loss 0.4701
Epoch 205/500: train_loss: 0.4046 val_loss 0.4672
Saved at epoch 205.
Epoch 206/500: train_loss: 0.4059 val_loss 0.4659
Saved at epoch 206.
Epoch 207/500: train_loss: 0.4079 val_loss 0.4656
Saved at epoch 207.
Epoch 208/500: train_loss: 0.4073 val_loss 0.4688
Epoch 209/500: train_loss: 0.4081 val_loss 0.4707
Epoch 210/500: train_loss: 0.4065 val_loss 0.4652
Saved at epoch 210.
Epoch 211/500: train_loss: 0.4037 val_loss 0.4653
Epoch 212/500: train_loss: 0.4063 val_loss 0.4697
Epoch 213/500: train_loss: 0.4104 val_loss 0.4682
Epoch 214/500: train_loss: 0.4084 val_loss 0.4709
Epoch 215/500: train_loss: 0.4064 val_loss 0.4651
Saved at epoch 215.
Epoch 216/500: train_loss: 0.4038 val_loss 0.4678
Epoch 217/500: train_loss: 0.4047 val_loss 0.4732
Epoch 218/500: train_loss: 0.4092 val_loss 0.4668
Epoch 219/500: train_loss: 0.4025 val_loss 0.4661
Epoch 220/500: train_loss: 0.4031 val_loss 0.4672
Epoch 221/500: train_loss: 0.4055 val_loss 0.4778
Epoch 222/500: train_loss: 0.4073 val_loss 0.4651
Epoch 223/500: train_loss: 0.4096 val_loss 0.4682
Epoch 224/500: train_loss: 0.4032 val_loss 0.4635
Saved at epoch 224.
Epoch 225/500: train_loss: 0.4005 val_loss 0.4655
Epoch 226/500: train_loss: 0.4077 val_loss 0.4785
Epoch 227/500: train_loss: 0.4104 val_loss 0.4662
Epoch 228/500: train_loss: 0.4074 val_loss 0.4674
Epoch 229/500: train_loss: 0.4062 val_loss 0.4701
Epoch 230/500: train_loss: 0.4036 val_loss 0.4687
Epoch 231/500: train_loss: 0.4042 val_loss 0.4638
Epoch 232/500: train_loss: 0.4039 val_loss 0.4678
Epoch 233/500: train_loss: 0.4022 val_loss 0.4643
Epoch 234/500: train_loss: 0.4007 val_loss 0.4628
Saved at epoch 234.
Epoch 235/500: train_loss: 0.4096 val_loss 0.4624
Saved at epoch 235.
Epoch 236/500: train_loss: 0.4116 val_loss 0.4725
Epoch 237/500: train_loss: 0.4016 val_loss 0.4629
Epoch 238/500: train_loss: 0.3999 val_loss 0.4679
Epoch 239/500: train_loss: 0.4003 val_loss 0.4618
Saved at epoch 239.
Epoch 240/500: train_loss: 0.4009 val_loss 0.4625
Epoch 241/500: train_loss: 0.4011 val_loss 0.4668
Epoch 242/500: train_loss: 0.4008 val_loss 0.4615
Saved at epoch 242.
Epoch 243/500: train_loss: 0.4017 val_loss 0.4621
Epoch 244/500: train_loss: 0.3992 val_loss 0.4693
Epoch 245/500: train_loss: 0.4027 val_loss 0.4753
Epoch 246/500: train_loss: 0.3969 val_loss 0.4655
Epoch 247/500: train_loss: 0.4034 val_loss 0.4748
Epoch 248/500: train_loss: 0.3993 val_loss 0.4662
Epoch 249/500: train_loss: 0.3996 val_loss 0.4604
Saved at epoch 249.
Epoch 250/500: train_loss: 0.4003 val_loss 0.4643
Epoch 251/500: train_loss: 0.3990 val_loss 0.4625
Epoch 252/500: train_loss: 0.3959 val_loss 0.4656
Epoch 253/500: train_loss: 0.3969 val_loss 0.4605
Epoch 254/500: train_loss: 0.3968 val_loss 0.4626
Epoch 255/500: train_loss: 0.3990 val_loss 0.4754
Epoch 256/500: train_loss: 0.3967 val_loss 0.4592
Saved at epoch 256.
Epoch 257/500: train_loss: 0.3982 val_loss 0.4629
Epoch 258/500: train_loss: 0.3950 val_loss 0.4682
Epoch 259/500: train_loss: 0.3998 val_loss 0.4631
Epoch 260/500: train_loss: 0.4027 val_loss 0.4603
Epoch 261/500: train_loss: 0.3970 val_loss 0.4620
Epoch 262/500: train_loss: 0.3944 val_loss 0.4604
Epoch 263/500: train_loss: 0.3967 val_loss 0.4643
Epoch 264/500: train_loss: 0.3950 val_loss 0.4608
Epoch 265/500: train_loss: 0.3964 val_loss 0.4635
Epoch 266/500: train_loss: 0.3993 val_loss 0.4613
Epoch 267/500: train_loss: 0.3988 val_loss 0.4751
Epoch 268/500: train_loss: 0.3991 val_loss 0.4640
Epoch 269/500: train_loss: 0.3953 val_loss 0.4616
Epoch 270/500: train_loss: 0.3960 val_loss 0.4704
Epoch 271/500: train_loss: 0.3982 val_loss 0.4627
Epoch 272/500: train_loss: 0.3965 val_loss 0.4634
Epoch 273/500: train_loss: 0.3992 val_loss 0.4661
Epoch 274/500: train_loss: 0.3921 val_loss 0.4620
Epoch 275/500: train_loss: 0.3937 val_loss 0.4600
Epoch 276/500: train_loss: 0.3967 val_loss 0.4643
Epoch 277/500: train_loss: 0.4019 val_loss 0.4946
Epoch 278/500: train_loss: 0.3984 val_loss 0.4600
Epoch 279/500: train_loss: 0.3953 val_loss 0.4622
Epoch 280/500: train_loss: 0.3931 val_loss 0.4599
Epoch 281/500: train_loss: 0.3978 val_loss 0.4600
Epoch 282/500: train_loss: 0.3955 val_loss 0.4634
Epoch 283/500: train_loss: 0.3954 val_loss 0.4585
Saved at epoch 283.
Epoch 284/500: train_loss: 0.3931 val_loss 0.4616
Epoch 285/500: train_loss: 0.3952 val_loss 0.4639
Epoch 286/500: train_loss: 0.3949 val_loss 0.4655
Epoch 287/500: train_loss: 0.4014 val_loss 0.4583
Saved at epoch 287.
Epoch 288/500: train_loss: 0.3916 val_loss 0.4600
Epoch 289/500: train_loss: 0.3921 val_loss 0.4624
Epoch 290/500: train_loss: 0.3939 val_loss 0.4641
Epoch 291/500: train_loss: 0.3909 val_loss 0.4619
Epoch 292/500: train_loss: 0.3921 val_loss 0.4620
Epoch 293/500: train_loss: 0.3930 val_loss 0.4606
Epoch 294/500: train_loss: 0.3958 val_loss 0.4634
Epoch 295/500: train_loss: 0.3960 val_loss 0.4655
Epoch 296/500: train_loss: 0.3940 val_loss 0.4609
Epoch 297/500: train_loss: 0.3947 val_loss 0.4843
Epoch 298/500: train_loss: 0.3905 val_loss 0.4607
Epoch 299/500: train_loss: 0.3896 val_loss 0.4624
Epoch 300/500: train_loss: 0.3886 val_loss 0.4608
Epoch 301/500: train_loss: 0.3912 val_loss 0.4620
Epoch 302/500: train_loss: 0.3908 val_loss 0.4655
Epoch 303/500: train_loss: 0.3872 val_loss 0.4573
Saved at epoch 303.
Epoch 304/500: train_loss: 0.3902 val_loss 0.4717
Epoch 305/500: train_loss: 0.3907 val_loss 0.4604
Epoch 306/500: train_loss: 0.3906 val_loss 0.4607
Epoch 307/500: train_loss: 0.3954 val_loss 0.4636
Epoch 308/500: train_loss: 0.3913 val_loss 0.4605
Epoch 309/500: train_loss: 0.3871 val_loss 0.4606
Epoch 310/500: train_loss: 0.3884 val_loss 0.4613
Epoch 311/500: train_loss: 0.3933 val_loss 0.4618
Epoch 312/500: train_loss: 0.3922 val_loss 0.4635
Epoch 313/500: train_loss: 0.3922 val_loss 0.4578
Epoch 314/500: train_loss: 0.3961 val_loss 0.4637
Epoch 315/500: train_loss: 0.3886 val_loss 0.4649
Epoch 316/500: train_loss: 0.3875 val_loss 0.4592
Epoch 317/500: train_loss: 0.3894 val_loss 0.4611
Epoch 318/500: train_loss: 0.3939 val_loss 0.4610
Epoch 319/500: train_loss: 0.3921 val_loss 0.4605
Epoch 320/500: train_loss: 0.3903 val_loss 0.4603
Epoch 321/500: train_loss: 0.3907 val_loss 0.4616
Epoch 322/500: train_loss: 0.3891 val_loss 0.4611
Epoch 323/500: train_loss: 0.3907 val_loss 0.4655
Epoch 324/500: train_loss: 0.3893 val_loss 0.4585
Epoch 325/500: train_loss: 0.3868 val_loss 0.4560
Saved at epoch 325.
Epoch 326/500: train_loss: 0.3880 val_loss 0.4595
Epoch 327/500: train_loss: 0.3857 val_loss 0.4611
Epoch 328/500: train_loss: 0.3927 val_loss 0.4593
Epoch 329/500: train_loss: 0.3867 val_loss 0.4655
Epoch 330/500: train_loss: 0.3911 val_loss 0.4743
Epoch 331/500: train_loss: 0.3887 val_loss 0.4586
Epoch 332/500: train_loss: 0.3858 val_loss 0.4581
Epoch 333/500: train_loss: 0.3883 val_loss 0.4593
Epoch 334/500: train_loss: 0.3850 val_loss 0.4606
Epoch 335/500: train_loss: 0.3875 val_loss 0.4590
Epoch 336/500: train_loss: 0.3892 val_loss 0.4648
Epoch 337/500: train_loss: 0.3916 val_loss 0.4585
Epoch 338/500: train_loss: 0.3883 val_loss 0.4556
Saved at epoch 338.
Epoch 339/500: train_loss: 0.3848 val_loss 0.4561
Epoch 340/500: train_loss: 0.3905 val_loss 0.4558
Epoch 341/500: train_loss: 0.3877 val_loss 0.4588
Epoch 342/500: train_loss: 0.3839 val_loss 0.4590
Epoch 343/500: train_loss: 0.3891 val_loss 0.4652
Epoch 344/500: train_loss: 0.3954 val_loss 0.4693
Epoch 345/500: train_loss: 0.3911 val_loss 0.4554
Saved at epoch 345.
Epoch 346/500: train_loss: 0.3857 val_loss 0.4551
Saved at epoch 346.
Epoch 347/500: train_loss: 0.3862 val_loss 0.4626
Epoch 348/500: train_loss: 0.3844 val_loss 0.4571
Epoch 349/500: train_loss: 0.3871 val_loss 0.4555
Epoch 350/500: train_loss: 0.3863 val_loss 0.4558
Epoch 351/500: train_loss: 0.3830 val_loss 0.4576
Epoch 352/500: train_loss: 0.3820 val_loss 0.4555
Epoch 353/500: train_loss: 0.3858 val_loss 0.4707
Epoch 354/500: train_loss: 0.3892 val_loss 0.4556
Epoch 355/500: train_loss: 0.3841 val_loss 0.4570
Epoch 356/500: train_loss: 0.3857 val_loss 0.4561
Epoch 357/500: train_loss: 0.3856 val_loss 0.4557
Epoch 358/500: train_loss: 0.3857 val_loss 0.4545
Saved at epoch 358.
Epoch 359/500: train_loss: 0.3873 val_loss 0.4894
Epoch 360/500: train_loss: 0.3914 val_loss 0.4698
Epoch 361/500: train_loss: 0.3937 val_loss 0.4539
Saved at epoch 361.
Epoch 362/500: train_loss: 0.3923 val_loss 0.4576
Epoch 363/500: train_loss: 0.3923 val_loss 0.4558
Epoch 364/500: train_loss: 0.3845 val_loss 0.4541
Epoch 365/500: train_loss: 0.3808 val_loss 0.4581
Epoch 366/500: train_loss: 0.3834 val_loss 0.4541
Epoch 367/500: train_loss: 0.3842 val_loss 0.4653
Epoch 368/500: train_loss: 0.3873 val_loss 0.4638
Epoch 369/500: train_loss: 0.3834 val_loss 0.4588
Epoch 370/500: train_loss: 0.3841 val_loss 0.4566
Epoch 371/500: train_loss: 0.3817 val_loss 0.4651
Epoch 372/500: train_loss: 0.3912 val_loss 0.4677
Epoch 373/500: train_loss: 0.3843 val_loss 0.4631
Epoch 374/500: train_loss: 0.3874 val_loss 0.4559
Epoch 375/500: train_loss: 0.3825 val_loss 0.4599
Epoch 376/500: train_loss: 0.3866 val_loss 0.4601
Epoch 377/500: train_loss: 0.3847 val_loss 0.4577
Epoch 378/500: train_loss: 0.3809 val_loss 0.4548
Epoch 379/500: train_loss: 0.3809 val_loss 0.4541
Epoch 380/500: train_loss: 0.3816 val_loss 0.4711
Epoch 381/500: train_loss: 0.3853 val_loss 0.4564
Epoch 382/500: train_loss: 0.3859 val_loss 0.4537
Saved at epoch 382.
Epoch 383/500: train_loss: 0.3843 val_loss 0.4546
Epoch 384/500: train_loss: 0.3798 val_loss 0.4543
Epoch 385/500: train_loss: 0.3776 val_loss 0.4645
Epoch 386/500: train_loss: 0.3816 val_loss 0.4551
Epoch 387/500: train_loss: 0.3811 val_loss 0.4550
Epoch 388/500: train_loss: 0.3831 val_loss 0.4655
Epoch 389/500: train_loss: 0.3853 val_loss 0.4531
Saved at epoch 389.
Epoch 390/500: train_loss: 0.3789 val_loss 0.4558
Epoch 391/500: train_loss: 0.3817 val_loss 0.4586
Epoch 392/500: train_loss: 0.3898 val_loss 0.4703
Epoch 393/500: train_loss: 0.3879 val_loss 0.4596
Epoch 394/500: train_loss: 0.3813 val_loss 0.4580
Epoch 395/500: train_loss: 0.3846 val_loss 0.4545
Epoch 396/500: train_loss: 0.3801 val_loss 0.4529
Saved at epoch 396.
Epoch 397/500: train_loss: 0.3797 val_loss 0.4617
Epoch 398/500: train_loss: 0.3819 val_loss 0.4531
Epoch 399/500: train_loss: 0.3859 val_loss 0.4542
Epoch 400/500: train_loss: 0.3784 val_loss 0.4507
Saved at epoch 400.
Epoch 401/500: train_loss: 0.3824 val_loss 0.4542
Epoch 402/500: train_loss: 0.3880 val_loss 0.4526
Epoch 403/500: train_loss: 0.3832 val_loss 0.4725
Epoch 404/500: train_loss: 0.3806 val_loss 0.4529
Epoch 405/500: train_loss: 0.3786 val_loss 0.4538
Epoch 406/500: train_loss: 0.3784 val_loss 0.4597
Epoch 407/500: train_loss: 0.3824 val_loss 0.4535
Epoch 408/500: train_loss: 0.3759 val_loss 0.4513
Epoch 409/500: train_loss: 0.3799 val_loss 0.4645
Epoch 410/500: train_loss: 0.3809 val_loss 0.4609
Epoch 411/500: train_loss: 0.3797 val_loss 0.4559
Epoch 412/500: train_loss: 0.3791 val_loss 0.4678
Epoch 413/500: train_loss: 0.3849 val_loss 0.4497
Saved at epoch 413.
Epoch 414/500: train_loss: 0.3799 val_loss 0.4528
Epoch 415/500: train_loss: 0.3790 val_loss 0.4533
Epoch 416/500: train_loss: 0.3764 val_loss 0.4531
Epoch 417/500: train_loss: 0.3788 val_loss 0.4525
Epoch 418/500: train_loss: 0.3768 val_loss 0.4704
Epoch 419/500: train_loss: 0.3848 val_loss 0.4604
Epoch 420/500: train_loss: 0.3811 val_loss 0.4530
Epoch 421/500: train_loss: 0.3805 val_loss 0.4534
Epoch 422/500: train_loss: 0.3814 val_loss 0.4565
Epoch 423/500: train_loss: 0.3771 val_loss 0.4675
Epoch 424/500: train_loss: 0.3797 val_loss 0.4551
Epoch 425/500: train_loss: 0.3828 val_loss 0.4644
Epoch 426/500: train_loss: 0.3774 val_loss 0.4541
Epoch 427/500: train_loss: 0.3777 val_loss 0.4543
Epoch 428/500: train_loss: 0.3824 val_loss 0.4522
Epoch 429/500: train_loss: 0.3861 val_loss 0.4581
Epoch 430/500: train_loss: 0.3777 val_loss 0.4550
Epoch 431/500: train_loss: 0.3800 val_loss 0.4560
Epoch 432/500: train_loss: 0.3779 val_loss 0.4547
Epoch 433/500: train_loss: 0.3761 val_loss 0.4515
Epoch 434/500: train_loss: 0.3789 val_loss 0.4542
Epoch 435/500: train_loss: 0.3742 val_loss 0.4600
Epoch 436/500: train_loss: 0.3822 val_loss 0.4506
Epoch 437/500: train_loss: 0.3760 val_loss 0.4559
Epoch 438/500: train_loss: 0.3794 val_loss 0.4523
Epoch 439/500: train_loss: 0.3769 val_loss 0.4632
Epoch 440/500: train_loss: 0.3790 val_loss 0.4501
Epoch 441/500: train_loss: 0.3773 val_loss 0.4523
Epoch 442/500: train_loss: 0.3766 val_loss 0.4529
Epoch 443/500: train_loss: 0.3750 val_loss 0.4620
Epoch 444/500: train_loss: 0.3780 val_loss 0.4572
Epoch 445/500: train_loss: 0.3751 val_loss 0.4543
Epoch 446/500: train_loss: 0.3827 val_loss 0.4541
Epoch 447/500: train_loss: 0.3757 val_loss 0.4504
Epoch 448/500: train_loss: 0.3781 val_loss 0.4603
Epoch 449/500: train_loss: 0.3784 val_loss 0.4560
Epoch 450/500: train_loss: 0.3776 val_loss 0.4558
Epoch 451/500: train_loss: 0.3749 val_loss 0.4495
Saved at epoch 451.
Epoch 452/500: train_loss: 0.3724 val_loss 0.4495
Epoch 453/500: train_loss: 0.3741 val_loss 0.4529
Epoch 454/500: train_loss: 0.3738 val_loss 0.4494
Saved at epoch 454.
Epoch 455/500: train_loss: 0.3759 val_loss 0.4539
Epoch 456/500: train_loss: 0.3757 val_loss 0.4496
Epoch 457/500: train_loss: 0.3742 val_loss 0.4558
Epoch 458/500: train_loss: 0.3784 val_loss 0.4513
Epoch 459/500: train_loss: 0.3733 val_loss 0.4500
Epoch 460/500: train_loss: 0.3764 val_loss 0.4549
Epoch 461/500: train_loss: 0.3752 val_loss 0.4510
Epoch 462/500: train_loss: 0.3771 val_loss 0.4492
Saved at epoch 462.
Epoch 463/500: train_loss: 0.3765 val_loss 0.4501
Epoch 464/500: train_loss: 0.3745 val_loss 0.4716
Epoch 465/500: train_loss: 0.3711 val_loss 0.4484
Saved at epoch 465.
Epoch 466/500: train_loss: 0.3755 val_loss 0.4511
Epoch 467/500: train_loss: 0.3724 val_loss 0.4481
Saved at epoch 467.
Epoch 468/500: train_loss: 0.3731 val_loss 0.4546
Epoch 469/500: train_loss: 0.3837 val_loss 0.4514
Epoch 470/500: train_loss: 0.3795 val_loss 0.4495
Epoch 471/500: train_loss: 0.3793 val_loss 0.4634
Epoch 472/500: train_loss: 0.3766 val_loss 0.4455
Saved at epoch 472.
Epoch 473/500: train_loss: 0.3766 val_loss 0.4547
Epoch 474/500: train_loss: 0.3720 val_loss 0.4464
Epoch 475/500: train_loss: 0.3701 val_loss 0.4462
Epoch 476/500: train_loss: 0.3791 val_loss 0.4516
Epoch 477/500: train_loss: 0.3757 val_loss 0.4562
Epoch 478/500: train_loss: 0.3792 val_loss 0.4509
Epoch 479/500: train_loss: 0.3754 val_loss 0.4479
Epoch 480/500: train_loss: 0.3735 val_loss 0.4520
Epoch 481/500: train_loss: 0.3710 val_loss 0.4602
Epoch 482/500: train_loss: 0.3746 val_loss 0.4483
Epoch 483/500: train_loss: 0.3727 val_loss 0.4463
Epoch 484/500: train_loss: 0.3749 val_loss 0.4472
Epoch 485/500: train_loss: 0.3747 val_loss 0.4495
Epoch 486/500: train_loss: 0.3728 val_loss 0.4479
Epoch 487/500: train_loss: 0.3712 val_loss 0.4499
Epoch 488/500: train_loss: 0.3711 val_loss 0.4638
Epoch 489/500: train_loss: 0.3696 val_loss 0.4510
Epoch 490/500: train_loss: 0.3733 val_loss 0.4490
Epoch 491/500: train_loss: 0.3754 val_loss 0.4540
Epoch 492/500: train_loss: 0.3730 val_loss 0.4480
Epoch 493/500: train_loss: 0.3703 val_loss 0.4552
Epoch 494/500: train_loss: 0.3665 val_loss 0.4487
Epoch 495/500: train_loss: 0.3706 val_loss 0.4553
Epoch 496/500: train_loss: 0.3700 val_loss 0.4494
Epoch 497/500: train_loss: 0.3697 val_loss 0.4541
Epoch 498/500: train_loss: 0.3712 val_loss 0.4499
Epoch 499/500: train_loss: 0.3732 val_loss 0.4527
Epoch 500/500: train_loss: 0.3719 val_loss 0.4512
Test Accuracy: 80.49%
