LD=10
Using: cuda
Epoch 1/2000 | Loss: 0.0380015157
Saved at epoch 1.
Epoch 2/2000 | Loss: 0.0288859056
Saved at epoch 2.
Epoch 3/2000 | Loss: 0.0209609160
Saved at epoch 3.
Epoch 4/2000 | Loss: 0.0156265380
Saved at epoch 4.
Epoch 5/2000 | Loss: 0.0135055575
Saved at epoch 5.
Epoch 6/2000 | Loss: 0.0090136227
Saved at epoch 6.
Epoch 7/2000 | Loss: 0.0062990391
Saved at epoch 7.
Epoch 8/2000 | Loss: 0.0059612940
Saved at epoch 8.
Epoch 9/2000 | Loss: 0.0040262770
Saved at epoch 9.
Epoch 10/2000 | Loss: 0.0034388536
Saved at epoch 10.
Epoch 11/2000 | Loss: 0.0044089336
Epoch 12/2000 | Loss: 0.0055011355
Epoch 13/2000 | Loss: 0.0047926815
Epoch 14/2000 | Loss: 0.0042748559
Epoch 15/2000 | Loss: 0.0037043483
Epoch 16/2000 | Loss: 0.0029360715
Saved at epoch 16.
Epoch 17/2000 | Loss: 0.0024889170
Saved at epoch 17.
Epoch 18/2000 | Loss: 0.0022034881
Saved at epoch 18.
Epoch 19/2000 | Loss: 0.0020756057
Saved at epoch 19.
Epoch 20/2000 | Loss: 0.0017261029
Saved at epoch 20.
Epoch 21/2000 | Loss: 0.0016723479
Saved at epoch 21.
Epoch 22/2000 | Loss: 0.0016354959
Saved at epoch 22.
Epoch 23/2000 | Loss: 0.0017375746
Epoch 24/2000 | Loss: 0.0019115389
Epoch 25/2000 | Loss: 0.0029588137
Epoch 26/2000 | Loss: 0.0042743184
Epoch 27/2000 | Loss: 0.0036099067
Epoch 28/2000 | Loss: 0.0032356789
Epoch 29/2000 | Loss: 0.0026313609
Epoch 30/2000 | Loss: 0.0021001889
Epoch 31/2000 | Loss: 0.0019269623
Epoch 32/2000 | Loss: 0.0018034271
Epoch 33/2000 | Loss: 0.0014511754
Saved at epoch 33.
Epoch 34/2000 | Loss: 0.0015028740
Epoch 35/2000 | Loss: 0.0024468115
Epoch 36/2000 | Loss: 0.0019904714
Epoch 37/2000 | Loss: 0.0017642088
Epoch 38/2000 | Loss: 0.0016284754
Epoch 39/2000 | Loss: 0.0074665556
Epoch 40/2000 | Loss: 0.0059859479
Epoch 41/2000 | Loss: 0.0044095046
Epoch 42/2000 | Loss: 0.0037947580
Epoch 43/2000 | Loss: 0.0035105790
Epoch 44/2000 | Loss: 0.0032015192
Epoch 45/2000 | Loss: 0.0029739267
Epoch 46/2000 | Loss: 0.0024933432
Epoch 47/2000 | Loss: 0.0021617066
Epoch 48/2000 | Loss: 0.0017160903
Epoch 49/2000 | Loss: 0.0018556011
Epoch 50/2000 | Loss: 0.0019640152
Epoch 51/2000 | Loss: 0.0023684357
Epoch 52/2000 | Loss: 0.0014600280
Epoch 53/2000 | Loss: 0.0013261172
Saved at epoch 53.
Epoch 54/2000 | Loss: 0.0012206614
Saved at epoch 54.
Epoch 55/2000 | Loss: 0.0011923209
Saved at epoch 55.
Epoch 56/2000 | Loss: 0.0015925266
Epoch 57/2000 | Loss: 0.0014834167
Epoch 58/2000 | Loss: 0.0020881395
Epoch 59/2000 | Loss: 0.0015746075
Epoch 60/2000 | Loss: 0.0038204220
Epoch 61/2000 | Loss: 0.0049203530
Epoch 62/2000 | Loss: 0.0039468788
Epoch 63/2000 | Loss: 0.0036192275
Epoch 64/2000 | Loss: 0.0034713219
Epoch 65/2000 | Loss: 0.0033686896
Epoch 66/2000 | Loss: 0.0033850773
Epoch 67/2000 | Loss: 0.0033071526
Epoch 68/2000 | Loss: 0.0032008762
Epoch 69/2000 | Loss: 0.0031198989
Epoch 70/2000 | Loss: 0.0031149663
Epoch 71/2000 | Loss: 0.0032551783
Epoch 72/2000 | Loss: 0.0033056212
Epoch 73/2000 | Loss: 0.0029468800
Epoch 74/2000 | Loss: 0.0029110288
Epoch 75/2000 | Loss: 0.0024525990
Epoch 76/2000 | Loss: 0.0023339993
Epoch 77/2000 | Loss: 0.0018131178
Epoch 78/2000 | Loss: 0.0017667772
Epoch 79/2000 | Loss: 0.0023763261
Epoch 80/2000 | Loss: 0.0017080623
Epoch 81/2000 | Loss: 0.0017637978
Epoch 82/2000 | Loss: 0.0015394487
Epoch 83/2000 | Loss: 0.0026878247
Epoch 84/2000 | Loss: 0.0033075938
Epoch 85/2000 | Loss: 0.0024450188
Epoch 86/2000 | Loss: 0.0015095138
Epoch 87/2000 | Loss: 0.0015558900
Epoch 88/2000 | Loss: 0.0014789046
Epoch 89/2000 | Loss: 0.0013533544
Epoch 90/2000 | Loss: 0.0013272938
Epoch 91/2000 | Loss: 0.0014052203
Epoch 92/2000 | Loss: 0.0016273095
Epoch 93/2000 | Loss: 0.0011982916
Epoch 94/2000 | Loss: 0.0011050683
Saved at epoch 94.
Epoch 95/2000 | Loss: 0.0010705297
Saved at epoch 95.
Epoch 96/2000 | Loss: 0.0011584031
Epoch 97/2000 | Loss: 0.0011082179
Epoch 98/2000 | Loss: 0.0010334362
Saved at epoch 98.
Epoch 99/2000 | Loss: 0.0010242230
Saved at epoch 99.
Epoch 100/2000 | Loss: 0.0010163010
Saved at epoch 100.
Epoch 101/2000 | Loss: 0.0009907870
Saved at epoch 101.
Epoch 102/2000 | Loss: 0.0010045380
Epoch 103/2000 | Loss: 0.0009949138
Epoch 104/2000 | Loss: 0.0010324196
Epoch 105/2000 | Loss: 0.0010103899
Epoch 106/2000 | Loss: 0.0009600513
Saved at epoch 106.
Epoch 107/2000 | Loss: 0.0009762472
Epoch 108/2000 | Loss: 0.0010869134
Epoch 109/2000 | Loss: 0.0012065746
Epoch 110/2000 | Loss: 0.0008989419
Saved at epoch 110.
Epoch 111/2000 | Loss: 0.0008161302
Saved at epoch 111.
Epoch 112/2000 | Loss: 0.0008284152
Epoch 113/2000 | Loss: 0.0008176806
Epoch 114/2000 | Loss: 0.0008511869
Epoch 115/2000 | Loss: 0.0009075238
Epoch 116/2000 | Loss: 0.0014570789
Epoch 117/2000 | Loss: 0.0026019627
Epoch 118/2000 | Loss: 0.0011797245
Epoch 119/2000 | Loss: 0.0009050311
Epoch 120/2000 | Loss: 0.0011565181
Epoch 121/2000 | Loss: 0.0012069796
Epoch 122/2000 | Loss: 0.0013843257
Epoch 123/2000 | Loss: 0.0008411446
Epoch 124/2000 | Loss: 0.0009044300
Epoch 125/2000 | Loss: 0.0008515300
Epoch 126/2000 | Loss: 0.0010015629
Epoch 127/2000 | Loss: 0.0010149158
Epoch 128/2000 | Loss: 0.0010290994
Epoch 129/2000 | Loss: 0.0013345964
Epoch 130/2000 | Loss: 0.0011261937
Epoch 131/2000 | Loss: 0.0010795344
Epoch 132/2000 | Loss: 0.0009543740
Epoch 133/2000 | Loss: 0.0007779486
Saved at epoch 133.
Epoch 134/2000 | Loss: 0.0007996186
Epoch 135/2000 | Loss: 0.0007443846
Saved at epoch 135.
Epoch 136/2000 | Loss: 0.0009026554
Epoch 137/2000 | Loss: 0.0010909409
Epoch 138/2000 | Loss: 0.0008395470
Epoch 139/2000 | Loss: 0.0007344083
Saved at epoch 139.
Epoch 140/2000 | Loss: 0.0007086649
Saved at epoch 140.
Epoch 141/2000 | Loss: 0.0007077513
Saved at epoch 141.
Epoch 142/2000 | Loss: 0.0007765821
Epoch 143/2000 | Loss: 0.0007281586
Epoch 144/2000 | Loss: 0.0008251339
Epoch 145/2000 | Loss: 0.0009908381
Epoch 146/2000 | Loss: 0.0012754480
Epoch 147/2000 | Loss: 0.0008641257
Epoch 148/2000 | Loss: 0.0007670497
Epoch 149/2000 | Loss: 0.0007164487
Epoch 150/2000 | Loss: 0.0007669740
Epoch 151/2000 | Loss: 0.0007026242
Saved at epoch 151.
Epoch 152/2000 | Loss: 0.0006438836
Saved at epoch 152.
Epoch 153/2000 | Loss: 0.0007221141
Epoch 154/2000 | Loss: 0.0009239814
Epoch 155/2000 | Loss: 0.0007722243
Epoch 156/2000 | Loss: 0.0007227785
Epoch 157/2000 | Loss: 0.0008619638
Epoch 158/2000 | Loss: 0.0010301943
Epoch 159/2000 | Loss: 0.0009402760
Epoch 160/2000 | Loss: 0.0008282389
Epoch 161/2000 | Loss: 0.0006874468
Epoch 162/2000 | Loss: 0.0006153845
Saved at epoch 162.
Epoch 163/2000 | Loss: 0.0006193288
Epoch 164/2000 | Loss: 0.0006204810
Epoch 165/2000 | Loss: 0.0006675920
Epoch 166/2000 | Loss: 0.0007089490
Epoch 167/2000 | Loss: 0.0008741835
Epoch 168/2000 | Loss: 0.0011958039
Epoch 169/2000 | Loss: 0.0006938087
Epoch 170/2000 | Loss: 0.0006310515
Epoch 171/2000 | Loss: 0.0007583916
Epoch 172/2000 | Loss: 0.0006936562
Epoch 173/2000 | Loss: 0.0008801549
Epoch 174/2000 | Loss: 0.0010532829
Epoch 175/2000 | Loss: 0.0009610696
Epoch 176/2000 | Loss: 0.0010016894
Epoch 177/2000 | Loss: 0.0009285389
Epoch 178/2000 | Loss: 0.0009895713
Epoch 179/2000 | Loss: 0.0010173551
Epoch 180/2000 | Loss: 0.0008554734
Epoch 181/2000 | Loss: 0.0006889401
Epoch 182/2000 | Loss: 0.0006642383
Epoch 183/2000 | Loss: 0.0007764514
Epoch 184/2000 | Loss: 0.0008609429
Epoch 185/2000 | Loss: 0.0007968223
Epoch 186/2000 | Loss: 0.0009431276
Epoch 187/2000 | Loss: 0.0007840251
Epoch 188/2000 | Loss: 0.0016715266
Epoch 189/2000 | Loss: 0.0010140001
Epoch 190/2000 | Loss: 0.0007654807
Epoch 191/2000 | Loss: 0.0006938568
Epoch 192/2000 | Loss: 0.0006496153
Epoch 193/2000 | Loss: 0.0006210995
Epoch 194/2000 | Loss: 0.0006134679
Saved at epoch 194.
Epoch 195/2000 | Loss: 0.0005724503
Saved at epoch 195.
Epoch 196/2000 | Loss: 0.0005668916
Saved at epoch 196.
Epoch 197/2000 | Loss: 0.0006225665
Epoch 198/2000 | Loss: 0.0006832375
Epoch 199/2000 | Loss: 0.0005996215
Epoch 200/2000 | Loss: 0.0006254905
Epoch 201/2000 | Loss: 0.0006729790
Epoch 202/2000 | Loss: 0.0008481826
Epoch 203/2000 | Loss: 0.0007867122
Epoch 204/2000 | Loss: 0.0008843562
Epoch 205/2000 | Loss: 0.0008588663
Epoch 206/2000 | Loss: 0.0009427917
Epoch 207/2000 | Loss: 0.0008759168
Epoch 208/2000 | Loss: 0.0012966714
Epoch 209/2000 | Loss: 0.0008010243
Epoch 210/2000 | Loss: 0.0006993155
Epoch 211/2000 | Loss: 0.0006911142
Epoch 212/2000 | Loss: 0.0007053592
Epoch 213/2000 | Loss: 0.0006266950
Epoch 214/2000 | Loss: 0.0006406377
Epoch 215/2000 | Loss: 0.0006275751
Epoch 216/2000 | Loss: 0.0007300963
Epoch 217/2000 | Loss: 0.0007477769
Epoch 218/2000 | Loss: 0.0008670798
Epoch 219/2000 | Loss: 0.0006228516
Epoch 220/2000 | Loss: 0.0005955471
Epoch 221/2000 | Loss: 0.0006739917
Epoch 222/2000 | Loss: 0.0008230926
Epoch 223/2000 | Loss: 0.0010123282
Epoch 224/2000 | Loss: 0.0011477003
Epoch 225/2000 | Loss: 0.0010612819
Epoch 226/2000 | Loss: 0.0020237525
Epoch 227/2000 | Loss: 0.0012294643
Epoch 228/2000 | Loss: 0.0016844715
Epoch 229/2000 | Loss: 0.0017119303
Epoch 230/2000 | Loss: 0.0008572592
Epoch 231/2000 | Loss: 0.0007588667
Epoch 232/2000 | Loss: 0.0006561048
Epoch 233/2000 | Loss: 0.0005987174
Epoch 234/2000 | Loss: 0.0005556258
Saved at epoch 234.
Epoch 235/2000 | Loss: 0.0005438421
Saved at epoch 235.
Epoch 236/2000 | Loss: 0.0005426100
Saved at epoch 236.
Epoch 237/2000 | Loss: 0.0005260345
Saved at epoch 237.
Epoch 238/2000 | Loss: 0.0005163894
Saved at epoch 238.
Epoch 239/2000 | Loss: 0.0005062412
Saved at epoch 239.
Epoch 240/2000 | Loss: 0.0005040845
Saved at epoch 240.
Epoch 241/2000 | Loss: 0.0005143514
Epoch 242/2000 | Loss: 0.0005114564
Epoch 243/2000 | Loss: 0.0005111323
Epoch 244/2000 | Loss: 0.0005095092
Epoch 245/2000 | Loss: 0.0005087123
Epoch 246/2000 | Loss: 0.0005273777
Epoch 247/2000 | Loss: 0.0005213038
Epoch 248/2000 | Loss: 0.0004953017
Saved at epoch 248.
Epoch 249/2000 | Loss: 0.0005127508
Epoch 250/2000 | Loss: 0.0005403610
Epoch 251/2000 | Loss: 0.0005612626
Epoch 252/2000 | Loss: 0.0006434634
Epoch 253/2000 | Loss: 0.0011319508
Epoch 254/2000 | Loss: 0.0021132100
Epoch 255/2000 | Loss: 0.0008982068
Epoch 256/2000 | Loss: 0.0006914505
Epoch 257/2000 | Loss: 0.0006198326
Epoch 258/2000 | Loss: 0.0006445216
Epoch 259/2000 | Loss: 0.0006408475
Epoch 260/2000 | Loss: 0.0005830346
Epoch 261/2000 | Loss: 0.0005154194
Epoch 262/2000 | Loss: 0.0005006895
Epoch 263/2000 | Loss: 0.0004974578
Epoch 264/2000 | Loss: 0.0004867650
Saved at epoch 264.
Epoch 265/2000 | Loss: 0.0005064003
Epoch 266/2000 | Loss: 0.0005255468
Epoch 267/2000 | Loss: 0.0005236404
Epoch 268/2000 | Loss: 0.0005478642
Epoch 269/2000 | Loss: 0.0005416562
Epoch 270/2000 | Loss: 0.0006276232
Epoch 271/2000 | Loss: 0.0006961808
Epoch 272/2000 | Loss: 0.0007751438
Epoch 273/2000 | Loss: 0.0006883340
Epoch 274/2000 | Loss: 0.0011791377
Epoch 275/2000 | Loss: 0.0016509430
Epoch 276/2000 | Loss: 0.0010345214
Epoch 277/2000 | Loss: 0.0010192109
Epoch 278/2000 | Loss: 0.0010816741
Epoch 279/2000 | Loss: 0.0008624289
Epoch 280/2000 | Loss: 0.0006339936
Epoch 281/2000 | Loss: 0.0005671526
Epoch 282/2000 | Loss: 0.0005386010
Epoch 283/2000 | Loss: 0.0005602946
Epoch 284/2000 | Loss: 0.0006635754
Epoch 285/2000 | Loss: 0.0005567216
Epoch 286/2000 | Loss: 0.0005245308
Epoch 287/2000 | Loss: 0.0004876876
Epoch 288/2000 | Loss: 0.0004767439
Saved at epoch 288.
Epoch 289/2000 | Loss: 0.0004739097
Saved at epoch 289.
Epoch 290/2000 | Loss: 0.0004759622
Epoch 291/2000 | Loss: 0.0004877415
Epoch 292/2000 | Loss: 0.0004906103
Epoch 293/2000 | Loss: 0.0004941729
Epoch 294/2000 | Loss: 0.0004825176
Epoch 295/2000 | Loss: 0.0005067290
Epoch 296/2000 | Loss: 0.0005718177
Epoch 297/2000 | Loss: 0.0007174623
Epoch 298/2000 | Loss: 0.0006935739
Epoch 299/2000 | Loss: 0.0007213971
Epoch 300/2000 | Loss: 0.0005823109
Epoch 301/2000 | Loss: 0.0006546434
Epoch 302/2000 | Loss: 0.0006370604
Epoch 303/2000 | Loss: 0.0006092801
Epoch 304/2000 | Loss: 0.0006609219
Epoch 305/2000 | Loss: 0.0005389091
Epoch 306/2000 | Loss: 0.0005107364
Epoch 307/2000 | Loss: 0.0004947163
Epoch 308/2000 | Loss: 0.0004663755
Saved at epoch 308.
Epoch 309/2000 | Loss: 0.0004506167
Saved at epoch 309.
Epoch 310/2000 | Loss: 0.0004459367
Saved at epoch 310.
Epoch 311/2000 | Loss: 0.0004506364
Epoch 312/2000 | Loss: 0.0004534120
Epoch 313/2000 | Loss: 0.0004471186
Epoch 314/2000 | Loss: 0.0004459342
Saved at epoch 314.
Epoch 315/2000 | Loss: 0.0004545443
Epoch 316/2000 | Loss: 0.0004677568
Epoch 317/2000 | Loss: 0.0005305473
Epoch 318/2000 | Loss: 0.0008441086
Epoch 319/2000 | Loss: 0.0010261130
Epoch 320/2000 | Loss: 0.0008315605
Epoch 321/2000 | Loss: 0.0010122757
Epoch 322/2000 | Loss: 0.0007678270
Epoch 323/2000 | Loss: 0.0006178771
Epoch 324/2000 | Loss: 0.0006698849
Epoch 325/2000 | Loss: 0.0005984801
Epoch 326/2000 | Loss: 0.0005464013
Epoch 327/2000 | Loss: 0.0005355067
Epoch 328/2000 | Loss: 0.0004944438
Epoch 329/2000 | Loss: 0.0004685984
Epoch 330/2000 | Loss: 0.0004665280
Epoch 331/2000 | Loss: 0.0004870292
Epoch 332/2000 | Loss: 0.0004968016
Epoch 333/2000 | Loss: 0.0006314616
Epoch 334/2000 | Loss: 0.0006716433
Epoch 335/2000 | Loss: 0.0008340962
Epoch 336/2000 | Loss: 0.0007248114
Epoch 337/2000 | Loss: 0.0008000086
Epoch 338/2000 | Loss: 0.0007542327
Epoch 339/2000 | Loss: 0.0006826644
Epoch 340/2000 | Loss: 0.0005001461
Epoch 341/2000 | Loss: 0.0004729177
Epoch 342/2000 | Loss: 0.0005068827
Epoch 343/2000 | Loss: 0.0006126885
Epoch 344/2000 | Loss: 0.0005361917
Epoch 345/2000 | Loss: 0.0008365203
Epoch 346/2000 | Loss: 0.0006394131
Epoch 347/2000 | Loss: 0.0007085091
Epoch 348/2000 | Loss: 0.0006225724
Epoch 349/2000 | Loss: 0.0006016986
Epoch 350/2000 | Loss: 0.0008878170
Epoch 351/2000 | Loss: 0.0009043739
Epoch 352/2000 | Loss: 0.0015671748
Epoch 353/2000 | Loss: 0.0011077024
Epoch 354/2000 | Loss: 0.0010798497
Epoch 355/2000 | Loss: 0.0013436305
Epoch 356/2000 | Loss: 0.0006276309
Epoch 357/2000 | Loss: 0.0006785606
Epoch 358/2000 | Loss: 0.0009392056
Epoch 359/2000 | Loss: 0.0005452592
Epoch 360/2000 | Loss: 0.0005260397
Epoch 361/2000 | Loss: 0.0004548977
Epoch 362/2000 | Loss: 0.0004040765
Saved at epoch 362.
Epoch 363/2000 | Loss: 0.0003888244
Saved at epoch 363.
Epoch 364/2000 | Loss: 0.0003811317
Saved at epoch 364.
Epoch 365/2000 | Loss: 0.0003873667
Epoch 366/2000 | Loss: 0.0003821692
Epoch 367/2000 | Loss: 0.0003956957
Epoch 368/2000 | Loss: 0.0003781024
Saved at epoch 368.
Epoch 369/2000 | Loss: 0.0003930616
Epoch 370/2000 | Loss: 0.0003751290
Saved at epoch 370.
Epoch 371/2000 | Loss: 0.0003874355
Epoch 372/2000 | Loss: 0.0003794017
Epoch 373/2000 | Loss: 0.0003878319
Epoch 374/2000 | Loss: 0.0003921365
Epoch 375/2000 | Loss: 0.0004169955
Epoch 376/2000 | Loss: 0.0005362872
Epoch 377/2000 | Loss: 0.0008291668
Epoch 378/2000 | Loss: 0.0011735441
Epoch 379/2000 | Loss: 0.0009298520
Epoch 380/2000 | Loss: 0.0007292816
Epoch 381/2000 | Loss: 0.0009375642
Epoch 382/2000 | Loss: 0.0005337350
Epoch 383/2000 | Loss: 0.0004085763
Epoch 384/2000 | Loss: 0.0005056725
Epoch 385/2000 | Loss: 0.0006033721
Epoch 386/2000 | Loss: 0.0004882117
Epoch 387/2000 | Loss: 0.0005022761
Epoch 388/2000 | Loss: 0.0004526818
Epoch 389/2000 | Loss: 0.0004026232
Epoch 390/2000 | Loss: 0.0006904927
Epoch 391/2000 | Loss: 0.0009215378
Epoch 392/2000 | Loss: 0.0005517807
Epoch 393/2000 | Loss: 0.0004980632
Epoch 394/2000 | Loss: 0.0004063136
Epoch 395/2000 | Loss: 0.0003798307
Epoch 396/2000 | Loss: 0.0003786207
Epoch 397/2000 | Loss: 0.0003992431
Epoch 398/2000 | Loss: 0.0003857398
Epoch 399/2000 | Loss: 0.0004160180
Epoch 400/2000 | Loss: 0.0004357951
Epoch 401/2000 | Loss: 0.0005538978
Epoch 402/2000 | Loss: 0.0005108725
Epoch 403/2000 | Loss: 0.0004895692
Epoch 404/2000 | Loss: 0.0003774493
Epoch 405/2000 | Loss: 0.0003732131
Saved at epoch 405.
Epoch 406/2000 | Loss: 0.0003469974
Saved at epoch 406.
Epoch 407/2000 | Loss: 0.0003423521
Saved at epoch 407.
Epoch 408/2000 | Loss: 0.0003555262
Epoch 409/2000 | Loss: 0.0003511197
Epoch 410/2000 | Loss: 0.0003676248
Epoch 411/2000 | Loss: 0.0003733282
Epoch 412/2000 | Loss: 0.0003995883
Epoch 413/2000 | Loss: 0.0005187705
Epoch 414/2000 | Loss: 0.0005062347
Epoch 415/2000 | Loss: 0.0005889832
Epoch 416/2000 | Loss: 0.0004670176
Epoch 417/2000 | Loss: 0.0004527744
Epoch 418/2000 | Loss: 0.0005160635
Epoch 419/2000 | Loss: 0.0005706860
Epoch 420/2000 | Loss: 0.0004679235
Epoch 421/2000 | Loss: 0.0004252307
Epoch 422/2000 | Loss: 0.0003908880
Epoch 423/2000 | Loss: 0.0004163511
Epoch 424/2000 | Loss: 0.0004701009
Epoch 425/2000 | Loss: 0.0004371464
Epoch 426/2000 | Loss: 0.0004570053
Epoch 427/2000 | Loss: 0.0003939590
Epoch 428/2000 | Loss: 0.0003311867
Saved at epoch 428.
Epoch 429/2000 | Loss: 0.0003237856
Saved at epoch 429.
Epoch 430/2000 | Loss: 0.0003242412
Epoch 431/2000 | Loss: 0.0003396915
Epoch 432/2000 | Loss: 0.0003567804
Epoch 433/2000 | Loss: 0.0003441221
Epoch 434/2000 | Loss: 0.0003251645
Epoch 435/2000 | Loss: 0.0003776235
Epoch 436/2000 | Loss: 0.0004324890
Epoch 437/2000 | Loss: 0.0004908281
Epoch 438/2000 | Loss: 0.0006999913
Epoch 439/2000 | Loss: 0.0005169624
Epoch 440/2000 | Loss: 0.0005480829
Epoch 441/2000 | Loss: 0.0006107857
Epoch 442/2000 | Loss: 0.0008410649
Epoch 443/2000 | Loss: 0.0007783529
Epoch 444/2000 | Loss: 0.0011889348
Epoch 445/2000 | Loss: 0.0012695187
Epoch 446/2000 | Loss: 0.0006679567
Epoch 447/2000 | Loss: 0.0004650408
Epoch 448/2000 | Loss: 0.0003894106
Epoch 449/2000 | Loss: 0.0003513897
Epoch 450/2000 | Loss: 0.0003620033
Epoch 451/2000 | Loss: 0.0004419221
Epoch 452/2000 | Loss: 0.0007519239
Epoch 453/2000 | Loss: 0.0012557659
Epoch 454/2000 | Loss: 0.0007262746
Epoch 455/2000 | Loss: 0.0005016992
Epoch 456/2000 | Loss: 0.0004200538
Epoch 457/2000 | Loss: 0.0003644696
Epoch 458/2000 | Loss: 0.0003318766
Epoch 459/2000 | Loss: 0.0003159936
Saved at epoch 459.
Epoch 460/2000 | Loss: 0.0003100813
Saved at epoch 460.
Epoch 461/2000 | Loss: 0.0003029989
Saved at epoch 461.
Epoch 462/2000 | Loss: 0.0003009833
Saved at epoch 462.
Epoch 463/2000 | Loss: 0.0003029872
Epoch 464/2000 | Loss: 0.0003029761
Epoch 465/2000 | Loss: 0.0003060840
Epoch 466/2000 | Loss: 0.0003144264
Epoch 467/2000 | Loss: 0.0003141344
Epoch 468/2000 | Loss: 0.0003290142
Epoch 469/2000 | Loss: 0.0003716974
Epoch 470/2000 | Loss: 0.0003773843
Epoch 471/2000 | Loss: 0.0005089048
Epoch 472/2000 | Loss: 0.0005457430
Epoch 473/2000 | Loss: 0.0011794789
Epoch 474/2000 | Loss: 0.0006575666
Epoch 475/2000 | Loss: 0.0007726767
Epoch 476/2000 | Loss: 0.0010131800
Epoch 477/2000 | Loss: 0.0004893507
Epoch 478/2000 | Loss: 0.0004139504
Epoch 479/2000 | Loss: 0.0003684506
Epoch 480/2000 | Loss: 0.0003422752
Epoch 481/2000 | Loss: 0.0003195020
Epoch 482/2000 | Loss: 0.0003152955
Epoch 483/2000 | Loss: 0.0003038020
Epoch 484/2000 | Loss: 0.0002989552
Saved at epoch 484.
Epoch 485/2000 | Loss: 0.0003024424
Epoch 486/2000 | Loss: 0.0002979911
Saved at epoch 486.
Epoch 487/2000 | Loss: 0.0002959462
Saved at epoch 487.
Epoch 488/2000 | Loss: 0.0003006023
Epoch 489/2000 | Loss: 0.0003198677
Epoch 490/2000 | Loss: 0.0003175057
Epoch 491/2000 | Loss: 0.0003289547
Epoch 492/2000 | Loss: 0.0004075728
Epoch 493/2000 | Loss: 0.0004549839
Epoch 494/2000 | Loss: 0.0003916191
Epoch 495/2000 | Loss: 0.0004748312
Epoch 496/2000 | Loss: 0.0004310664
Epoch 497/2000 | Loss: 0.0004661411
Epoch 498/2000 | Loss: 0.0003694818
Epoch 499/2000 | Loss: 0.0004321989
Epoch 500/2000 | Loss: 0.0006975206
Epoch 501/2000 | Loss: 0.0008530553
Epoch 502/2000 | Loss: 0.0023956954
Epoch 503/2000 | Loss: 0.0032408628
Epoch 504/2000 | Loss: 0.0028225582
Epoch 505/2000 | Loss: 0.0024500373
Epoch 506/2000 | Loss: 0.0022860551
Epoch 507/2000 | Loss: 0.0022529992
Epoch 508/2000 | Loss: 0.0025559735
Epoch 509/2000 | Loss: 0.0023108539
Epoch 510/2000 | Loss: 0.0021911846
Epoch 511/2000 | Loss: 0.0021124127
Epoch 512/2000 | Loss: 0.0020635742
Epoch 513/2000 | Loss: 0.0019905757
Epoch 514/2000 | Loss: 0.0021478224
Epoch 515/2000 | Loss: 0.0022880546
Epoch 516/2000 | Loss: 0.0025075321
Epoch 517/2000 | Loss: 0.0018506528
Epoch 518/2000 | Loss: 0.0015237382
Epoch 519/2000 | Loss: 0.0013405193
Epoch 520/2000 | Loss: 0.0012524457
Epoch 521/2000 | Loss: 0.0012292795
Epoch 522/2000 | Loss: 0.0011963804
Epoch 523/2000 | Loss: 0.0011887736
Epoch 524/2000 | Loss: 0.0011643653
Epoch 525/2000 | Loss: 0.0011852557
Epoch 526/2000 | Loss: 0.0012884833
Epoch 527/2000 | Loss: 0.0012637261
Epoch 528/2000 | Loss: 0.0013074262
Epoch 529/2000 | Loss: 0.0019803469
Epoch 530/2000 | Loss: 0.0027590428
Epoch 531/2000 | Loss: 0.0021385167
Epoch 532/2000 | Loss: 0.0010102308
Epoch 533/2000 | Loss: 0.0009639990
Epoch 534/2000 | Loss: 0.0014576231
Epoch 535/2000 | Loss: 0.0006306722
Epoch 536/2000 | Loss: 0.0004738013
Epoch 537/2000 | Loss: 0.0004009887
Early stopping at epoch 537.
34 seconds elapsed.

RMSE
ausio2: 0.4927
