LD=5
Using: cuda
Epoch 1/2000 | Loss: 0.0382875866
Saved at epoch 1.
Epoch 2/2000 | Loss: 0.0242916059
Saved at epoch 2.
Epoch 3/2000 | Loss: 0.0167007782
Saved at epoch 3.
Epoch 4/2000 | Loss: 0.0152279628
Saved at epoch 4.
Epoch 5/2000 | Loss: 0.0139517944
Saved at epoch 5.
Epoch 6/2000 | Loss: 0.0122895421
Saved at epoch 6.
Epoch 7/2000 | Loss: 0.0098848143
Saved at epoch 7.
Epoch 8/2000 | Loss: 0.0084574420
Saved at epoch 8.
Epoch 9/2000 | Loss: 0.0075880166
Saved at epoch 9.
Epoch 10/2000 | Loss: 0.0065854987
Saved at epoch 10.
Epoch 11/2000 | Loss: 0.0057595797
Saved at epoch 11.
Epoch 12/2000 | Loss: 0.0048790839
Saved at epoch 12.
Epoch 13/2000 | Loss: 0.0034456680
Saved at epoch 13.
Epoch 14/2000 | Loss: 0.0114956367
Epoch 15/2000 | Loss: 0.0078664632
Epoch 16/2000 | Loss: 0.0062641591
Epoch 17/2000 | Loss: 0.0052294653
Epoch 18/2000 | Loss: 0.0048501891
Epoch 19/2000 | Loss: 0.0045689965
Epoch 20/2000 | Loss: 0.0041494167
Epoch 21/2000 | Loss: 0.0040221310
Epoch 22/2000 | Loss: 0.0036421569
Epoch 23/2000 | Loss: 0.0028944884
Saved at epoch 23.
Epoch 24/2000 | Loss: 0.0024365976
Saved at epoch 24.
Epoch 25/2000 | Loss: 0.0023971148
Saved at epoch 25.
Epoch 26/2000 | Loss: 0.0028193370
Epoch 27/2000 | Loss: 0.0034935409
Epoch 28/2000 | Loss: 0.0029114156
Epoch 29/2000 | Loss: 0.0020682804
Saved at epoch 29.
Epoch 30/2000 | Loss: 0.0018606107
Saved at epoch 30.
Epoch 31/2000 | Loss: 0.0016406553
Saved at epoch 31.
Epoch 32/2000 | Loss: 0.0018725594
Epoch 33/2000 | Loss: 0.0017798347
Epoch 34/2000 | Loss: 0.0018754742
Epoch 35/2000 | Loss: 0.0023773826
Epoch 36/2000 | Loss: 0.0018987612
Epoch 37/2000 | Loss: 0.0016740099
Epoch 38/2000 | Loss: 0.0015744521
Saved at epoch 38.
Epoch 39/2000 | Loss: 0.0013301469
Saved at epoch 39.
Epoch 40/2000 | Loss: 0.0012726099
Saved at epoch 40.
Epoch 41/2000 | Loss: 0.0013389430
Epoch 42/2000 | Loss: 0.0013269967
Epoch 43/2000 | Loss: 0.0015400527
Epoch 44/2000 | Loss: 0.0013413153
Epoch 45/2000 | Loss: 0.0014047119
Epoch 46/2000 | Loss: 0.0012674400
Saved at epoch 46.
Epoch 47/2000 | Loss: 0.0013092496
Epoch 48/2000 | Loss: 0.0012204539
Saved at epoch 48.
Epoch 49/2000 | Loss: 0.0016120882
Epoch 50/2000 | Loss: 0.0011206839
Saved at epoch 50.
Epoch 51/2000 | Loss: 0.0012129657
Epoch 52/2000 | Loss: 0.0011617465
Epoch 53/2000 | Loss: 0.0011132370
Saved at epoch 53.
Epoch 54/2000 | Loss: 0.0010674391
Saved at epoch 54.
Epoch 55/2000 | Loss: 0.0011473017
Epoch 56/2000 | Loss: 0.0014239187
Epoch 57/2000 | Loss: 0.0021944396
Epoch 58/2000 | Loss: 0.0015082089
Epoch 59/2000 | Loss: 0.0020196555
Epoch 60/2000 | Loss: 0.0013456486
Epoch 61/2000 | Loss: 0.0010649304
Saved at epoch 61.
Epoch 62/2000 | Loss: 0.0011934329
Epoch 63/2000 | Loss: 0.0011421114
Epoch 64/2000 | Loss: 0.0009541007
Saved at epoch 64.
Epoch 65/2000 | Loss: 0.0009880027
Epoch 66/2000 | Loss: 0.0011623063
Epoch 67/2000 | Loss: 0.0009603879
Epoch 68/2000 | Loss: 0.0008645058
Saved at epoch 68.
Epoch 69/2000 | Loss: 0.0008279457
Saved at epoch 69.
Epoch 70/2000 | Loss: 0.0008268284
Saved at epoch 70.
Epoch 71/2000 | Loss: 0.0008301343
Epoch 72/2000 | Loss: 0.0008572368
Epoch 73/2000 | Loss: 0.0008335500
Epoch 74/2000 | Loss: 0.0009987547
Epoch 75/2000 | Loss: 0.0010732312
Epoch 76/2000 | Loss: 0.0010002640
Epoch 77/2000 | Loss: 0.0009719405
Epoch 78/2000 | Loss: 0.0011376262
Epoch 79/2000 | Loss: 0.0012775946
Epoch 80/2000 | Loss: 0.0013234822
Epoch 81/2000 | Loss: 0.0019089686
Epoch 82/2000 | Loss: 0.0009736566
Epoch 83/2000 | Loss: 0.0009900782
Epoch 84/2000 | Loss: 0.0012341912
Epoch 85/2000 | Loss: 0.0012235986
Epoch 86/2000 | Loss: 0.0013402786
Epoch 87/2000 | Loss: 0.0010307178
Epoch 88/2000 | Loss: 0.0008966824
Epoch 89/2000 | Loss: 0.0009373815
Epoch 90/2000 | Loss: 0.0009315620
Epoch 91/2000 | Loss: 0.0009379112
Epoch 92/2000 | Loss: 0.0011717952
Epoch 93/2000 | Loss: 0.0010476072
Epoch 94/2000 | Loss: 0.0007579708
Saved at epoch 94.
Epoch 95/2000 | Loss: 0.0007355980
Saved at epoch 95.
Epoch 96/2000 | Loss: 0.0007505868
Epoch 97/2000 | Loss: 0.0008150821
Epoch 98/2000 | Loss: 0.0008474114
Epoch 99/2000 | Loss: 0.0013105201
Epoch 100/2000 | Loss: 0.0009762747
Epoch 101/2000 | Loss: 0.0008835141
Epoch 102/2000 | Loss: 0.0008632007
Epoch 103/2000 | Loss: 0.0007954031
Epoch 104/2000 | Loss: 0.0008835319
Epoch 105/2000 | Loss: 0.0008977150
Epoch 106/2000 | Loss: 0.0011920802
Epoch 107/2000 | Loss: 0.0008587963
Epoch 108/2000 | Loss: 0.0009838196
Epoch 109/2000 | Loss: 0.0009380081
Epoch 110/2000 | Loss: 0.0008640110
Epoch 111/2000 | Loss: 0.0007524423
Epoch 112/2000 | Loss: 0.0007594697
Epoch 113/2000 | Loss: 0.0008880310
Epoch 114/2000 | Loss: 0.0009616245
Epoch 115/2000 | Loss: 0.0008168158
Epoch 116/2000 | Loss: 0.0009915656
Epoch 117/2000 | Loss: 0.0012077274
Epoch 118/2000 | Loss: 0.0009594601
Epoch 119/2000 | Loss: 0.0010033288
Epoch 120/2000 | Loss: 0.0009477405
Epoch 121/2000 | Loss: 0.0012985812
Epoch 122/2000 | Loss: 0.0009562096
Epoch 123/2000 | Loss: 0.0007642959
Epoch 124/2000 | Loss: 0.0008283010
Epoch 125/2000 | Loss: 0.0010753295
Epoch 126/2000 | Loss: 0.0016462259
Epoch 127/2000 | Loss: 0.0011231635
Epoch 128/2000 | Loss: 0.0010779580
Epoch 129/2000 | Loss: 0.0011365683
Epoch 130/2000 | Loss: 0.0008056739
Epoch 131/2000 | Loss: 0.0006965351
Saved at epoch 131.
Epoch 132/2000 | Loss: 0.0006863415
Saved at epoch 132.
Epoch 133/2000 | Loss: 0.0007242579
Epoch 134/2000 | Loss: 0.0009173271
Epoch 135/2000 | Loss: 0.0008150741
Epoch 136/2000 | Loss: 0.0008022877
Epoch 137/2000 | Loss: 0.0007222908
Epoch 138/2000 | Loss: 0.0006716370
Saved at epoch 138.
Epoch 139/2000 | Loss: 0.0006732429
Epoch 140/2000 | Loss: 0.0006902420
Epoch 141/2000 | Loss: 0.0007615290
Epoch 142/2000 | Loss: 0.0008217265
Epoch 143/2000 | Loss: 0.0008236780
Epoch 144/2000 | Loss: 0.0008030823
Epoch 145/2000 | Loss: 0.0010108735
Epoch 146/2000 | Loss: 0.0013335790
Epoch 147/2000 | Loss: 0.0008669937
Epoch 148/2000 | Loss: 0.0006471146
Saved at epoch 148.
Epoch 149/2000 | Loss: 0.0006425469
Saved at epoch 149.
Epoch 150/2000 | Loss: 0.0006973165
Epoch 151/2000 | Loss: 0.0007986575
Epoch 152/2000 | Loss: 0.0007461180
Epoch 153/2000 | Loss: 0.0007594343
Epoch 154/2000 | Loss: 0.0007879663
Epoch 155/2000 | Loss: 0.0008988137
Epoch 156/2000 | Loss: 0.0008696999
Epoch 157/2000 | Loss: 0.0007054166
Epoch 158/2000 | Loss: 0.0006508153
Epoch 159/2000 | Loss: 0.0005995460
Saved at epoch 159.
Epoch 160/2000 | Loss: 0.0006009710
Epoch 161/2000 | Loss: 0.0006147971
Epoch 162/2000 | Loss: 0.0007003326
Epoch 163/2000 | Loss: 0.0008724198
Epoch 164/2000 | Loss: 0.0007151158
Epoch 165/2000 | Loss: 0.0009249907
Epoch 166/2000 | Loss: 0.0008631949
Epoch 167/2000 | Loss: 0.0016591992
Epoch 168/2000 | Loss: 0.0011169118
Epoch 169/2000 | Loss: 0.0010253056
Epoch 170/2000 | Loss: 0.0009372346
Epoch 171/2000 | Loss: 0.0006984593
Epoch 172/2000 | Loss: 0.0006668802
Epoch 173/2000 | Loss: 0.0005939514
Saved at epoch 173.
Epoch 174/2000 | Loss: 0.0005752889
Saved at epoch 174.
Epoch 175/2000 | Loss: 0.0005966985
Epoch 176/2000 | Loss: 0.0006015761
Epoch 177/2000 | Loss: 0.0005651631
Saved at epoch 177.
Epoch 178/2000 | Loss: 0.0005451894
Saved at epoch 178.
Epoch 179/2000 | Loss: 0.0005534329
Epoch 180/2000 | Loss: 0.0005598602
Epoch 181/2000 | Loss: 0.0005409154
Saved at epoch 181.
Epoch 182/2000 | Loss: 0.0005370832
Saved at epoch 182.
Epoch 183/2000 | Loss: 0.0005424876
Epoch 184/2000 | Loss: 0.0005552178
Epoch 185/2000 | Loss: 0.0005454723
Epoch 186/2000 | Loss: 0.0005288660
Saved at epoch 186.
Epoch 187/2000 | Loss: 0.0005261688
Saved at epoch 187.
Epoch 188/2000 | Loss: 0.0005738417
Epoch 189/2000 | Loss: 0.0005782373
Epoch 190/2000 | Loss: 0.0005794158
Epoch 191/2000 | Loss: 0.0005587359
Epoch 192/2000 | Loss: 0.0006491177
Epoch 193/2000 | Loss: 0.0010970499
Epoch 194/2000 | Loss: 0.0012603546
Epoch 195/2000 | Loss: 0.0008913421
Epoch 196/2000 | Loss: 0.0015699231
Epoch 197/2000 | Loss: 0.0009805184
Epoch 198/2000 | Loss: 0.0008025888
Epoch 199/2000 | Loss: 0.0008220774
Epoch 200/2000 | Loss: 0.0007250093
Epoch 201/2000 | Loss: 0.0006173703
Epoch 202/2000 | Loss: 0.0006085423
Epoch 203/2000 | Loss: 0.0005726262
Epoch 204/2000 | Loss: 0.0005392587
Epoch 205/2000 | Loss: 0.0005711039
Epoch 206/2000 | Loss: 0.0006426039
Epoch 207/2000 | Loss: 0.0007531158
Epoch 208/2000 | Loss: 0.0008094731
Epoch 209/2000 | Loss: 0.0007897568
Epoch 210/2000 | Loss: 0.0005890785
Epoch 211/2000 | Loss: 0.0005708434
Epoch 212/2000 | Loss: 0.0005627668
Epoch 213/2000 | Loss: 0.0005886403
Epoch 214/2000 | Loss: 0.0005714666
Epoch 215/2000 | Loss: 0.0007261842
Epoch 216/2000 | Loss: 0.0010170823
Epoch 217/2000 | Loss: 0.0009239207
Epoch 218/2000 | Loss: 0.0006853583
Epoch 219/2000 | Loss: 0.0005984981
Epoch 220/2000 | Loss: 0.0005614253
Epoch 221/2000 | Loss: 0.0005807474
Epoch 222/2000 | Loss: 0.0007040689
Epoch 223/2000 | Loss: 0.0008091094
Epoch 224/2000 | Loss: 0.0009950003
Epoch 225/2000 | Loss: 0.0020523854
Epoch 226/2000 | Loss: 0.0010188096
Epoch 227/2000 | Loss: 0.0006991651
Epoch 228/2000 | Loss: 0.0006709054
Epoch 229/2000 | Loss: 0.0005718249
Epoch 230/2000 | Loss: 0.0005332624
Epoch 231/2000 | Loss: 0.0005432113
Epoch 232/2000 | Loss: 0.0006008401
Epoch 233/2000 | Loss: 0.0006257325
Epoch 234/2000 | Loss: 0.0005921996
Epoch 235/2000 | Loss: 0.0005419981
Epoch 236/2000 | Loss: 0.0005995102
Epoch 237/2000 | Loss: 0.0006860013
Early stopping at epoch 237.
14 seconds elapsed.

RMSE
ausio2: 0.6494
